

================================================================
== Vivado HLS Report for 'dense_row'
================================================================
* Date:           Sat Sep  5 23:16:47 2026

* Version:        2019.2 (Build 2704478 on Wed Nov 06 22:10:23 MST 2019)
* Project:        design
* Solution:       solution1
* Product family: zynq
* Target device:  xc7z020-clg400-1


================================================================
== Performance Estimates
================================================================
+ Timing: 
    * Summary: 
    +--------+----------+----------+------------+
    |  Clock |  Target  | Estimated| Uncertainty|
    +--------+----------+----------+------------+
    |ap_clk  | 10.00 ns | 7.981 ns |   1.25 ns  |
    +--------+----------+----------+------------+

+ Latency: 
    * Summary: 
    +---------+---------+----------+-----------+-----+------+---------+
    |  Latency (cycles) |  Latency (absolute)  |  Interval  | Pipeline|
    |   min   |   max   |    min   |    max    | min |  max |   Type  |
    +---------+---------+----------+-----------+-----+------+---------+
    |      338|     1026| 3.380 us | 10.260 us |  338|  1026|   none  |
    +---------+---------+----------+-----------+-----+------+---------+

    + Detail: 
        * Instance: 
        N/A

        * Loop: 
        +-----------+---------+---------+----------+-----------+-----------+----------+----------+
        |           |  Latency (cycles) | Iteration|  Initiation Interval  |   Trip   |          |
        | Loop Name |   min   |   max   |  Latency |  achieved |   target  |   Count  | Pipelined|
        +-----------+---------+---------+----------+-----------+-----------+----------+----------+
        |- DENSE_I  |      336|     1024|         4|          -|          -| 84 ~ 256 |    no    |
        +-----------+---------+---------+----------+-----------+-----------+----------+----------+



================================================================
== Utilization Estimates
================================================================
* Summary: 
+-----------------+---------+-------+--------+-------+-----+
|       Name      | BRAM_18K| DSP48E|   FF   |  LUT  | URAM|
+-----------------+---------+-------+--------+-------+-----+
|DSP              |        -|      1|       -|      -|    -|
|Expression       |        -|      -|       0|    384|    -|
|FIFO             |        -|      -|       -|      -|    -|
|Instance         |        -|      -|       -|      -|    -|
|Memory           |        -|      -|       -|      -|    -|
|Multiplexer      |        -|      -|       -|     56|    -|
|Register         |        -|      -|     144|      -|    -|
+-----------------+---------+-------+--------+-------+-----+
|Total            |        0|      1|     144|    440|    0|
+-----------------+---------+-------+--------+-------+-----+
|Available        |      280|    220|  106400|  53200|    0|
+-----------------+---------+-------+--------+-------+-----+
|Utilization (%)  |        0|   ~0  |   ~0   |   ~0  |    0|
+-----------------+---------+-------+--------+-------+-----+

+ Detail: 
    * Instance: 
    N/A

    * DSP48E: 
    +-------------------------+----------------------+-----------+
    |         Instance        |        Module        | Expression|
    +-------------------------+----------------------+-----------+
    |lenet_accel_mul_mbkb_U1  |lenet_accel_mul_mbkb  |  i0 * i1  |
    +-------------------------+----------------------+-----------+

    * Memory: 
    N/A

    * FIFO: 
    N/A

    * Expression: 
    +----------------------------+----------+-------+---+----+------------+------------+
    |        Variable Name       | Operation| DSP48E| FF| LUT| Bitwidth P0| Bitwidth P1|
    +----------------------------+----------+-------+---+----+------------+------------+
    |i_fu_186_p2                 |     +    |      0|  0|  15|           9|           1|
    |ret_V_fu_337_p2             |     +    |      0|  0|  58|          51|          51|
    |value_V_1_fu_228_p2         |     +    |      0|  0|  23|          16|          16|
    |and_ln779_fu_476_p2         |    and   |      0|  0|   2|           1|           1|
    |and_ln781_fu_487_p2         |    and   |      0|  0|   2|           1|           1|
    |and_ln786_8_fu_514_p2       |    and   |      0|  0|   2|           1|           1|
    |and_ln786_fu_395_p2         |    and   |      0|  0|   2|           1|           1|
    |carry_4_fu_248_p2           |    and   |      0|  0|   2|           1|           1|
    |overflow_4_fu_508_p2        |    and   |      0|  0|   2|           1|           1|
    |overflow_fu_389_p2          |    and   |      0|  0|   2|           1|           1|
    |underflow_4_fu_531_p2       |    and   |      0|  0|   2|           1|           1|
    |underflow_fu_407_p2         |    and   |      0|  0|   2|           1|           1|
    |Range1_all_ones_fu_288_p2   |   icmp   |      0|  0|  11|           8|           2|
    |Range1_all_zeros_fu_294_p2  |   icmp   |      0|  0|  11|           8|           1|
    |Range2_all_ones_fu_272_p2   |   icmp   |      0|  0|  11|           7|           2|
    |icmp_ln1494_fu_581_p2       |   icmp   |      0|  0|  13|          16|           1|
    |icmp_ln21_fu_181_p2         |   icmp   |      0|  0|  13|           9|           9|
    |or_ln340_10_fu_537_p2       |    or    |      0|  0|   2|           1|           1|
    |or_ln340_11_fu_549_p2       |    or    |      0|  0|   2|           1|           1|
    |or_ln340_12_fu_543_p2       |    or    |      0|  0|   2|           1|           1|
    |or_ln340_8_fu_419_p2        |    or    |      0|  0|   2|           1|           1|
    |or_ln340_fu_413_p2          |    or    |      0|  0|   2|           1|           1|
    |or_ln785_4_fu_497_p2        |    or    |      0|  0|   2|           1|           1|
    |or_ln785_fu_377_p2          |    or    |      0|  0|   2|           1|           1|
    |or_ln786_fu_519_p2          |    or    |      0|  0|   2|           1|           1|
    |ap_return                   |  select  |      0|  0|  16|           1|          16|
    |deleted_ones_fu_481_p3      |  select  |      0|  0|   2|           1|           1|
    |deleted_zeros_fu_457_p3     |  select  |      0|  0|   2|           1|           1|
    |select_ln340_2_fu_555_p3    |  select  |      0|  0|  16|           1|          15|
    |select_ln340_8_fu_441_p3    |  select  |      0|  0|  32|           1|          32|
    |select_ln340_9_fu_569_p3    |  select  |      0|  0|  16|           1|          16|
    |select_ln340_fu_425_p3      |  select  |      0|  0|  32|           1|          31|
    |select_ln388_2_fu_562_p3    |  select  |      0|  0|  17|           1|          17|
    |select_ln388_fu_433_p3      |  select  |      0|  0|  33|           1|          33|
    |select_ln6_fu_587_p3        |  select  |      0|  0|  15|           1|          15|
    |xor_ln416_fu_242_p2         |    xor   |      0|  0|   2|           1|           2|
    |xor_ln779_fu_470_p2         |    xor   |      0|  0|   2|           1|           2|
    |xor_ln785_6_fu_491_p2       |    xor   |      0|  0|   2|           1|           2|
    |xor_ln785_7_fu_502_p2       |    xor   |      0|  0|   2|           1|           2|
    |xor_ln785_fu_383_p2         |    xor   |      0|  0|   2|           1|           2|
    |xor_ln786_4_fu_525_p2       |    xor   |      0|  0|   2|           1|           2|
    |xor_ln786_fu_401_p2         |    xor   |      0|  0|   2|           2|           1|
    +----------------------------+----------+-------+---+----+------------+------------+
    |Total                       |          |      0|  0| 384|         159|         290|
    +----------------------------+----------+-------+---+----+------------+------------+

    * Multiplexer: 
    +-------------------+----+-----------+-----+-----------+
    |        Name       | LUT| Input Size| Bits| Total Bits|
    +-------------------+----+-----------+-----+-----------+
    |ap_NS_fsm          |  38|          7|    1|          7|
    |i_0_reg_158        |   9|          2|    9|         18|
    |p_Val2_19_reg_148  |   9|          2|   32|         64|
    +-------------------+----+-----------+-----+-----------+
    |Total              |  56|         11|   42|         89|
    +-------------------+----+-----------+-----+-----------+

    * Register: 
    +--------------------------+----+----+-----+-----------+
    |           Name           | FF | LUT| Bits| Const Bits|
    +--------------------------+----+----+-----+-----------+
    |Range1_all_ones_reg_669   |   1|   0|    1|          0|
    |Range1_all_zeros_reg_676  |   1|   0|    1|          0|
    |Range2_all_ones_reg_664   |   1|   0|    1|          0|
    |ap_CS_fsm                 |   6|   0|    6|          0|
    |carry_4_reg_651           |   1|   0|    1|          0|
    |i_0_reg_158               |   9|   0|    9|          0|
    |i_reg_630                 |   9|   0|    9|          0|
    |p_Result_16_reg_658       |   1|   0|    1|          0|
    |p_Val2_19_reg_148         |  32|   0|   32|          0|
    |p_Val2_22_reg_686         |   8|   0|    8|          0|
    |p_Val2_s_reg_681          |  16|   0|   16|          0|
    |r_V_reg_691               |  43|   0|   43|          0|
    |value_V_1_reg_645         |  16|   0|   16|          0|
    +--------------------------+----+----+-----+-----------+
    |Total                     | 144|   0|  144|          0|
    +--------------------------+----+----+-----+-----------+



================================================================
== Interface
================================================================
* Summary: 
+--------------------+-----+-----+------------+--------------+--------------+
|      RTL Ports     | Dir | Bits|  Protocol  | Source Object|    C Type    |
+--------------------+-----+-----+------------+--------------+--------------+
|ap_clk              |  in |    1| ap_ctrl_hs |   dense_row  | return value |
|ap_rst              |  in |    1| ap_ctrl_hs |   dense_row  | return value |
|ap_start            |  in |    1| ap_ctrl_hs |   dense_row  | return value |
|ap_done             | out |    1| ap_ctrl_hs |   dense_row  | return value |
|ap_idle             | out |    1| ap_ctrl_hs |   dense_row  | return value |
|ap_ready            | out |    1| ap_ctrl_hs |   dense_row  | return value |
|ap_return           | out |   16| ap_ctrl_hs |   dense_row  | return value |
|input_V_address0    | out |    8|  ap_memory |    input_V   |     array    |
|input_V_ce0         | out |    1|  ap_memory |    input_V   |     array    |
|input_V_q0          |  in |   16|  ap_memory |    input_V   |     array    |
|weights_V_address0  | out |    8|  ap_memory |   weights_V  |     array    |
|weights_V_ce0       | out |    1|  ap_memory |   weights_V  |     array    |
|weights_V_q0        |  in |    8|  ap_memory |   weights_V  |     array    |
|bias_V              |  in |   16|   ap_none  |    bias_V    |    scalar    |
|inputs              |  in |    9|   ap_none  |    inputs    |    scalar    |
|activate            |  in |    1|   ap_none  |   activate   |    scalar    |
+--------------------+-----+-----+------------+--------------+--------------+

