

================================================================
== Vivado HLS Report for 'lenet_accel'
================================================================
* Date:           Sat Sep  5 23:16:49 2026

* Version:        2019.2 (Build 2704478 on Wed Nov 06 22:10:23 MST 2019)
* Project:        design
* Solution:       solution1
* Product family: zynq
* Target device:  xc7z020-clg400-1


================================================================
== Performance Estimates
================================================================
+ Timing: 
    * Summary: 
    +--------+----------+----------+------------+
    |  Clock |  Target  | Estimated| Uncertainty|
    +--------+----------+----------+------------+
    |ap_clk  | 10.00 ns | 8.750 ns |   1.25 ns  |
    +--------+----------+----------+------------+

+ Latency: 
    * Summary: 
    +---------+---------+-----------+-----------+---------+---------+---------+
    |  Latency (cycles) |   Latency (absolute)  |      Interval     | Pipeline|
    |   min   |   max   |    min    |    max    |   min   |   max   |   Type  |
    +---------+---------+-----------+-----------+---------+---------+---------+
    |  1414836|  2767866| 14.148 ms | 27.679 ms |  1414836|  2767866|   none  |
    +---------+---------+-----------+-----------+---------+---------+---------+

    + Detail: 
        * Instance: 
        +-----------------------+-----------+---------+---------+----------+-----------+-----+------+---------+
        |                       |           |  Latency (cycles) |  Latency (absolute)  |  Interval  | Pipeline|
        |        Instance       |   Module  |   min   |   max   |    min   |    max    | min |  max |   Type  |
        +-----------------------+-----------+---------+---------+----------+-----------+-----+------+---------+
        |grp_dense_row_fu_1217  |dense_row  |      338|     1026| 3.380 us | 10.260 us |  338|  1026|   none  |
        +-----------------------+-----------+---------+---------+----------+-----------+-----+------+---------+

        * Loop: 
        +---------------------+---------+---------+----------------+-----------+-----------+----------+----------+
        |                     |  Latency (cycles) |    Iteration   |  Initiation Interval  |   Trip   |          |
        |      Loop Name      |   min   |   max   |     Latency    |  achieved |   target  |   Count  | Pipelined|
        +---------------------+---------+---------+----------------+-----------+-----------+----------+----------+
        |- CONV1_OC           |   453036|   453036|           75506|          -|          -|         6|    no    |
        | + CONV1_Y           |    75504|    75504|            3146|          -|          -|        24|    no    |
        |  ++ CONV1_X         |     3144|     3144|             131|          -|          -|        24|    no    |
        |   +++ CONV1_KY      |      120|      120|              24|          -|          -|         5|    no    |
        |    ++++ CONV1_KX    |       15|       15|               3|          -|          -|         5|    no    |
        |- POOL1_OC           |     6204|     6204|            1034|          -|          -|         6|    no    |
        | + POOL1_Y           |     1032|     1032|              86|          -|          -|        12|    no    |
        |  ++ POOL1_X         |       84|       84|               7|          -|          -|        12|    no    |
        |- CONV2_OC           |   914720|   914720|           57170|          -|          -|        16|    no    |
        | + CONV2_Y           |    57168|    57168|            7146|          -|          -|         8|    no    |
        |  ++ CONV2_X         |     7144|     7144|             893|          -|          -|         8|    no    |
        |   +++ CONV2_IC      |      882|      882|             147|          -|          -|         6|    no    |
        |    ++++ CONV2_KY    |      145|      145|              29|          -|          -|         5|    no    |
        |     +++++ CONV2_KX  |       20|       20|               4|          -|          -|         5|    no    |
        |- POOL2_OC           |     1952|     1952|             122|          -|          -|        16|    no    |
        | + POOL2_Y           |      120|      120|              30|          -|          -|         4|    no    |
        |  ++ POOL2_X         |       28|       28|               7|          -|          -|         4|    no    |
        |- Loop 5             |      512|      512|               2|          -|          -|       256|    no    |
        |- FC_STAGE           |    38379|  1391409| 12793 ~ 463803 |          -|          -|         3|    no    |
        | + FC_ROW            |    12760|   462720|   1276 ~ 3856  |          -|          -| 10 ~ 120 |    no    |
        |  ++ LOAD_ROW        |      924|     2816|              11|          -|          -| 84 ~ 256 |    no    |
        | + COPY_OUT          |       30|     1080|      3 ~ 9     |          -|          -| 10 ~ 120 |    no    |
        |- ARGMAX             |       18|       18|               2|          -|          -|         9|    no    |
        +---------------------+---------+---------+----------------+-----------+-----------+----------+----------+



================================================================
== Utilization Estimates
================================================================
* Summary: 
+-----------------+---------+-------+--------+-------+-----+
|       Name      | BRAM_18K| DSP48E|   FF   |  LUT  | URAM|
+-----------------+---------+-------+--------+-------+-----+
|DSP              |        -|      2|       -|      -|    -|
|Expression       |        -|      0|       0|   2881|    -|
|FIFO             |        -|      -|       -|      -|    -|
|Instance         |        4|      1|    1720|   2610|    -|
|Memory           |       10|      -|       0|      0|    0|
|Multiplexer      |        -|      -|       -|   1375|    -|
|Register         |        -|      -|    2346|      -|    -|
+-----------------+---------+-------+--------+-------+-----+
|Total            |       14|      3|    4066|   6866|    0|
+-----------------+---------+-------+--------+-------+-----+
|Available        |      280|    220|  106400|  53200|    0|
+-----------------+---------+-------+--------+-------+-----+
|Utilization (%)  |        5|      1|       3|     12|    0|
+-----------------+---------+-------+--------+-------+-----+

+ Detail: 
    * Instance: 
    +-----------------------------+---------------------------+---------+-------+-----+-----+-----+
    |           Instance          |           Module          | BRAM_18K| DSP48E|  FF | LUT | URAM|
    +-----------------------------+---------------------------+---------+-------+-----+-----+-----+
    |grp_dense_row_fu_1217        |dense_row                  |        0|      1|  144|  440|    0|
    |lenet_accel_control_s_axi_U  |lenet_accel_control_s_axi  |        0|      0|  502|  816|    0|
    |lenet_accel_gmem0_m_axi_U    |lenet_accel_gmem0_m_axi    |        2|      0|  537|  677|    0|
    |lenet_accel_gmem1_m_axi_U    |lenet_accel_gmem1_m_axi    |        2|      0|  537|  677|    0|
    +-----------------------------+---------------------------+---------+-------+-----+-----+-----+
    |Total                        |                           |        4|      1| 1720| 2610|    0|
    +-----------------------------+---------------------------+---------+-------+-----+-----+-----+

    * DSP48E: 
    +-------------------------+----------------------+-----------+
    |         Instance        |        Module        | Expression|
    +-------------------------+----------------------+-----------+
    |lenet_accel_mul_mbkb_U8  |lenet_accel_mul_mbkb  |  i0 * i1  |
    |lenet_accel_mul_mfYi_U9  |lenet_accel_mul_mfYi  |  i0 * i1  |
    +-------------------------+----------------------+-----------+

    * Memory: 
    +------------------+----------------------+---------+---+----+-----+------+-----+------+-------------+
    |      Memory      |        Module        | BRAM_18K| FF| LUT| URAM| Words| Bits| Banks| W*Bits*Banks|
    +------------------+----------------------+---------+---+----+-----+------+-----+------+-------------+
    |conv1_V_U         |lenet_accel_conv1_V   |        4|  0|   0|    0|  3456|   15|     1|        51840|
    |conv2_V_U         |lenet_accel_conv2_V   |        1|  0|   0|    0|  1024|   15|     1|        15360|
    |dense_input_V_U   |lenet_accel_densecud  |        1|  0|   0|    0|   256|   16|     1|         4096|
    |dense_output_V_U  |lenet_accel_denseeOg  |        1|  0|   0|    0|   120|   16|     1|         1920|
    |pool1_V_U         |lenet_accel_pool1_V   |        1|  0|   0|    0|   864|   15|     1|        12960|
    |pool2_V_U         |lenet_accel_pool2_V   |        1|  0|   0|    0|   256|   15|     1|         3840|
    |row_weights_V_U   |lenet_accel_row_wdEe  |        1|  0|   0|    0|   256|    8|     1|         2048|
    +------------------+----------------------+---------+---+----+-----+------+-----+------+-------------+
    |Total             |                      |       10|  0|   0|    0|  6232|  100|     7|        92064|
    +------------------+----------------------+---------+---+----+-----+------+-----+------+-------------+

    * FIFO: 
    N/A

    * Expression: 
    +-------------------------------+----------+-------+---+----+------------+------------+
    |         Variable Name         | Operation| DSP48E| FF| LUT| Bitwidth P0| Bitwidth P1|
    +-------------------------------+----------+-------+---+----+------------+------------+
    |mul_ln170_fu_3553_p2           |     *    |      0|  0|  51|           7|           9|
    |add_ln104_1_fu_2275_p2         |     +    |      0|  0|  14|          10|          10|
    |add_ln104_2_fu_2347_p2         |     +    |      0|  0|  17|          13|          13|
    |add_ln104_3_fu_2357_p2         |     +    |      0|  0|  17|          13|          13|
    |add_ln104_4_fu_2372_p2         |     +    |      0|  0|  17|          13|          13|
    |add_ln104_5_fu_2382_p2         |     +    |      0|  0|  17|          13|          13|
    |add_ln104_6_fu_2411_p2         |     +    |      0|  0|  71|          64|          64|
    |add_ln104_7_fu_2426_p2         |     +    |      0|  0|  71|          64|          64|
    |add_ln104_fu_2226_p2           |     +    |      0|  0|  14|          10|          10|
    |add_ln1265_1_fu_2469_p2        |     +    |      0|  0|  39|          32|          32|
    |add_ln1265_2_fu_1629_p2        |     +    |      0|  0|  40|          33|          33|
    |add_ln1265_3_fu_1644_p2        |     +    |      0|  0|  40|          33|          33|
    |add_ln1265_4_fu_2897_p2        |     +    |      0|  0|  15|           9|           9|
    |add_ln1265_5_fu_2946_p2        |     +    |      0|  0|  41|          34|          34|
    |add_ln1265_6_fu_2987_p2        |     +    |      0|  0|  13|          11|          11|
    |add_ln1265_fu_1423_p2          |     +    |      0|  0|  39|          32|          32|
    |add_ln129_1_fu_2880_p2         |     +    |      0|  0|  13|          11|          11|
    |add_ln129_2_fu_2871_p2         |     +    |      0|  0|  15|           9|           9|
    |add_ln129_3_fu_2932_p2         |     +    |      0|  0|  17|          13|          13|
    |add_ln129_fu_2584_p2           |     +    |      0|  0|  15|           8|           8|
    |add_ln1494_fu_3725_p2          |     +    |      0|  0|  39|          32|           1|
    |add_ln171_1_fu_3607_p2         |     +    |      0|  0|  40|          33|          33|
    |add_ln171_2_fu_3592_p2         |     +    |      0|  0|  40|          33|          33|
    |add_ln171_fu_3622_p2           |     +    |      0|  0|  40|          33|          33|
    |add_ln173_1_fu_3660_p2         |     +    |      0|  0|  39|          32|          32|
    |add_ln173_2_fu_3645_p2         |     +    |      0|  0|  39|          32|          32|
    |add_ln173_fu_3675_p2           |     +    |      0|  0|  39|          32|          32|
    |add_ln203_1_fu_2183_p2         |     +    |      0|  0|  15|           9|           9|
    |add_ln203_2_fu_2532_p2         |     +    |      0|  0|  15|           9|           9|
    |add_ln203_3_fu_2330_p2         |     +    |      0|  0|  13|          11|          11|
    |add_ln203_4_fu_1663_p2         |     +    |      0|  0|  17|          13|          13|
    |add_ln203_5_fu_3248_p2         |     +    |      0|  0|  15|           8|           8|
    |add_ln203_6_fu_3293_p2         |     +    |      0|  0|  14|          10|          10|
    |add_ln203_7_fu_3150_p2         |     +    |      0|  0|  12|          12|          12|
    |add_ln203_8_fu_3710_p2         |     +    |      0|  0|  39|          32|          32|
    |add_ln203_fu_1462_p2           |     +    |      0|  0|  14|          10|          10|
    |add_ln88_1_fu_1602_p2          |     +    |      0|  0|  11|          11|          11|
    |add_ln88_fu_1540_p2            |     +    |      0|  0|  15|           5|           5|
    |add_ln89_1_fu_1576_p2          |     +    |      0|  0|  13|           4|           4|
    |add_ln89_2_fu_1619_p2          |     +    |      0|  0|  15|           8|           8|
    |add_ln89_fu_1585_p2            |     +    |      0|  0|  15|           5|           5|
    |i_1_fu_3766_p2                 |     +    |      0|  0|  13|           4|           1|
    |i_2_fu_3573_p2                 |     +    |      0|  0|  15|           9|           1|
    |i_fu_3441_p2                   |     +    |      0|  0|  15|           9|           1|
    |ic_fu_2578_p2                  |     +    |      0|  0|  12|           3|           1|
    |in_idx_x_fu_2977_p2            |     +    |      0|  0|  13|           4|           4|
    |in_idx_y_fu_2865_p2            |     +    |      0|  0|  13|           4|           4|
    |kx_1_fu_2971_p2                |     +    |      0|  0|  12|           3|           1|
    |kx_fu_1880_p2                  |     +    |      0|  0|  12|           3|           1|
    |ky_1_fu_2859_p2                |     +    |      0|  0|  12|           3|           1|
    |ky_fu_1534_p2                  |     +    |      0|  0|  12|           3|           1|
    |o_1_fu_3547_p2                 |     +    |      0|  0|  15|           7|           1|
    |o_fu_3695_p2                   |     +    |      0|  0|  15|           7|           1|
    |oc_1_fu_2093_p2                |     +    |      0|  0|  12|           3|           1|
    |oc_2_fu_2447_p2                |     +    |      0|  0|  15|           5|           1|
    |oc_3_fu_3214_p2                |     +    |      0|  0|  15|           5|           1|
    |oc_fu_1379_p2                  |     +    |      0|  0|  12|           3|           1|
    |offset_fu_3579_p2              |     +    |      0|  0|  21|          15|          15|
    |p_Val2_13_fu_2677_p2           |     +    |      0|  0|  23|          16|          16|
    |p_Val2_3_fu_1706_p2            |     +    |      0|  0|  23|          16|          16|
    |ret_V_1_fu_3034_p2             |     +    |      0|  0|  58|          51|          51|
    |ret_V_fu_1923_p2               |     +    |      0|  0|  58|          51|          51|
    |stage_fu_3472_p2               |     +    |      0|  0|  10|           2|           1|
    |x_1_fu_1499_p2                 |     +    |      0|  0|  15|           5|           1|
    |x_2_fu_3283_p2                 |     +    |      0|  0|  12|           3|           1|
    |x_3_fu_2551_p2                 |     +    |      0|  0|  13|           4|           1|
    |x_fu_2320_p2                   |     +    |      0|  0|  13|           4|           1|
    |y_1_fu_2173_p2                 |     +    |      0|  0|  13|           4|           1|
    |y_2_fu_2522_p2                 |     +    |      0|  0|  13|           4|           1|
    |y_3_fu_3238_p2                 |     +    |      0|  0|  12|           3|           1|
    |y_fu_1452_p2                   |     +    |      0|  0|  15|           5|           1|
    |sub_ln104_1_fu_2255_p2         |     -    |      0|  0|  71|          64|          64|
    |sub_ln104_2_fu_2304_p2         |     -    |      0|  0|  71|          64|          64|
    |sub_ln104_fu_2123_p2           |     -    |      0|  0|  15|           9|           9|
    |sub_ln1265_1_fu_2922_p2        |     -    |      0|  0|  13|          11|          11|
    |sub_ln1265_fu_2629_p2          |     -    |      0|  0|  15|           8|           8|
    |sub_ln129_fu_2510_p2           |     -    |      0|  0|  15|           8|           8|
    |sub_ln203_1_fu_2157_p2         |     -    |      0|  0|  15|           8|           8|
    |sub_ln203_2_fu_1487_p2         |     -    |      0|  0|  17|          13|          13|
    |sub_ln203_3_fu_2208_p2         |     -    |      0|  0|  13|          11|          11|
    |sub_ln203_fu_1413_p2           |     -    |      0|  0|  15|           9|           9|
    |sub_ln88_fu_1570_p2            |     -    |      0|  0|  11|          11|          11|
    |and_ln779_1_fu_2771_p2         |    and   |      0|  0|   2|           1|           1|
    |and_ln779_fu_1800_p2           |    and   |      0|  0|   2|           1|           1|
    |and_ln781_1_fu_2785_p2         |    and   |      0|  0|   2|           1|           1|
    |and_ln781_fu_1814_p2           |    and   |      0|  0|   2|           1|           1|
    |and_ln786_2_fu_1981_p2         |    and   |      0|  0|   2|           1|           1|
    |and_ln786_4_fu_2815_p2         |    and   |      0|  0|   2|           1|           1|
    |and_ln786_6_fu_3092_p2         |    and   |      0|  0|   2|           1|           1|
    |and_ln786_fu_1844_p2           |    and   |      0|  0|   2|           1|           1|
    |ap_block_state139              |    and   |      0|  0|   2|           1|           1|
    |ap_block_state148              |    and   |      0|  0|   2|           1|           1|
    |ap_block_state36_io            |    and   |      0|  0|   2|           1|           1|
    |ap_block_state4_io             |    and   |      0|  0|   2|           1|           1|
    |ap_block_state70_io            |    and   |      0|  0|   2|           1|           1|
    |carry_1_fu_1726_p2             |    and   |      0|  0|   2|           1|           1|
    |carry_3_fu_2697_p2             |    and   |      0|  0|   2|           1|           1|
    |overflow_1_fu_1838_p2          |    and   |      0|  0|   2|           1|           1|
    |overflow_2_fu_2809_p2          |    and   |      0|  0|   2|           1|           1|
    |overflow_3_fu_3086_p2          |    and   |      0|  0|   2|           1|           1|
    |overflow_fu_1975_p2            |    and   |      0|  0|   2|           1|           1|
    |underflow_1_fu_1862_p2         |    and   |      0|  0|   2|           1|           1|
    |underflow_2_fu_2833_p2         |    and   |      0|  0|   2|           1|           1|
    |underflow_3_fu_3104_p2         |    and   |      0|  0|   2|           1|           1|
    |underflow_fu_1993_p2           |    and   |      0|  0|   2|           1|           1|
    |Range1_all_ones_2_fu_2737_p2   |   icmp   |      0|  0|  11|           8|           2|
    |Range1_all_ones_fu_1766_p2     |   icmp   |      0|  0|  11|           8|           2|
    |Range1_all_zeros_1_fu_2743_p2  |   icmp   |      0|  0|  11|           8|           1|
    |Range1_all_zeros_fu_1772_p2    |   icmp   |      0|  0|  11|           8|           1|
    |Range2_all_ones_1_fu_2721_p2   |   icmp   |      0|  0|  11|           7|           2|
    |Range2_all_ones_fu_1750_p2     |   icmp   |      0|  0|  11|           7|           2|
    |grp_fu_1229_p2                 |   icmp   |      0|  0|  13|          15|          15|
    |grp_fu_1235_p2                 |   icmp   |      0|  0|  13|          15|          15|
    |icmp_ln101_fu_2167_p2          |   icmp   |      0|  0|   9|           4|           4|
    |icmp_ln103_fu_2314_p2          |   icmp   |      0|  0|   9|           4|           4|
    |icmp_ln114_fu_2441_p2          |   icmp   |      0|  0|  11|           5|           6|
    |icmp_ln116_fu_2516_p2          |   icmp   |      0|  0|  11|           4|           5|
    |icmp_ln118_fu_2545_p2          |   icmp   |      0|  0|  11|           4|           5|
    |icmp_ln121_fu_2572_p2          |   icmp   |      0|  0|   9|           3|           3|
    |icmp_ln123_fu_2853_p2          |   icmp   |      0|  0|   9|           3|           3|
    |icmp_ln125_fu_2965_p2          |   icmp   |      0|  0|   9|           3|           3|
    |icmp_ln141_fu_3208_p2          |   icmp   |      0|  0|  11|           5|           6|
    |icmp_ln143_fu_3232_p2          |   icmp   |      0|  0|   9|           3|           4|
    |icmp_ln145_fu_3277_p2          |   icmp   |      0|  0|   9|           3|           4|
    |icmp_ln1494_1_fu_2395_p2       |   icmp   |      0|  0|  13|          15|          15|
    |icmp_ln1494_4_fu_3376_p2       |   icmp   |      0|  0|  13|          15|          15|
    |icmp_ln1494_7_fu_2072_p2       |   icmp   |      0|  0|  13|          16|           1|
    |icmp_ln1494_8_fu_3193_p2       |   icmp   |      0|  0|  13|          16|           1|
    |icmp_ln1494_fu_3746_p2         |   icmp   |      0|  0|  13|          16|          16|
    |icmp_ln158_fu_3435_p2          |   icmp   |      0|  0|  13|           9|          10|
    |icmp_ln161_fu_3466_p2          |   icmp   |      0|  0|   8|           2|           2|
    |icmp_ln162_1_fu_3484_p2        |   icmp   |      0|  0|   8|           2|           1|
    |icmp_ln162_fu_3478_p2          |   icmp   |      0|  0|   8|           2|           1|
    |icmp_ln165_fu_3542_p2          |   icmp   |      0|  0|  11|           7|           7|
    |icmp_ln168_fu_3568_p2          |   icmp   |      0|  0|  13|           9|           9|
    |icmp_ln174_fu_3532_p2          |   icmp   |      0|  0|   9|           2|           3|
    |icmp_ln177_fu_3690_p2          |   icmp   |      0|  0|  11|           7|           7|
    |icmp_ln179_fu_3558_p2          |   icmp   |      0|  0|   9|           2|           3|
    |icmp_ln187_fu_3740_p2          |   icmp   |      0|  0|   9|           4|           4|
    |icmp_ln78_fu_1373_p2           |   icmp   |      0|  0|   9|           3|           3|
    |icmp_ln80_fu_1446_p2           |   icmp   |      0|  0|  11|           5|           5|
    |icmp_ln82_fu_1493_p2           |   icmp   |      0|  0|  11|           5|           5|
    |icmp_ln85_fu_1528_p2           |   icmp   |      0|  0|   9|           3|           3|
    |icmp_ln87_fu_1874_p2           |   icmp   |      0|  0|   9|           3|           3|
    |icmp_ln99_fu_2087_p2           |   icmp   |      0|  0|   9|           3|           3|
    |ap_block_state14_io            |    or    |      0|  0|   2|           1|           1|
    |ap_block_state21               |    or    |      0|  0|   2|           1|           1|
    |or_ln104_1_fu_2362_p2          |    or    |      0|  0|   5|           5|           1|
    |or_ln104_fu_2265_p2            |    or    |      0|  0|   5|           5|           1|
    |or_ln146_1_fu_3326_p2          |    or    |      0|  0|   3|           3|           1|
    |or_ln146_fu_3271_p2            |    or    |      0|  0|   3|           3|           1|
    |or_ln162_fu_3498_p2            |    or    |      0|  0|   2|           1|           1|
    |or_ln340_1_fu_1999_p2          |    or    |      0|  0|   2|           1|           1|
    |or_ln340_2_fu_2005_p2          |    or    |      0|  0|   2|           1|           1|
    |or_ln340_3_fu_2043_p2          |    or    |      0|  0|   2|           1|           1|
    |or_ln340_4_fu_2839_p2          |    or    |      0|  0|   2|           1|           1|
    |or_ln340_5_fu_3110_p2          |    or    |      0|  0|   2|           1|           1|
    |or_ln340_6_fu_3116_p2          |    or    |      0|  0|   2|           1|           1|
    |or_ln340_7_fu_2039_p2          |    or    |      0|  0|   2|           1|           1|
    |or_ln340_8_fu_3164_p2          |    or    |      0|  0|   2|           1|           1|
    |or_ln340_9_fu_3160_p2          |    or    |      0|  0|   2|           1|           1|
    |or_ln340_fu_1868_p2            |    or    |      0|  0|   2|           1|           1|
    |or_ln785_1_fu_1963_p2          |    or    |      0|  0|   2|           1|           1|
    |or_ln785_2_fu_2797_p2          |    or    |      0|  0|   2|           1|           1|
    |or_ln785_3_fu_3074_p2          |    or    |      0|  0|   2|           1|           1|
    |or_ln785_fu_1826_p2            |    or    |      0|  0|   2|           1|           1|
    |or_ln786_1_fu_2821_p2          |    or    |      0|  0|   2|           1|           1|
    |or_ln786_fu_1850_p2            |    or    |      0|  0|   2|           1|           1|
    |conv1_V_d0                     |  select  |      0|  0|  15|           1|          15|
    |conv2_V_d0                     |  select  |      0|  0|  15|           1|          15|
    |deleted_ones_2_fu_2777_p3      |  select  |      0|  0|   2|           1|           1|
    |deleted_ones_fu_1806_p3        |  select  |      0|  0|   2|           1|           1|
    |deleted_zeros_1_fu_2749_p3     |  select  |      0|  0|   2|           1|           1|
    |deleted_zeros_fu_1778_p3       |  select  |      0|  0|   2|           1|           1|
    |inputs_fu_3504_p3              |  select  |      0|  0|   9|           1|           9|
    |outputs_fu_3524_p3             |  select  |      0|  0|   7|           1|           7|
    |select_ln10_1_fu_3382_p3       |  select  |      0|  0|   3|           1|           3|
    |select_ln10_fu_2401_p3         |  select  |      0|  0|   5|           1|           5|
    |select_ln11_1_fu_3387_p3       |  select  |      0|  0|   3|           1|           3|
    |select_ln11_fu_2416_p3         |  select  |      0|  0|   5|           1|           5|
    |select_ln12_1_fu_3421_p3       |  select  |      0|  0|  11|           1|          11|
    |select_ln12_fu_2431_p3         |  select  |      0|  0|  64|           1|          64|
    |select_ln162_2_fu_3516_p3      |  select  |      0|  0|   7|           1|           5|
    |select_ln162_fu_3490_p3        |  select  |      0|  0|  10|           1|          10|
    |select_ln188_1_fu_3758_p3      |  select  |      0|  0|   4|           1|           4|
    |select_ln188_fu_3751_p3        |  select  |      0|  0|  16|           1|          16|
    |select_ln340_1_fu_3122_p3      |  select  |      0|  0|  32|           1|          31|
    |select_ln340_2_fu_2048_p3      |  select  |      0|  0|  16|           1|          15|
    |select_ln340_3_fu_3169_p3      |  select  |      0|  0|  16|           1|          15|
    |select_ln340_4_fu_2060_p3      |  select  |      0|  0|  16|           1|          16|
    |select_ln340_5_fu_2027_p3      |  select  |      0|  0|  32|           1|          32|
    |select_ln340_6_fu_3181_p3      |  select  |      0|  0|  16|           1|          16|
    |select_ln340_7_fu_3138_p3      |  select  |      0|  0|  32|           1|          32|
    |select_ln340_fu_2011_p3        |  select  |      0|  0|  32|           1|          31|
    |select_ln388_1_fu_3130_p3      |  select  |      0|  0|  33|           1|          33|
    |select_ln388_2_fu_2054_p3      |  select  |      0|  0|  17|           1|          17|
    |select_ln388_3_fu_3175_p3      |  select  |      0|  0|  17|           1|          17|
    |select_ln388_fu_2019_p3        |  select  |      0|  0|  33|           1|          33|
    |xor_ln416_1_fu_2691_p2         |    xor   |      0|  0|   2|           1|           2|
    |xor_ln416_fu_1720_p2           |    xor   |      0|  0|   2|           1|           2|
    |xor_ln779_1_fu_2765_p2         |    xor   |      0|  0|   2|           1|           2|
    |xor_ln779_fu_1794_p2           |    xor   |      0|  0|   2|           1|           2|
    |xor_ln785_1_fu_1832_p2         |    xor   |      0|  0|   2|           1|           2|
    |xor_ln785_2_fu_1969_p2         |    xor   |      0|  0|   2|           1|           2|
    |xor_ln785_3_fu_2791_p2         |    xor   |      0|  0|   2|           1|           2|
    |xor_ln785_4_fu_2803_p2         |    xor   |      0|  0|   2|           1|           2|
    |xor_ln785_5_fu_3080_p2         |    xor   |      0|  0|   2|           1|           2|
    |xor_ln785_fu_1820_p2           |    xor   |      0|  0|   2|           1|           2|
    |xor_ln786_1_fu_1987_p2         |    xor   |      0|  0|   2|           2|           1|
    |xor_ln786_2_fu_2827_p2         |    xor   |      0|  0|   2|           1|           2|
    |xor_ln786_3_fu_3098_p2         |    xor   |      0|  0|   2|           2|           1|
    |xor_ln786_fu_1856_p2           |    xor   |      0|  0|   2|           1|           2|
    +-------------------------------+----------+-------+---+----+------------+------------+
    |Total                          |          |      0|  0|2881|        1647|        1913|
    +-------------------------------+----------+-------+---+----+------------+------------+

    * Multiplexer: 
    +--------------------------+-----+-----------+-----+-----------+
    |           Name           | LUT | Input Size| Bits| Total Bits|
    +--------------------------+-----+-----------+-----+-----------+
    |ap_NS_fsm                 |  665|        150|    1|        150|
    |best_idx_V_reg_1205       |    9|          2|    4|          8|
    |bias_V_reg_1158           |   15|          3|   16|         48|
    |conv1_V_address0          |   27|          5|   12|         60|
    |conv1_V_address1          |   27|          5|   12|         60|
    |conv2_V_address0          |   27|          5|   10|         50|
    |conv2_V_address1          |   27|          5|   10|         50|
    |dense_input_V_address0    |   21|          4|    8|         32|
    |dense_input_V_ce0         |   15|          3|    1|          3|
    |dense_input_V_d0          |   15|          3|   16|         48|
    |dense_output_V_address0   |   15|          3|    7|         21|
    |gmem0_ARADDR              |   44|          9|   32|        288|
    |gmem0_ARLEN               |   21|          4|   32|        128|
    |gmem0_blk_n_AR            |    9|          2|    1|          2|
    |gmem0_blk_n_AW            |    9|          2|    1|          2|
    |gmem0_blk_n_B             |    9|          2|    1|          2|
    |gmem0_blk_n_R             |    9|          2|    1|          2|
    |gmem0_blk_n_W             |    9|          2|    1|          2|
    |gmem1_ARADDR              |   33|          6|   32|        192|
    |gmem1_ARLEN               |   15|          3|   32|         96|
    |gmem1_blk_n_AR            |    9|          2|    1|          2|
    |gmem1_blk_n_R             |    9|          2|    1|          2|
    |i14_0_reg_1135            |    9|          2|    9|         18|
    |i_0_reg_1099              |    9|          2|    9|         18|
    |ic_0_reg_1008             |    9|          2|    3|          6|
    |kx9_0_reg_1054            |    9|          2|    3|          6|
    |kx_0_reg_919              |    9|          2|    3|          6|
    |ky8_0_reg_1031            |    9|          2|    3|          6|
    |ky_0_reg_896              |    9|          2|    3|          6|
    |o15_0_reg_1170            |    9|          2|    7|         14|
    |o_0_reg_1123              |    9|          2|    7|         14|
    |oc11_0_reg_1065           |    9|          2|    5|         10|
    |oc1_0_reg_930             |    9|          2|    3|          6|
    |oc4_0_reg_963             |    9|          2|    5|         10|
    |oc_0_reg_851              |    9|          2|    3|          6|
    |op_V_assign_449_reg_1146  |   15|          3|    8|         24|
    |p_0408_2_reg_1019         |    9|          2|   32|         64|
    |p_0554_0_reg_1182         |    9|          2|   16|         32|
    |p_0558_0_reg_1192         |    9|          2|    4|          8|
    |p_Val2_10_reg_998         |    9|          2|   32|         64|
    |p_Val2_15_reg_1042        |    9|          2|   32|         64|
    |p_Val2_1_reg_886          |    9|          2|   32|         64|
    |p_Val2_7_reg_907          |    9|          2|   32|         64|
    |pool1_V_address0          |   15|          3|   10|         30|
    |pool2_V_address0          |   15|          3|    8|         24|
    |row_weights_V_address0    |   15|          3|    8|         24|
    |row_weights_V_ce0         |   15|          3|    1|          3|
    |stage_0_reg_1111          |    9|          2|    2|          4|
    |x13_0_reg_1088            |    9|          2|    3|          6|
    |x3_0_reg_952              |    9|          2|    4|          8|
    |x6_0_reg_986              |    9|          2|    4|          8|
    |x_0_reg_874               |    9|          2|    5|         10|
    |y12_0_reg_1077            |    9|          2|    3|          6|
    |y2_0_reg_941              |    9|          2|    4|          8|
    |y5_0_reg_974              |    9|          2|    4|          8|
    |y_0_reg_862               |    9|          2|    5|         10|
    +--------------------------+-----+-----------+-----+-----------+
    |Total                     | 1375|        297|  544|       1907|
    +--------------------------+-----+-----------+-----+-----------+

    * Register: 
    +------------------------------------+-----+----+-----+-----------+
    |                Name                |  FF | LUT| Bits| Const Bits|
    +------------------------------------+-----+----+-----+-----------+
    |add_ln104_3_reg_4078                |   12|   0|   13|          1|
    |add_ln104_5_reg_4094                |   12|   0|   13|          1|
    |add_ln104_6_reg_4109                |   64|   0|   64|          0|
    |add_ln104_7_reg_4115                |   64|   0|   64|          0|
    |add_ln203_3_reg_4062                |   11|   0|   11|          0|
    |add_ln203_4_reg_3936                |   13|   0|   13|          0|
    |add_ln203_6_reg_4350                |   10|   0|   10|          0|
    |and_ln781_1_reg_4225                |    1|   0|    1|          0|
    |and_ln781_reg_3947                  |    1|   0|    1|          0|
    |and_ln786_4_reg_4235                |    1|   0|    1|          0|
    |and_ln786_reg_3957                  |    1|   0|    1|          0|
    |ap_CS_fsm                           |  149|   0|  149|          0|
    |best_V_1_reg_4638                   |   16|   0|   16|          0|
    |best_V_reg_4630                     |   16|   0|   16|          0|
    |best_idx_V_reg_1205                 |    4|   0|    4|          0|
    |bias_V_reg_1158                     |   16|   0|   16|          0|
    |dense_output_V_load_reg_4613        |   16|   0|   16|          0|
    |gmem0_addr_1_reg_3869               |   32|   0|   32|          0|
    |gmem0_addr_2_reg_4154               |   32|   0|   32|          0|
    |gmem0_addr_3_reg_3924               |   32|   0|   32|          0|
    |gmem0_addr_4_reg_4624               |   32|   0|   32|          0|
    |gmem0_addr_5_reg_4618               |   32|   0|   32|          0|
    |gmem0_addr_6_read_reg_4585          |   16|   0|   16|          0|
    |gmem0_addr_6_reg_4554               |   32|   0|   32|          0|
    |gmem0_addr_7_read_reg_4580          |   16|   0|   16|          0|
    |gmem0_addr_7_reg_4548               |   32|   0|   32|          0|
    |gmem0_addr_8_read_reg_4575          |   16|   0|   16|          0|
    |gmem0_addr_8_reg_4542               |   32|   0|   32|          0|
    |gmem0_addr_reg_3790                 |   31|   0|   32|          1|
    |gmem1_addr_1_reg_4263               |   32|   0|   32|          0|
    |gmem1_addr_2_read_reg_4570          |    8|   0|    8|          0|
    |gmem1_addr_2_reg_4531               |   32|   0|   32|          0|
    |gmem1_addr_3_read_reg_4565          |    8|   0|    8|          0|
    |gmem1_addr_3_reg_4525               |   32|   0|   32|          0|
    |gmem1_addr_4_read_reg_4560          |    8|   0|    8|          0|
    |gmem1_addr_4_reg_4519               |   32|   0|   32|          0|
    |gmem1_addr_reg_3930                 |   32|   0|   32|          0|
    |grp_dense_row_fu_1217_ap_start_reg  |    1|   0|    1|          0|
    |i14_0_reg_1135                      |    9|   0|    9|          0|
    |i_0_reg_1099                        |    9|   0|    9|          0|
    |i_2_reg_4509                        |    9|   0|    9|          0|
    |i_reg_4441                          |    9|   0|    9|          0|
    |ic_0_reg_1008                       |    3|   0|    3|          0|
    |ic_reg_4199                         |    3|   0|    3|          0|
    |icmp_ln1494_4_reg_4393              |    1|   0|    1|          0|
    |icmp_ln162_1_reg_4463               |    1|   0|    1|          0|
    |icmp_ln162_reg_4459                 |    1|   0|    1|          0|
    |icmp_ln174_reg_4484                 |    1|   0|    1|          0|
    |icmp_ln179_reg_4502                 |    1|   0|    1|          0|
    |inputs_reg_4467                     |    6|   0|    9|          3|
    |kx9_0_reg_1054                      |    3|   0|    3|          0|
    |kx_0_reg_919                        |    3|   0|    3|          0|
    |kx_1_reg_4272                       |    3|   0|    3|          0|
    |kx_reg_3975                         |    3|   0|    3|          0|
    |ky8_0_reg_1031                      |    3|   0|    3|          0|
    |ky_0_reg_896                        |    3|   0|    3|          0|
    |ky_1_reg_4253                       |    3|   0|    3|          0|
    |ky_reg_3919                         |    3|   0|    3|          0|
    |mul_ln170_reg_4497                  |   13|   0|   15|          2|
    |o15_0_reg_1170                      |    7|   0|    7|          0|
    |o_0_reg_1123                        |    7|   0|    7|          0|
    |o_1_reg_4492                        |    7|   0|    7|          0|
    |o_reg_4598                          |    7|   0|    7|          0|
    |oc11_0_reg_1065                     |    5|   0|    5|          0|
    |oc1_0_reg_930                       |    3|   0|    3|          0|
    |oc4_0_reg_963                       |    5|   0|    5|          0|
    |oc_0_reg_851                        |    3|   0|    3|          0|
    |oc_1_reg_4003                       |    3|   0|    3|          0|
    |oc_2_reg_4144                       |    5|   0|    5|          0|
    |oc_3_reg_4305                       |    5|   0|    5|          0|
    |oc_reg_3859                         |    3|   0|    3|          0|
    |op_V_assign_449_reg_1146            |    8|   0|    8|          0|
    |op_V_assign_5_reg_4590              |   16|   0|   16|          0|
    |or_ln104_1_reg_4083                 |    4|   0|    5|          1|
    |or_ln146_1_reg_4371                 |    2|   0|    3|          1|
    |or_ln146_reg_4335                   |    2|   0|    3|          1|
    |or_ln340_4_reg_4245                 |    1|   0|    1|          0|
    |or_ln340_reg_3967                   |    1|   0|    1|          0|
    |outputs_reg_4478                    |    6|   0|    7|          1|
    |p_0408_2_reg_1019                   |   32|   0|   32|          0|
    |p_0554_0_reg_1182                   |   16|   0|   16|          0|
    |p_0558_0_reg_1192                   |    4|   0|    4|          0|
    |p_Val2_10_reg_998                   |   32|   0|   32|          0|
    |p_Val2_13_reg_4219                  |   16|   0|   16|          0|
    |p_Val2_14_reg_4287                  |    8|   0|    8|          0|
    |p_Val2_15_reg_1042                  |   32|   0|   32|          0|
    |p_Val2_1_reg_886                    |   32|   0|   32|          0|
    |p_Val2_3_reg_3941                   |   16|   0|   16|          0|
    |p_Val2_4_reg_4186                   |   16|   0|   16|          0|
    |p_Val2_5_reg_3980                   |   16|   0|   16|          0|
    |p_Val2_6_reg_3985                   |    8|   0|    8|          0|
    |p_Val2_7_reg_907                    |   32|   0|   32|          0|
    |p_Val2_s_reg_3901                   |   16|   0|   16|          0|
    |p_cast48_reg_3841                   |   33|   0|   33|          0|
    |p_cast49_reg_3836                   |   31|   0|   32|          1|
    |p_cast50_reg_3831                   |   34|   0|   34|          0|
    |p_cast51_reg_3826                   |   31|   0|   32|          1|
    |p_cast52_reg_3821                   |   33|   0|   33|          0|
    |p_cast53_reg_3816                   |   31|   0|   32|          1|
    |p_cast54_reg_3811                   |   33|   0|   33|          0|
    |p_cast55_reg_3806                   |   31|   0|   32|          1|
    |p_cast56_reg_3801                   |   33|   0|   33|          0|
    |p_cast57_reg_3796                   |   31|   0|   32|          1|
    |p_cast58_reg_3784                   |   31|   0|   32|          1|
    |p_cast_reg_3846                     |   31|   0|   33|          2|
    |pool1_V_load_reg_4282               |   15|   0|   15|          0|
    |r_V_1_reg_4292                      |   43|   0|   43|          0|
    |r_V_reg_3990                        |   43|   0|   43|          0|
    |select_ln10_1_reg_4398              |    3|   0|    3|          0|
    |select_ln11_1_reg_4403              |    3|   0|    3|          0|
    |select_ln12_1_reg_4428              |   11|   0|   11|          0|
    |select_ln12_reg_4131                |   64|   0|   64|          0|
    |sext_ln104_reg_4008                 |    7|   0|   10|          3|
    |sext_ln1265_1_reg_4214              |    7|   0|    9|          2|
    |sext_ln129_1_reg_4209               |    9|   0|   11|          2|
    |sext_ln129_reg_4204                 |    9|   0|    9|          0|
    |sext_ln203_1_reg_4014               |    7|   0|    9|          2|
    |sext_ln203_reg_3864                 |    7|   0|   10|          3|
    |shl_ln104_1_reg_4067                |    4|   0|    5|          1|
    |shl_ln146_1_reg_4360                |    2|   0|    3|          1|
    |shl_ln_reg_3875                     |    3|   0|    5|          2|
    |stage_0_reg_1111                    |    2|   0|    2|          0|
    |stage_reg_4454                      |    2|   0|    2|          0|
    |sub_ln104_1_reg_4032                |   60|   0|   64|          4|
    |sub_ln104_2_reg_4043                |   60|   0|   64|          4|
    |sub_ln1265_1_reg_4258               |    9|   0|   11|          2|
    |sub_ln129_reg_4160                  |    7|   0|    8|          1|
    |sub_ln203_2_reg_3888                |   10|   0|   13|          3|
    |sub_ln203_3_reg_4027                |    9|   0|   11|          2|
    |tmp_35_cast_reg_4173                |    9|   0|   12|          3|
    |tmp_38_cast_reg_4323                |    8|   0|   10|          2|
    |tmp_41_reg_4408                     |   10|   0|   11|          1|
    |tmp_42_reg_4418                     |   10|   0|   11|          1|
    |trunc_ln103_reg_4048                |    9|   0|   13|          4|
    |trunc_ln104_reg_4037                |    9|   0|   13|          4|
    |trunc_ln146_1_reg_4355              |    2|   0|    2|          0|
    |trunc_ln146_reg_4328                |    2|   0|    2|          0|
    |underflow_1_reg_3962                |    1|   0|    1|          0|
    |underflow_2_reg_4240                |    1|   0|    1|          0|
    |x13_0_reg_1088                      |    3|   0|    3|          0|
    |x3_0_reg_952                        |    4|   0|    4|          0|
    |x6_0_reg_986                        |    4|   0|    4|          0|
    |x_0_reg_874                         |    5|   0|    5|          0|
    |x_1_reg_3896                        |    5|   0|    5|          0|
    |x_2_reg_4345                        |    3|   0|    3|          0|
    |x_3_reg_4181                        |    4|   0|    4|          0|
    |x_reg_4057                          |    4|   0|    4|          0|
    |xor_ln785_1_reg_3952                |    1|   0|    1|          0|
    |xor_ln785_4_reg_4230                |    1|   0|    1|          0|
    |y12_0_reg_1077                      |    3|   0|    3|          0|
    |y2_0_reg_941                        |    4|   0|    4|          0|
    |y5_0_reg_974                        |    4|   0|    4|          0|
    |y_0_reg_862                         |    5|   0|    5|          0|
    |y_1_reg_4022                        |    4|   0|    4|          0|
    |y_2_reg_4168                        |    4|   0|    4|          0|
    |y_3_reg_4318                        |    3|   0|    3|          0|
    |y_reg_3883                          |    5|   0|    5|          0|
    |zext_ln1265_1_reg_4149              |    5|   0|    9|          4|
    |zext_ln143_reg_4310                 |    5|   0|    8|          3|
    |zext_ln170_reg_4473                 |    6|   0|   15|          9|
    |zext_ln171_reg_4514                 |    9|   0|   64|         55|
    |zext_ln173_reg_4537                 |    7|   0|   64|         57|
    |zext_ln179_reg_4603                 |    7|   0|   64|         57|
    |zext_ln78_reg_3851                  |    3|   0|    4|          1|
    |zext_ln88_reg_3911                  |    5|   0|   11|          6|
    +------------------------------------+-----+----+-----+-----------+
    |Total                               | 2346|   0| 2605|        259|
    +------------------------------------+-----+----+-----+-----------+



================================================================
== Interface
================================================================
* Summary: 
+-----------------------+-----+-----+------------+--------------+--------------+
|       RTL Ports       | Dir | Bits|  Protocol  | Source Object|    C Type    |
+-----------------------+-----+-----+------------+--------------+--------------+
|s_axi_control_AWVALID  |  in |    1|    s_axi   |    control   |    pointer   |
|s_axi_control_AWREADY  | out |    1|    s_axi   |    control   |    pointer   |
|s_axi_control_AWADDR   |  in |    7|    s_axi   |    control   |    pointer   |
|s_axi_control_WVALID   |  in |    1|    s_axi   |    control   |    pointer   |
|s_axi_control_WREADY   | out |    1|    s_axi   |    control   |    pointer   |
|s_axi_control_WDATA    |  in |   32|    s_axi   |    control   |    pointer   |
|s_axi_control_WSTRB    |  in |    4|    s_axi   |    control   |    pointer   |
|s_axi_control_ARVALID  |  in |    1|    s_axi   |    control   |    pointer   |
|s_axi_control_ARREADY  | out |    1|    s_axi   |    control   |    pointer   |
|s_axi_control_ARADDR   |  in |    7|    s_axi   |    control   |    pointer   |
|s_axi_control_RVALID   | out |    1|    s_axi   |    control   |    pointer   |
|s_axi_control_RREADY   |  in |    1|    s_axi   |    control   |    pointer   |
|s_axi_control_RDATA    | out |   32|    s_axi   |    control   |    pointer   |
|s_axi_control_RRESP    | out |    2|    s_axi   |    control   |    pointer   |
|s_axi_control_BVALID   | out |    1|    s_axi   |    control   |    pointer   |
|s_axi_control_BREADY   |  in |    1|    s_axi   |    control   |    pointer   |
|s_axi_control_BRESP    | out |    2|    s_axi   |    control   |    pointer   |
|ap_clk                 |  in |    1| ap_ctrl_hs |  lenet_accel | return value |
|ap_rst_n               |  in |    1| ap_ctrl_hs |  lenet_accel | return value |
|interrupt              | out |    1| ap_ctrl_hs |  lenet_accel | return value |
|m_axi_gmem0_AWVALID    | out |    1|    m_axi   |     gmem0    |    pointer   |
|m_axi_gmem0_AWREADY    |  in |    1|    m_axi   |     gmem0    |    pointer   |
|m_axi_gmem0_AWADDR     | out |   32|    m_axi   |     gmem0    |    pointer   |
|m_axi_gmem0_AWID       | out |    1|    m_axi   |     gmem0    |    pointer   |
|m_axi_gmem0_AWLEN      | out |    8|    m_axi   |     gmem0    |    pointer   |
|m_axi_gmem0_AWSIZE     | out |    3|    m_axi   |     gmem0    |    pointer   |
|m_axi_gmem0_AWBURST    | out |    2|    m_axi   |     gmem0    |    pointer   |
|m_axi_gmem0_AWLOCK     | out |    2|    m_axi   |     gmem0    |    pointer   |
|m_axi_gmem0_AWCACHE    | out |    4|    m_axi   |     gmem0    |    pointer   |
|m_axi_gmem0_AWPROT     | out |    3|    m_axi   |     gmem0    |    pointer   |
|m_axi_gmem0_AWQOS      | out |    4|    m_axi   |     gmem0    |    pointer   |
|m_axi_gmem0_AWREGION   | out |    4|    m_axi   |     gmem0    |    pointer   |
|m_axi_gmem0_AWUSER     | out |    1|    m_axi   |     gmem0    |    pointer   |
|m_axi_gmem0_WVALID     | out |    1|    m_axi   |     gmem0    |    pointer   |
|m_axi_gmem0_WREADY     |  in |    1|    m_axi   |     gmem0    |    pointer   |
|m_axi_gmem0_WDATA      | out |   32|    m_axi   |     gmem0    |    pointer   |
|m_axi_gmem0_WSTRB      | out |    4|    m_axi   |     gmem0    |    pointer   |
|m_axi_gmem0_WLAST      | out |    1|    m_axi   |     gmem0    |    pointer   |
|m_axi_gmem0_WID        | out |    1|    m_axi   |     gmem0    |    pointer   |
|m_axi_gmem0_WUSER      | out |    1|    m_axi   |     gmem0    |    pointer   |
|m_axi_gmem0_ARVALID    | out |    1|    m_axi   |     gmem0    |    pointer   |
|m_axi_gmem0_ARREADY    |  in |    1|    m_axi   |     gmem0    |    pointer   |
|m_axi_gmem0_ARADDR     | out |   32|    m_axi   |     gmem0    |    pointer   |
|m_axi_gmem0_ARID       | out |    1|    m_axi   |     gmem0    |    pointer   |
|m_axi_gmem0_ARLEN      | out |    8|    m_axi   |     gmem0    |    pointer   |
|m_axi_gmem0_ARSIZE     | out |    3|    m_axi   |     gmem0    |    pointer   |
|m_axi_gmem0_ARBURST    | out |    2|    m_axi   |     gmem0    |    pointer   |
|m_axi_gmem0_ARLOCK     | out |    2|    m_axi   |     gmem0    |    pointer   |
|m_axi_gmem0_ARCACHE    | out |    4|    m_axi   |     gmem0    |    pointer   |
|m_axi_gmem0_ARPROT     | out |    3|    m_axi   |     gmem0    |    pointer   |
|m_axi_gmem0_ARQOS      | out |    4|    m_axi   |     gmem0    |    pointer   |
|m_axi_gmem0_ARREGION   | out |    4|    m_axi   |     gmem0    |    pointer   |
|m_axi_gmem0_ARUSER     | out |    1|    m_axi   |     gmem0    |    pointer   |
|m_axi_gmem0_RVALID     |  in |    1|    m_axi   |     gmem0    |    pointer   |
|m_axi_gmem0_RREADY     | out |    1|    m_axi   |     gmem0    |    pointer   |
|m_axi_gmem0_RDATA      |  in |   32|    m_axi   |     gmem0    |    pointer   |
|m_axi_gmem0_RLAST      |  in |    1|    m_axi   |     gmem0    |    pointer   |
|m_axi_gmem0_RID        |  in |    1|    m_axi   |     gmem0    |    pointer   |
|m_axi_gmem0_RUSER      |  in |    1|    m_axi   |     gmem0    |    pointer   |
|m_axi_gmem0_RRESP      |  in |    2|    m_axi   |     gmem0    |    pointer   |
|m_axi_gmem0_BVALID     |  in |    1|    m_axi   |     gmem0    |    pointer   |
|m_axi_gmem0_BREADY     | out |    1|    m_axi   |     gmem0    |    pointer   |
|m_axi_gmem0_BRESP      |  in |    2|    m_axi   |     gmem0    |    pointer   |
|m_axi_gmem0_BID        |  in |    1|    m_axi   |     gmem0    |    pointer   |
|m_axi_gmem0_BUSER      |  in |    1|    m_axi   |     gmem0    |    pointer   |
|m_axi_gmem1_AWVALID    | out |    1|    m_axi   |     gmem1    |    pointer   |
|m_axi_gmem1_AWREADY    |  in |    1|    m_axi   |     gmem1    |    pointer   |
|m_axi_gmem1_AWADDR     | out |   32|    m_axi   |     gmem1    |    pointer   |
|m_axi_gmem1_AWID       | out |    1|    m_axi   |     gmem1    |    pointer   |
|m_axi_gmem1_AWLEN      | out |    8|    m_axi   |     gmem1    |    pointer   |
|m_axi_gmem1_AWSIZE     | out |    3|    m_axi   |     gmem1    |    pointer   |
|m_axi_gmem1_AWBURST    | out |    2|    m_axi   |     gmem1    |    pointer   |
|m_axi_gmem1_AWLOCK     | out |    2|    m_axi   |     gmem1    |    pointer   |
|m_axi_gmem1_AWCACHE    | out |    4|    m_axi   |     gmem1    |    pointer   |
|m_axi_gmem1_AWPROT     | out |    3|    m_axi   |     gmem1    |    pointer   |
|m_axi_gmem1_AWQOS      | out |    4|    m_axi   |     gmem1    |    pointer   |
|m_axi_gmem1_AWREGION   | out |    4|    m_axi   |     gmem1    |    pointer   |
|m_axi_gmem1_AWUSER     | out |    1|    m_axi   |     gmem1    |    pointer   |
|m_axi_gmem1_WVALID     | out |    1|    m_axi   |     gmem1    |    pointer   |
|m_axi_gmem1_WREADY     |  in |    1|    m_axi   |     gmem1    |    pointer   |
|m_axi_gmem1_WDATA      | out |   32|    m_axi   |     gmem1    |    pointer   |
|m_axi_gmem1_WSTRB      | out |    4|    m_axi   |     gmem1    |    pointer   |
|m_axi_gmem1_WLAST      | out |    1|    m_axi   |     gmem1    |    pointer   |
|m_axi_gmem1_WID        | out |    1|    m_axi   |     gmem1    |    pointer   |
|m_axi_gmem1_WUSER      | out |    1|    m_axi   |     gmem1    |    pointer   |
|m_axi_gmem1_ARVALID    | out |    1|    m_axi   |     gmem1    |    pointer   |
|m_axi_gmem1_ARREADY    |  in |    1|    m_axi   |     gmem1    |    pointer   |
|m_axi_gmem1_ARADDR     | out |   32|    m_axi   |     gmem1    |    pointer   |
|m_axi_gmem1_ARID       | out |    1|    m_axi   |     gmem1    |    pointer   |
|m_axi_gmem1_ARLEN      | out |    8|    m_axi   |     gmem1    |    pointer   |
|m_axi_gmem1_ARSIZE     | out |    3|    m_axi   |     gmem1    |    pointer   |
|m_axi_gmem1_ARBURST    | out |    2|    m_axi   |     gmem1    |    pointer   |
|m_axi_gmem1_ARLOCK     | out |    2|    m_axi   |     gmem1    |    pointer   |
|m_axi_gmem1_ARCACHE    | out |    4|    m_axi   |     gmem1    |    pointer   |
|m_axi_gmem1_ARPROT     | out |    3|    m_axi   |     gmem1    |    pointer   |
|m_axi_gmem1_ARQOS      | out |    4|    m_axi   |     gmem1    |    pointer   |
|m_axi_gmem1_ARREGION   | out |    4|    m_axi   |     gmem1    |    pointer   |
|m_axi_gmem1_ARUSER     | out |    1|    m_axi   |     gmem1    |    pointer   |
|m_axi_gmem1_RVALID     |  in |    1|    m_axi   |     gmem1    |    pointer   |
|m_axi_gmem1_RREADY     | out |    1|    m_axi   |     gmem1    |    pointer   |
|m_axi_gmem1_RDATA      |  in |   32|    m_axi   |     gmem1    |    pointer   |
|m_axi_gmem1_RLAST      |  in |    1|    m_axi   |     gmem1    |    pointer   |
|m_axi_gmem1_RID        |  in |    1|    m_axi   |     gmem1    |    pointer   |
|m_axi_gmem1_RUSER      |  in |    1|    m_axi   |     gmem1    |    pointer   |
|m_axi_gmem1_RRESP      |  in |    2|    m_axi   |     gmem1    |    pointer   |
|m_axi_gmem1_BVALID     |  in |    1|    m_axi   |     gmem1    |    pointer   |
|m_axi_gmem1_BREADY     | out |    1|    m_axi   |     gmem1    |    pointer   |
|m_axi_gmem1_BRESP      |  in |    2|    m_axi   |     gmem1    |    pointer   |
|m_axi_gmem1_BID        |  in |    1|    m_axi   |     gmem1    |    pointer   |
|m_axi_gmem1_BUSER      |  in |    1|    m_axi   |     gmem1    |    pointer   |
+-----------------------+-----+-----+------------+--------------+--------------+

