

================================================================
== Vivado HLS Report for 'lenet_accel'
================================================================
* Date:           Sat Sep  5 21:46:38 2026

* Version:        2019.2 (Build 2704478 on Wed Nov 06 22:10:23 MST 2019)
* Project:        design
* Solution:       solution1
* Product family: zynq
* Target device:  xc7z020-clg400-1


================================================================
== Performance Estimates
================================================================
+ Timing: 
    * Summary: 
    +--------+----------+----------+------------+
    |  Clock |  Target  | Estimated| Uncertainty|
    +--------+----------+----------+------------+
    |ap_clk  | 10.00 ns | 8.750 ns |   1.25 ns  |
    +--------+----------+----------+------------+

+ Latency: 
    * Summary: 
    +---------+---------+-----------+-----------+---------+---------+---------+
    |  Latency (cycles) |   Latency (absolute)  |      Interval     | Pipeline|
    |   min   |   max   |    min    |    max    |   min   |   max   |   Type  |
    +---------+---------+-----------+-----------+---------+---------+---------+
    |  1859359|  1859359| 18.594 ms | 18.594 ms |  1859359|  1859359|   none  |
    +---------+---------+-----------+-----------+---------+---------+---------+

    + Detail: 
        * Instance: 
        N/A

        * Loop: 
        +---------------------+---------+---------+----------+-----------+-----------+------+----------+
        |                     |  Latency (cycles) | Iteration|  Initiation Interval  | Trip |          |
        |      Loop Name      |   min   |   max   |  Latency |  achieved |   target  | Count| Pipelined|
        +---------------------+---------+---------+----------+-----------+-----------+------+----------+
        |- CONV1_OC           |   539436|   539436|     89906|          -|          -|     6|    no    |
        | + CONV1_Y           |    89904|    89904|      3746|          -|          -|    24|    no    |
        |  ++ CONV1_X         |     3744|     3744|       156|          -|          -|    24|    no    |
        |   +++ CONV1_KY      |      145|      145|        29|          -|          -|     5|    no    |
        |    ++++ CONV1_KX    |       20|       20|         4|          -|          -|     5|    no    |
        |- POOL1_OC           |     6204|     6204|      1034|          -|          -|     6|    no    |
        | + POOL1_Y           |     1032|     1032|        86|          -|          -|    12|    no    |
        |  ++ POOL1_X         |       84|       84|         7|          -|          -|    12|    no    |
        |- CONV2_OC           |  1068320|  1068320|     66770|          -|          -|    16|    no    |
        | + CONV2_Y           |    66768|    66768|      8346|          -|          -|     8|    no    |
        |  ++ CONV2_X         |     8344|     8344|      1043|          -|          -|     8|    no    |
        |   +++ CONV2_IC      |     1032|     1032|       172|          -|          -|     6|    no    |
        |    ++++ CONV2_KY    |      170|      170|        34|          -|          -|     5|    no    |
        |     +++++ CONV2_KX  |       25|       25|         5|          -|          -|     5|    no    |
        |- POOL2_OC           |     1952|     1952|       122|          -|          -|    16|    no    |
        | + POOL2_Y           |      120|      120|        30|          -|          -|     4|    no    |
        |  ++ POOL2_X         |       28|       28|         7|          -|          -|     4|    no    |
        |- FC1_O              |   187680|   187680|      1564|          -|          -|   120|    no    |
        | + FC1_C             |     1552|     1552|        97|          -|          -|    16|    no    |
        |  ++ FC1_Y           |       88|       88|        22|          -|          -|     4|    no    |
        |   +++ FC1_X         |       20|       20|         5|          -|          -|     4|    no    |
        |- FC2_O              |    51408|    51408|       612|          -|          -|    84|    no    |
        | + FC2_I             |      600|      600|         5|          -|          -|   120|    no    |
        |- FC3_O              |     4320|     4320|       432|          -|          -|    10|    no    |
        | + FC3_I             |      420|      420|         5|          -|          -|    84|    no    |
        |- ARGMAX             |       18|       18|         2|          -|          -|     9|    no    |
        +---------------------+---------+---------+----------+-----------+-----------+------+----------+



================================================================
== Utilization Estimates
================================================================
* Summary: 
+-----------------+---------+-------+--------+-------+-----+
|       Name      | BRAM_18K| DSP48E|   FF   |  LUT  | URAM|
+-----------------+---------+-------+--------+-------+-----+
|DSP              |        -|      -|       -|      -|    -|
|Expression       |        -|     10|       0|   4324|    -|
|FIFO             |        -|      -|       -|      -|    -|
|Instance         |        4|      -|    1576|   2170|    -|
|Memory           |        9|      -|       0|      0|    0|
|Multiplexer      |        -|      -|       -|   1340|    -|
|Register         |        -|      -|    2850|      -|    -|
+-----------------+---------+-------+--------+-------+-----+
|Total            |       13|     10|    4426|   7834|    0|
+-----------------+---------+-------+--------+-------+-----+
|Available        |      280|    220|  106400|  53200|    0|
+-----------------+---------+-------+--------+-------+-----+
|Utilization (%)  |        4|      4|       4|     14|    0|
+-----------------+---------+-------+--------+-------+-----+

+ Detail: 
    * Instance: 
    +-----------------------------+---------------------------+---------+-------+-----+-----+-----+
    |           Instance          |           Module          | BRAM_18K| DSP48E|  FF | LUT | URAM|
    +-----------------------------+---------------------------+---------+-------+-----+-----+-----+
    |lenet_accel_control_s_axi_U  |lenet_accel_control_s_axi  |        0|      0|  502|  816|    0|
    |lenet_accel_gmem0_m_axi_U    |lenet_accel_gmem0_m_axi    |        2|      0|  537|  677|    0|
    |lenet_accel_gmem1_m_axi_U    |lenet_accel_gmem1_m_axi    |        2|      0|  537|  677|    0|
    +-----------------------------+---------------------------+---------+-------+-----+-----+-----+
    |Total                        |                           |        4|      0| 1576| 2170|    0|
    +-----------------------------+---------------------------+---------+-------+-----+-----+-----+

    * DSP48E: 
    N/A

    * Memory: 
    +-----------+---------------------+---------+---+----+-----+------+-----+------+-------------+
    |   Memory  |        Module       | BRAM_18K| FF| LUT| URAM| Words| Bits| Banks| W*Bits*Banks|
    +-----------+---------------------+---------+---+----+-----+------+-----+------+-------------+
    |conv1_V_U  |lenet_accel_conv1_V  |        4|  0|   0|    0|  3456|   15|     1|        51840|
    |conv2_V_U  |lenet_accel_conv2_V  |        1|  0|   0|    0|  1024|   15|     1|        15360|
    |fc1_V_U    |lenet_accel_fc1_V    |        1|  0|   0|    0|   120|   15|     1|         1800|
    |fc2_V_U    |lenet_accel_fc2_V    |        1|  0|   0|    0|    84|   15|     1|         1260|
    |pool1_V_U  |lenet_accel_pool1_V  |        1|  0|   0|    0|   864|   15|     1|        12960|
    |pool2_V_U  |lenet_accel_pool2_V  |        1|  0|   0|    0|   256|   15|     1|         3840|
    +-----------+---------------------+---------+---+----+-----+------+-----+------+-------------+
    |Total      |                     |        9|  0|   0|    0|  5804|   90|     6|        87060|
    +-----------+---------------------+---------+---+----+-----+------+-----+------+-------------+

    * FIFO: 
    N/A

    * Expression: 
    +-------------------------------+----------+-------+---+----+------------+------------+
    |         Variable Name         | Operation| DSP48E| FF| LUT| Bitwidth P0| Bitwidth P1|
    +-------------------------------+----------+-------+---+----+------------+------------+
    |r_V_1_fu_3205_p2               |     *    |      2|  0|  40|          24|          23|
    |r_V_2_fu_4109_p2               |     *    |      2|  0|  40|          24|          23|
    |r_V_3_fu_4730_p2               |     *    |      2|  0|  40|          23|          24|
    |r_V_4_fu_5370_p2               |     *    |      2|  0|  40|          23|          24|
    |r_V_fu_1992_p2                 |     *    |      2|  0|  40|          24|          24|
    |add_ln115_1_fu_3066_p2         |     +    |      0|  0|  13|          11|          11|
    |add_ln115_2_fu_3057_p2         |     +    |      0|  0|  15|           9|           9|
    |add_ln115_3_fu_3118_p2         |     +    |      0|  0|  17|          13|          13|
    |add_ln115_fu_2770_p2           |     +    |      0|  0|  15|           8|           8|
    |add_ln1265_10_fu_4048_p2       |     +    |      0|  0|  15|           8|           8|
    |add_ln1265_11_fu_3083_p2       |     +    |      0|  0|  15|           9|           9|
    |add_ln1265_12_fu_3132_p2       |     +    |      0|  0|  40|          33|          33|
    |add_ln1265_13_fu_4077_p2       |     +    |      0|  0|  14|          10|          10|
    |add_ln1265_14_fu_3173_p2       |     +    |      0|  0|  13|          11|          11|
    |add_ln1265_1_fu_2655_p2        |     +    |      0|  0|  39|          32|          32|
    |add_ln1265_2_fu_1713_p2        |     +    |      0|  0|  40|          33|          33|
    |add_ln1265_3_fu_1728_p2        |     +    |      0|  0|  39|          32|          32|
    |add_ln1265_4_fu_3739_p2        |     +    |      0|  0|  39|          32|          32|
    |add_ln1265_5_fu_4402_p2        |     +    |      0|  0|  39|          32|          32|
    |add_ln1265_6_fu_4455_p2        |     +    |      0|  0|  40|          33|          33|
    |add_ln1265_7_fu_3799_p2        |     +    |      0|  0|  39|          32|          32|
    |add_ln1265_8_fu_5029_p2        |     +    |      0|  0|  39|          32|          32|
    |add_ln1265_9_fu_5048_p2        |     +    |      0|  0|  39|          32|          32|
    |add_ln1265_fu_1507_p2          |     +    |      0|  0|  39|          32|          32|
    |add_ln1494_fu_5063_p2          |     +    |      0|  0|  39|          32|           1|
    |add_ln175_fu_5007_p2           |     +    |      0|  0|  14|          10|           7|
    |add_ln203_1_fu_2369_p2         |     +    |      0|  0|  15|           9|           9|
    |add_ln203_2_fu_2718_p2         |     +    |      0|  0|  15|           9|           9|
    |add_ln203_3_fu_2516_p2         |     +    |      0|  0|  13|          11|          11|
    |add_ln203_4_fu_1747_p2         |     +    |      0|  0|  17|          13|          13|
    |add_ln203_5_fu_3536_p2         |     +    |      0|  0|  15|           8|           8|
    |add_ln203_6_fu_3581_p2         |     +    |      0|  0|  14|          10|          10|
    |add_ln203_7_fu_3438_p2         |     +    |      0|  0|  12|          12|          12|
    |add_ln203_fu_1546_p2           |     +    |      0|  0|  14|          10|          10|
    |add_ln74_1_fu_1686_p2          |     +    |      0|  0|  11|          11|          11|
    |add_ln74_fu_1624_p2            |     +    |      0|  0|  15|           5|           5|
    |add_ln75_1_fu_1660_p2          |     +    |      0|  0|  13|           4|           4|
    |add_ln75_2_fu_1703_p2          |     +    |      0|  0|  15|           8|           8|
    |add_ln75_fu_1669_p2            |     +    |      0|  0|  15|           5|           5|
    |add_ln90_1_fu_2461_p2          |     +    |      0|  0|  14|          10|          10|
    |add_ln90_2_fu_2533_p2          |     +    |      0|  0|  17|          13|          13|
    |add_ln90_3_fu_2543_p2          |     +    |      0|  0|  17|          13|          13|
    |add_ln90_4_fu_2558_p2          |     +    |      0|  0|  17|          13|          13|
    |add_ln90_5_fu_2568_p2          |     +    |      0|  0|  17|          13|          13|
    |add_ln90_6_fu_2597_p2          |     +    |      0|  0|  71|          64|          64|
    |add_ln90_7_fu_2612_p2          |     +    |      0|  0|  71|          64|          64|
    |add_ln90_fu_2412_p2            |     +    |      0|  0|  14|          10|          10|
    |c_fu_3775_p2                   |     +    |      0|  0|  15|           5|           1|
    |i_1_fu_4491_p2                 |     +    |      0|  0|  15|           7|           1|
    |i_2_fu_5095_p2                 |     +    |      0|  0|  15|           7|           1|
    |i_fu_5625_p2                   |     +    |      0|  0|  13|           4|           1|
    |ic_fu_2764_p2                  |     +    |      0|  0|  12|           3|           1|
    |in_idx_x_fu_3163_p2            |     +    |      0|  0|  13|           4|           4|
    |in_idx_y_fu_3051_p2            |     +    |      0|  0|  13|           4|           4|
    |kx_1_fu_3157_p2                |     +    |      0|  0|  12|           3|           1|
    |kx_fu_1964_p2                  |     +    |      0|  0|  12|           3|           1|
    |ky_1_fu_3045_p2                |     +    |      0|  0|  12|           3|           1|
    |ky_fu_1618_p2                  |     +    |      0|  0|  12|           3|           1|
    |o_1_fu_4392_p2                 |     +    |      0|  0|  15|           7|           1|
    |o_2_fu_5019_p2                 |     +    |      0|  0|  13|           4|           1|
    |o_fu_3729_p2                   |     +    |      0|  0|  15|           7|           1|
    |oc_1_fu_2279_p2                |     +    |      0|  0|  12|           3|           1|
    |oc_2_fu_2633_p2                |     +    |      0|  0|  15|           5|           1|
    |oc_3_fu_3502_p2                |     +    |      0|  0|  15|           5|           1|
    |oc_fu_1463_p2                  |     +    |      0|  0|  12|           3|           1|
    |p_Val2_17_fu_3852_p2           |     +    |      0|  0|  23|          16|          16|
    |p_Val2_19_fu_2863_p2           |     +    |      0|  0|  23|          16|          16|
    |p_Val2_23_fu_4540_p2           |     +    |      0|  0|  23|          16|          16|
    |p_Val2_31_fu_5144_p2           |     +    |      0|  0|  23|          16|          16|
    |p_Val2_3_fu_1790_p2            |     +    |      0|  0|  23|          16|          16|
    |ret_V_1_fu_3234_p2             |     +    |      0|  0|  58|          51|          51|
    |ret_V_2_fu_4138_p2             |     +    |      0|  0|  58|          51|          51|
    |ret_V_3_fu_4759_p2             |     +    |      0|  0|  58|          51|          51|
    |ret_V_4_fu_5399_p2             |     +    |      0|  0|  58|          51|          51|
    |ret_V_fu_2021_p2               |     +    |      0|  0|  58|          51|          51|
    |sum_V_16_fu_2056_p2            |     +    |      0|  0|  39|          32|          32|
    |sum_V_18_fu_3269_p2            |     +    |      0|  0|  39|          32|          32|
    |sum_V_20_fu_4173_p2            |     +    |      0|  0|  39|          32|          32|
    |sum_V_22_fu_4794_p2            |     +    |      0|  0|  39|          32|          32|
    |sum_V_24_fu_5434_p2            |     +    |      0|  0|  39|          32|          32|
    |x_1_fu_1587_p2                 |     +    |      0|  0|  15|           5|           1|
    |x_2_fu_3571_p2                 |     +    |      0|  0|  12|           3|           1|
    |x_3_fu_2737_p2                 |     +    |      0|  0|  13|           4|           1|
    |x_4_fu_4067_p2                 |     +    |      0|  0|  12|           3|           1|
    |x_fu_2506_p2                   |     +    |      0|  0|  13|           4|           1|
    |y_1_fu_2359_p2                 |     +    |      0|  0|  13|           4|           1|
    |y_2_fu_2708_p2                 |     +    |      0|  0|  13|           4|           1|
    |y_3_fu_3526_p2                 |     +    |      0|  0|  12|           3|           1|
    |y_4_fu_4038_p2                 |     +    |      0|  0|  12|           3|           1|
    |y_fu_1536_p2                   |     +    |      0|  0|  15|           5|           1|
    |sub_ln115_fu_2696_p2           |     -    |      0|  0|  15|           8|           8|
    |sub_ln1265_1_fu_3108_p2        |     -    |      0|  0|  13|          11|          11|
    |sub_ln1265_fu_2815_p2          |     -    |      0|  0|  15|           8|           8|
    |sub_ln164_fu_4441_p2           |     -    |      0|  0|  21|          15|          15|
    |sub_ln203_1_fu_2343_p2         |     -    |      0|  0|  15|           8|           8|
    |sub_ln203_2_fu_1571_p2         |     -    |      0|  0|  17|          13|          13|
    |sub_ln203_3_fu_2394_p2         |     -    |      0|  0|  13|          11|          11|
    |sub_ln203_fu_1497_p2           |     -    |      0|  0|  15|           9|           9|
    |sub_ln74_fu_1654_p2            |     -    |      0|  0|  11|          11|          11|
    |sub_ln90_1_fu_2441_p2          |     -    |      0|  0|  71|          64|          64|
    |sub_ln90_2_fu_2490_p2          |     -    |      0|  0|  71|          64|          64|
    |sub_ln90_fu_2309_p2            |     -    |      0|  0|  15|           9|           9|
    |and_ln779_1_fu_3946_p2         |    and   |      0|  0|   2|           1|           1|
    |and_ln779_2_fu_2957_p2         |    and   |      0|  0|   2|           1|           1|
    |and_ln779_3_fu_4634_p2         |    and   |      0|  0|   2|           1|           1|
    |and_ln779_4_fu_5238_p2         |    and   |      0|  0|   2|           1|           1|
    |and_ln779_fu_1884_p2           |    and   |      0|  0|   2|           1|           1|
    |and_ln781_1_fu_2142_p2         |    and   |      0|  0|   2|           1|           1|
    |and_ln781_2_fu_3960_p2         |    and   |      0|  0|   2|           1|           1|
    |and_ln781_3_fu_2971_p2         |    and   |      0|  0|   2|           1|           1|
    |and_ln781_4_fu_4880_p2         |    and   |      0|  0|   2|           1|           1|
    |and_ln781_5_fu_4648_p2         |    and   |      0|  0|   2|           1|           1|
    |and_ln781_6_fu_5252_p2         |    and   |      0|  0|   2|           1|           1|
    |and_ln781_7_fu_5520_p2         |    and   |      0|  0|   2|           1|           1|
    |and_ln781_8_fu_4259_p2         |    and   |      0|  0|   2|           1|           1|
    |and_ln781_9_fu_3355_p2         |    and   |      0|  0|   2|           1|           1|
    |and_ln781_fu_1898_p2           |    and   |      0|  0|   2|           1|           1|
    |and_ln786_10_fu_5282_p2        |    and   |      0|  0|   2|           1|           1|
    |and_ln786_12_fu_5514_p2        |    and   |      0|  0|   2|           1|           1|
    |and_ln786_16_fu_4253_p2        |    and   |      0|  0|   2|           1|           1|
    |and_ln786_18_fu_3349_p2        |    and   |      0|  0|   2|           1|           1|
    |and_ln786_1_fu_3990_p2         |    and   |      0|  0|   2|           1|           1|
    |and_ln786_2_fu_2136_p2         |    and   |      0|  0|   2|           1|           1|
    |and_ln786_5_fu_4678_p2         |    and   |      0|  0|   2|           1|           1|
    |and_ln786_6_fu_3001_p2         |    and   |      0|  0|   2|           1|           1|
    |and_ln786_8_fu_4874_p2         |    and   |      0|  0|   2|           1|           1|
    |and_ln786_fu_1928_p2           |    and   |      0|  0|   2|           1|           1|
    |ap_block_state140              |    and   |      0|  0|   2|           1|           1|
    |ap_block_state37_io            |    and   |      0|  0|   2|           1|           1|
    |ap_block_state4_io             |    and   |      0|  0|   2|           1|           1|
    |ap_block_state95_io            |    and   |      0|  0|   2|           1|           1|
    |carry_11_fu_4814_p2            |    and   |      0|  0|   2|           1|           1|
    |carry_13_fu_5164_p2            |    and   |      0|  0|   2|           1|           1|
    |carry_15_fu_5454_p2            |    and   |      0|  0|   2|           1|           1|
    |carry_17_fu_4193_p2            |    and   |      0|  0|   2|           1|           1|
    |carry_19_fu_3289_p2            |    and   |      0|  0|   2|           1|           1|
    |carry_1_fu_1810_p2             |    and   |      0|  0|   2|           1|           1|
    |carry_3_fu_2076_p2             |    and   |      0|  0|   2|           1|           1|
    |carry_5_fu_3872_p2             |    and   |      0|  0|   2|           1|           1|
    |carry_7_fu_2883_p2             |    and   |      0|  0|   2|           1|           1|
    |carry_9_fu_4560_p2             |    and   |      0|  0|   2|           1|           1|
    |deleted_ones_1_fu_2130_p2      |    and   |      0|  0|   2|           1|           1|
    |deleted_ones_5_fu_4868_p2      |    and   |      0|  0|   2|           1|           1|
    |deleted_ones_7_fu_5508_p2      |    and   |      0|  0|   2|           1|           1|
    |deleted_ones_8_fu_4247_p2      |    and   |      0|  0|   2|           1|           1|
    |deleted_ones_9_fu_3343_p2      |    and   |      0|  0|   2|           1|           1|
    |overflow_1_fu_1922_p2          |    and   |      0|  0|   2|           1|           1|
    |overflow_2_fu_3984_p2          |    and   |      0|  0|   2|           1|           1|
    |overflow_3_fu_2995_p2          |    and   |      0|  0|   2|           1|           1|
    |overflow_4_fu_4672_p2          |    and   |      0|  0|   2|           1|           1|
    |overflow_5_fu_4898_p2          |    and   |      0|  0|   2|           1|           1|
    |overflow_6_fu_5276_p2          |    and   |      0|  0|   2|           1|           1|
    |overflow_7_fu_5538_p2          |    and   |      0|  0|   2|           1|           1|
    |overflow_8_fu_4277_p2          |    and   |      0|  0|   2|           1|           1|
    |overflow_9_fu_3373_p2          |    and   |      0|  0|   2|           1|           1|
    |overflow_fu_2160_p2            |    and   |      0|  0|   2|           1|           1|
    |underflow_1_fu_1946_p2         |    and   |      0|  0|   2|           1|           1|
    |underflow_2_fu_4008_p2         |    and   |      0|  0|   2|           1|           1|
    |underflow_3_fu_3019_p2         |    and   |      0|  0|   2|           1|           1|
    |underflow_4_fu_4696_p2         |    and   |      0|  0|   2|           1|           1|
    |underflow_5_fu_4915_p2         |    and   |      0|  0|   2|           1|           1|
    |underflow_6_fu_5300_p2         |    and   |      0|  0|   2|           1|           1|
    |underflow_7_fu_5555_p2         |    and   |      0|  0|   2|           1|           1|
    |underflow_8_fu_4294_p2         |    and   |      0|  0|   2|           1|           1|
    |underflow_9_fu_3390_p2         |    and   |      0|  0|   2|           1|           1|
    |underflow_fu_2177_p2           |    and   |      0|  0|   2|           1|           1|
    |Range1_all_ones_2_fu_3912_p2   |   icmp   |      0|  0|  11|           8|           2|
    |Range1_all_ones_3_fu_2923_p2   |   icmp   |      0|  0|  11|           8|           2|
    |Range1_all_ones_4_fu_4600_p2   |   icmp   |      0|  0|  11|           8|           2|
    |Range1_all_ones_6_fu_5204_p2   |   icmp   |      0|  0|  11|           8|           2|
    |Range1_all_ones_fu_1850_p2     |   icmp   |      0|  0|  11|           8|           2|
    |Range1_all_zeros_1_fu_3918_p2  |   icmp   |      0|  0|  11|           8|           1|
    |Range1_all_zeros_2_fu_2929_p2  |   icmp   |      0|  0|  11|           8|           1|
    |Range1_all_zeros_3_fu_4606_p2  |   icmp   |      0|  0|  11|           8|           1|
    |Range1_all_zeros_4_fu_5210_p2  |   icmp   |      0|  0|  11|           8|           1|
    |Range1_all_zeros_fu_1856_p2    |   icmp   |      0|  0|  11|           8|           1|
    |Range2_all_ones_2_fu_3896_p2   |   icmp   |      0|  0|  11|           7|           2|
    |Range2_all_ones_3_fu_2907_p2   |   icmp   |      0|  0|  11|           7|           2|
    |Range2_all_ones_4_fu_4584_p2   |   icmp   |      0|  0|  11|           7|           2|
    |Range2_all_ones_6_fu_5188_p2   |   icmp   |      0|  0|  11|           7|           2|
    |Range2_all_ones_fu_1834_p2     |   icmp   |      0|  0|  11|           7|           2|
    |grp_fu_1263_p2                 |   icmp   |      0|  0|  13|          15|          15|
    |grp_fu_1269_p2                 |   icmp   |      0|  0|  13|          15|          15|
    |icmp_ln100_fu_2627_p2          |   icmp   |      0|  0|  11|           5|           6|
    |icmp_ln102_fu_2702_p2          |   icmp   |      0|  0|  11|           4|           5|
    |icmp_ln104_fu_2731_p2          |   icmp   |      0|  0|  11|           4|           5|
    |icmp_ln107_fu_2758_p2          |   icmp   |      0|  0|   9|           3|           3|
    |icmp_ln109_fu_3039_p2          |   icmp   |      0|  0|   9|           3|           3|
    |icmp_ln111_fu_3151_p2          |   icmp   |      0|  0|   9|           3|           3|
    |icmp_ln127_fu_3496_p2          |   icmp   |      0|  0|  11|           5|           6|
    |icmp_ln129_fu_3520_p2          |   icmp   |      0|  0|   9|           3|           4|
    |icmp_ln131_fu_3565_p2          |   icmp   |      0|  0|   9|           3|           4|
    |icmp_ln142_fu_3723_p2          |   icmp   |      0|  0|  11|           7|           5|
    |icmp_ln145_fu_3769_p2          |   icmp   |      0|  0|  11|           5|           6|
    |icmp_ln147_fu_4032_p2          |   icmp   |      0|  0|   9|           3|           4|
    |icmp_ln1494_10_fu_4992_p2      |   icmp   |      0|  0|  13|          16|           1|
    |icmp_ln1494_1_fu_2581_p2       |   icmp   |      0|  0|  13|          15|          15|
    |icmp_ln1494_4_fu_3664_p2       |   icmp   |      0|  0|  13|          15|          15|
    |icmp_ln1494_7_fu_2258_p2       |   icmp   |      0|  0|  13|          16|           1|
    |icmp_ln1494_8_fu_4371_p2       |   icmp   |      0|  0|  13|          16|           1|
    |icmp_ln1494_9_fu_3481_p2       |   icmp   |      0|  0|  13|          16|           1|
    |icmp_ln1494_fu_5605_p2         |   icmp   |      0|  0|  13|          16|          16|
    |icmp_ln149_fu_4061_p2          |   icmp   |      0|  0|   9|           3|           4|
    |icmp_ln160_fu_4386_p2          |   icmp   |      0|  0|  11|           7|           7|
    |icmp_ln163_fu_4485_p2          |   icmp   |      0|  0|  11|           7|           5|
    |icmp_ln171_fu_5013_p2          |   icmp   |      0|  0|   9|           4|           4|
    |icmp_ln174_fu_5089_p2          |   icmp   |      0|  0|  11|           7|           7|
    |icmp_ln184_fu_5599_p2          |   icmp   |      0|  0|   9|           4|           4|
    |icmp_ln64_fu_1457_p2           |   icmp   |      0|  0|   9|           3|           3|
    |icmp_ln66_fu_1530_p2           |   icmp   |      0|  0|  11|           5|           5|
    |icmp_ln68_fu_1581_p2           |   icmp   |      0|  0|  11|           5|           5|
    |icmp_ln71_fu_1612_p2           |   icmp   |      0|  0|   9|           3|           3|
    |icmp_ln73_fu_1958_p2           |   icmp   |      0|  0|   9|           3|           3|
    |icmp_ln85_fu_2273_p2           |   icmp   |      0|  0|   9|           3|           3|
    |icmp_ln87_fu_2353_p2           |   icmp   |      0|  0|   9|           4|           4|
    |icmp_ln89_fu_2500_p2           |   icmp   |      0|  0|   9|           4|           4|
    |ap_block_state14_io            |    or    |      0|  0|   2|           1|           1|
    |ap_block_state21               |    or    |      0|  0|   2|           1|           1|
    |or_ln132_1_fu_3614_p2          |    or    |      0|  0|   3|           3|           1|
    |or_ln132_fu_3559_p2            |    or    |      0|  0|   3|           3|           1|
    |or_ln340_10_fu_5306_p2         |    or    |      0|  0|   2|           1|           1|
    |or_ln340_11_fu_5318_p2         |    or    |      0|  0|   2|           1|           1|
    |or_ln340_12_fu_2188_p2         |    or    |      0|  0|   2|           1|           1|
    |or_ln340_13_fu_5560_p2         |    or    |      0|  0|   2|           1|           1|
    |or_ln340_14_fu_5571_p2         |    or    |      0|  0|   2|           1|           1|
    |or_ln340_15_fu_4338_p2         |    or    |      0|  0|   2|           1|           1|
    |or_ln340_16_fu_4299_p2         |    or    |      0|  0|   2|           1|           1|
    |or_ln340_17_fu_4310_p2         |    or    |      0|  0|   2|           1|           1|
    |or_ln340_18_fu_4342_p2         |    or    |      0|  0|   2|           1|           1|
    |or_ln340_19_fu_3395_p2         |    or    |      0|  0|   2|           1|           1|
    |or_ln340_1_fu_2182_p2          |    or    |      0|  0|   2|           1|           1|
    |or_ln340_20_fu_3406_p2         |    or    |      0|  0|   2|           1|           1|
    |or_ln340_21_fu_3448_p2         |    or    |      0|  0|   2|           1|           1|
    |or_ln340_22_fu_3452_p2         |    or    |      0|  0|   2|           1|           1|
    |or_ln340_23_fu_4959_p2         |    or    |      0|  0|   2|           1|           1|
    |or_ln340_24_fu_4963_p2         |    or    |      0|  0|   2|           1|           1|
    |or_ln340_25_fu_4926_p2         |    or    |      0|  0|   2|           1|           1|
    |or_ln340_26_fu_5312_p2         |    or    |      0|  0|   2|           1|           1|
    |or_ln340_27_fu_5566_p2         |    or    |      0|  0|   2|           1|           1|
    |or_ln340_28_fu_4305_p2         |    or    |      0|  0|   2|           1|           1|
    |or_ln340_29_fu_3401_p2         |    or    |      0|  0|   2|           1|           1|
    |or_ln340_2_fu_2193_p2          |    or    |      0|  0|   2|           1|           1|
    |or_ln340_3_fu_2225_p2          |    or    |      0|  0|   2|           1|           1|
    |or_ln340_4_fu_4014_p2          |    or    |      0|  0|   2|           1|           1|
    |or_ln340_5_fu_3025_p2          |    or    |      0|  0|   2|           1|           1|
    |or_ln340_6_fu_4920_p2          |    or    |      0|  0|   2|           1|           1|
    |or_ln340_7_fu_4931_p2          |    or    |      0|  0|   2|           1|           1|
    |or_ln340_8_fu_2229_p2          |    or    |      0|  0|   2|           1|           1|
    |or_ln340_9_fu_4702_p2          |    or    |      0|  0|   2|           1|           1|
    |or_ln340_fu_1952_p2            |    or    |      0|  0|   2|           1|           1|
    |or_ln416_1_fu_4862_p2          |    or    |      0|  0|   2|           1|           1|
    |or_ln416_2_fu_5502_p2          |    or    |      0|  0|   2|           1|           1|
    |or_ln416_3_fu_4241_p2          |    or    |      0|  0|   2|           1|           1|
    |or_ln416_4_fu_3337_p2          |    or    |      0|  0|   2|           1|           1|
    |or_ln416_5_fu_2118_p2          |    or    |      0|  0|   2|           1|           1|
    |or_ln416_6_fu_4856_p2          |    or    |      0|  0|   2|           1|           1|
    |or_ln416_7_fu_5496_p2          |    or    |      0|  0|   2|           1|           1|
    |or_ln416_8_fu_4235_p2          |    or    |      0|  0|   2|           1|           1|
    |or_ln416_9_fu_3331_p2          |    or    |      0|  0|   2|           1|           1|
    |or_ln416_fu_2124_p2            |    or    |      0|  0|   2|           1|           1|
    |or_ln785_1_fu_2150_p2          |    or    |      0|  0|   2|           1|           1|
    |or_ln785_2_fu_3972_p2          |    or    |      0|  0|   2|           1|           1|
    |or_ln785_3_fu_2983_p2          |    or    |      0|  0|   2|           1|           1|
    |or_ln785_4_fu_4888_p2          |    or    |      0|  0|   2|           1|           1|
    |or_ln785_5_fu_4660_p2          |    or    |      0|  0|   2|           1|           1|
    |or_ln785_6_fu_5264_p2          |    or    |      0|  0|   2|           1|           1|
    |or_ln785_7_fu_5528_p2          |    or    |      0|  0|   2|           1|           1|
    |or_ln785_8_fu_4267_p2          |    or    |      0|  0|   2|           1|           1|
    |or_ln785_9_fu_3363_p2          |    or    |      0|  0|   2|           1|           1|
    |or_ln785_fu_1910_p2            |    or    |      0|  0|   2|           1|           1|
    |or_ln786_1_fu_2166_p2          |    or    |      0|  0|   2|           1|           1|
    |or_ln786_2_fu_3996_p2          |    or    |      0|  0|   2|           1|           1|
    |or_ln786_3_fu_3007_p2          |    or    |      0|  0|   2|           1|           1|
    |or_ln786_4_fu_4684_p2          |    or    |      0|  0|   2|           1|           1|
    |or_ln786_5_fu_4904_p2          |    or    |      0|  0|   2|           1|           1|
    |or_ln786_6_fu_5288_p2          |    or    |      0|  0|   2|           1|           1|
    |or_ln786_7_fu_5544_p2          |    or    |      0|  0|   2|           1|           1|
    |or_ln786_8_fu_4283_p2          |    or    |      0|  0|   2|           1|           1|
    |or_ln786_9_fu_3379_p2          |    or    |      0|  0|   2|           1|           1|
    |or_ln786_fu_1934_p2            |    or    |      0|  0|   2|           1|           1|
    |or_ln90_1_fu_2548_p2           |    or    |      0|  0|   5|           5|           1|
    |or_ln90_fu_2451_p2             |    or    |      0|  0|   5|           5|           1|
    |conv1_V_d0                     |  select  |      0|  0|  15|           1|          15|
    |conv2_V_d0                     |  select  |      0|  0|  15|           1|          15|
    |deleted_ones_2_fu_3952_p3      |  select  |      0|  0|   2|           1|           1|
    |deleted_ones_3_fu_2963_p3      |  select  |      0|  0|   2|           1|           1|
    |deleted_ones_4_fu_4640_p3      |  select  |      0|  0|   2|           1|           1|
    |deleted_ones_6_fu_5244_p3      |  select  |      0|  0|   2|           1|           1|
    |deleted_ones_fu_1890_p3        |  select  |      0|  0|   2|           1|           1|
    |deleted_zeros_1_fu_3924_p3     |  select  |      0|  0|   2|           1|           1|
    |deleted_zeros_2_fu_2935_p3     |  select  |      0|  0|   2|           1|           1|
    |deleted_zeros_3_fu_4612_p3     |  select  |      0|  0|   2|           1|           1|
    |deleted_zeros_4_fu_5216_p3     |  select  |      0|  0|   2|           1|           1|
    |deleted_zeros_fu_1862_p3       |  select  |      0|  0|   2|           1|           1|
    |fc1_V_d0                       |  select  |      0|  0|  15|           1|          15|
    |fc2_V_d0                       |  select  |      0|  0|  15|           1|          15|
    |select_ln10_1_fu_3670_p3       |  select  |      0|  0|   3|           1|           3|
    |select_ln10_fu_2587_p3         |  select  |      0|  0|   5|           1|           5|
    |select_ln11_1_fu_3675_p3       |  select  |      0|  0|   3|           1|           3|
    |select_ln11_fu_2602_p3         |  select  |      0|  0|   5|           1|           5|
    |select_ln12_1_fu_3709_p3       |  select  |      0|  0|  11|           1|          11|
    |select_ln12_fu_2617_p3         |  select  |      0|  0|  64|           1|          64|
    |select_ln185_1_fu_5617_p3      |  select  |      0|  0|   4|           1|           4|
    |select_ln185_fu_5610_p3        |  select  |      0|  0|  16|           1|          16|
    |select_ln340_10_fu_2246_p3     |  select  |      0|  0|  16|           1|          16|
    |select_ln340_11_fu_2213_p3     |  select  |      0|  0|  32|           1|          32|
    |select_ln340_12_fu_4359_p3     |  select  |      0|  0|  16|           1|          16|
    |select_ln340_13_fu_3469_p3     |  select  |      0|  0|  16|           1|          16|
    |select_ln340_14_fu_4980_p3     |  select  |      0|  0|  16|           1|          16|
    |select_ln340_15_fu_4951_p3     |  select  |      0|  0|  32|           1|          32|
    |select_ln340_16_fu_5340_p3     |  select  |      0|  0|  16|           1|          16|
    |select_ln340_17_fu_5591_p3     |  select  |      0|  0|  32|           1|          32|
    |select_ln340_18_fu_4330_p3     |  select  |      0|  0|  32|           1|          32|
    |select_ln340_19_fu_3426_p3     |  select  |      0|  0|  32|           1|          32|
    |select_ln340_1_fu_4937_p3      |  select  |      0|  0|  32|           1|          31|
    |select_ln340_2_fu_5324_p3      |  select  |      0|  0|  16|           1|          15|
    |select_ln340_3_fu_5577_p3      |  select  |      0|  0|  32|           1|          31|
    |select_ln340_4_fu_4316_p3      |  select  |      0|  0|  32|           1|          31|
    |select_ln340_5_fu_3412_p3      |  select  |      0|  0|  32|           1|          31|
    |select_ln340_6_fu_4347_p3      |  select  |      0|  0|  16|           1|          15|
    |select_ln340_7_fu_2234_p3      |  select  |      0|  0|  16|           1|          15|
    |select_ln340_8_fu_4968_p3      |  select  |      0|  0|  16|           1|          15|
    |select_ln340_9_fu_3457_p3      |  select  |      0|  0|  16|           1|          15|
    |select_ln340_fu_2199_p3        |  select  |      0|  0|  32|           1|          31|
    |select_ln388_1_fu_4944_p3      |  select  |      0|  0|  33|           1|          33|
    |select_ln388_2_fu_5332_p3      |  select  |      0|  0|  17|           1|          17|
    |select_ln388_3_fu_5584_p3      |  select  |      0|  0|  33|           1|          33|
    |select_ln388_4_fu_4323_p3      |  select  |      0|  0|  33|           1|          33|
    |select_ln388_5_fu_3419_p3      |  select  |      0|  0|  33|           1|          33|
    |select_ln388_6_fu_4353_p3      |  select  |      0|  0|  17|           1|          17|
    |select_ln388_7_fu_2240_p3      |  select  |      0|  0|  17|           1|          17|
    |select_ln388_8_fu_4974_p3      |  select  |      0|  0|  17|           1|          17|
    |select_ln388_9_fu_3463_p3      |  select  |      0|  0|  17|           1|          17|
    |select_ln388_fu_2206_p3        |  select  |      0|  0|  33|           1|          33|
    |xor_ln416_10_fu_4808_p2        |    xor   |      0|  0|   2|           1|           2|
    |xor_ln416_11_fu_4850_p2        |    xor   |      0|  0|   2|           1|           2|
    |xor_ln416_12_fu_5158_p2        |    xor   |      0|  0|   2|           1|           2|
    |xor_ln416_13_fu_5448_p2        |    xor   |      0|  0|   2|           1|           2|
    |xor_ln416_14_fu_5490_p2        |    xor   |      0|  0|   2|           1|           2|
    |xor_ln416_15_fu_4187_p2        |    xor   |      0|  0|   2|           1|           2|
    |xor_ln416_16_fu_4229_p2        |    xor   |      0|  0|   2|           1|           2|
    |xor_ln416_17_fu_3283_p2        |    xor   |      0|  0|   2|           1|           2|
    |xor_ln416_18_fu_3325_p2        |    xor   |      0|  0|   2|           1|           2|
    |xor_ln416_5_fu_1804_p2         |    xor   |      0|  0|   2|           1|           2|
    |xor_ln416_6_fu_2070_p2         |    xor   |      0|  0|   2|           1|           2|
    |xor_ln416_7_fu_2112_p2         |    xor   |      0|  0|   2|           1|           2|
    |xor_ln416_8_fu_2877_p2         |    xor   |      0|  0|   2|           1|           2|
    |xor_ln416_9_fu_4554_p2         |    xor   |      0|  0|   2|           1|           2|
    |xor_ln416_fu_3866_p2           |    xor   |      0|  0|   2|           1|           2|
    |xor_ln779_1_fu_2106_p2         |    xor   |      0|  0|   2|           1|           2|
    |xor_ln779_2_fu_3940_p2         |    xor   |      0|  0|   2|           1|           2|
    |xor_ln779_3_fu_2951_p2         |    xor   |      0|  0|   2|           1|           2|
    |xor_ln779_4_fu_4628_p2         |    xor   |      0|  0|   2|           1|           2|
    |xor_ln779_5_fu_4844_p2         |    xor   |      0|  0|   2|           1|           2|
    |xor_ln779_6_fu_5232_p2         |    xor   |      0|  0|   2|           1|           2|
    |xor_ln779_7_fu_5484_p2         |    xor   |      0|  0|   2|           1|           2|
    |xor_ln779_8_fu_4223_p2         |    xor   |      0|  0|   2|           1|           2|
    |xor_ln779_9_fu_3319_p2         |    xor   |      0|  0|   2|           1|           2|
    |xor_ln779_fu_1878_p2           |    xor   |      0|  0|   2|           1|           2|
    |xor_ln785_10_fu_4654_p2        |    xor   |      0|  0|   2|           1|           2|
    |xor_ln785_11_fu_4666_p2        |    xor   |      0|  0|   2|           1|           2|
    |xor_ln785_12_fu_5258_p2        |    xor   |      0|  0|   2|           1|           2|
    |xor_ln785_13_fu_5270_p2        |    xor   |      0|  0|   2|           1|           2|
    |xor_ln785_14_fu_5524_p2        |    xor   |      0|  0|   2|           1|           1|
    |xor_ln785_15_fu_5533_p2        |    xor   |      0|  0|   2|           1|           2|
    |xor_ln785_16_fu_4263_p2        |    xor   |      0|  0|   2|           1|           1|
    |xor_ln785_17_fu_4272_p2        |    xor   |      0|  0|   2|           1|           2|
    |xor_ln785_18_fu_3359_p2        |    xor   |      0|  0|   2|           1|           1|
    |xor_ln785_19_fu_3368_p2        |    xor   |      0|  0|   2|           1|           2|
    |xor_ln785_1_fu_1916_p2         |    xor   |      0|  0|   2|           1|           2|
    |xor_ln785_2_fu_2146_p2         |    xor   |      0|  0|   2|           1|           1|
    |xor_ln785_3_fu_2155_p2         |    xor   |      0|  0|   2|           1|           2|
    |xor_ln785_4_fu_3966_p2         |    xor   |      0|  0|   2|           1|           2|
    |xor_ln785_5_fu_3978_p2         |    xor   |      0|  0|   2|           1|           2|
    |xor_ln785_6_fu_2977_p2         |    xor   |      0|  0|   2|           1|           2|
    |xor_ln785_7_fu_2989_p2         |    xor   |      0|  0|   2|           1|           2|
    |xor_ln785_8_fu_4884_p2         |    xor   |      0|  0|   2|           1|           1|
    |xor_ln785_9_fu_4893_p2         |    xor   |      0|  0|   2|           1|           2|
    |xor_ln785_fu_1904_p2           |    xor   |      0|  0|   2|           1|           2|
    |xor_ln786_1_fu_2171_p2         |    xor   |      0|  0|   2|           1|           2|
    |xor_ln786_2_fu_4002_p2         |    xor   |      0|  0|   2|           1|           2|
    |xor_ln786_3_fu_3013_p2         |    xor   |      0|  0|   2|           1|           2|
    |xor_ln786_4_fu_4690_p2         |    xor   |      0|  0|   2|           1|           2|
    |xor_ln786_5_fu_4909_p2         |    xor   |      0|  0|   2|           1|           2|
    |xor_ln786_6_fu_5294_p2         |    xor   |      0|  0|   2|           1|           2|
    |xor_ln786_7_fu_5549_p2         |    xor   |      0|  0|   2|           1|           2|
    |xor_ln786_8_fu_4288_p2         |    xor   |      0|  0|   2|           1|           2|
    |xor_ln786_9_fu_3384_p2         |    xor   |      0|  0|   2|           1|           2|
    |xor_ln786_fu_1940_p2           |    xor   |      0|  0|   2|           1|           2|
    +-------------------------------+----------+-------+---+----+------------+------------+
    |Total                          |          |     10|  0|4324|        2367|        2991|
    +-------------------------------+----------+-------+---+----+------------+------------+

    * Multiplexer: 
    +---------------------+-----+-----------+-----+-----------+
    |         Name        | LUT | Input Size| Bits| Total Bits|
    +---------------------+-----+-----------+-----+-----------+
    |ap_NS_fsm            |  633|        142|    1|        142|
    |best_idx_V_reg_1251  |    9|          2|    4|          8|
    |c_0_reg_1094         |    9|          2|    5|         10|
    |conv1_V_address0     |   27|          5|   12|         60|
    |conv1_V_address1     |   27|          5|   12|         60|
    |conv2_V_address0     |   27|          5|   10|         50|
    |conv2_V_address1     |   27|          5|   10|         50|
    |fc1_V_address0       |   15|          3|    7|         21|
    |fc2_V_address0       |   15|          3|    7|         21|
    |gmem0_ARADDR         |   21|          4|   32|        128|
    |gmem0_ARLEN          |   21|          4|   32|        128|
    |gmem0_blk_n_AR       |    9|          2|    1|          2|
    |gmem0_blk_n_AW       |    9|          2|    1|          2|
    |gmem0_blk_n_B        |    9|          2|    1|          2|
    |gmem0_blk_n_R        |    9|          2|    1|          2|
    |gmem0_blk_n_W        |    9|          2|    1|          2|
    |gmem1_ARADDR         |   50|         11|   32|        352|
    |gmem1_ARLEN          |   33|          6|   32|        192|
    |gmem1_blk_n_AR       |    9|          2|    1|          2|
    |gmem1_blk_n_R        |    9|          2|    1|          2|
    |i23_0_reg_1217       |    9|          2|    7|         14|
    |i_0_reg_1174         |    9|          2|    7|         14|
    |ic_0_reg_981         |    9|          2|    3|          6|
    |kx9_0_reg_1027       |    9|          2|    3|          6|
    |kx_0_reg_892         |    9|          2|    3|          6|
    |ky8_0_reg_1004       |    9|          2|    3|          6|
    |ky_0_reg_869         |    9|          2|    3|          6|
    |o18_0_reg_1152       |    9|          2|    7|         14|
    |o21_0_reg_1185       |    9|          2|    4|          8|
    |o_0_reg_1072         |    9|          2|    7|         14|
    |oc11_0_reg_1038      |    9|          2|    5|         10|
    |oc1_0_reg_903        |    9|          2|    3|          6|
    |oc4_0_reg_936        |    9|          2|    5|         10|
    |oc_0_reg_824         |    9|          2|    3|          6|
    |p_01024_2_reg_1106   |    9|          2|   32|         64|
    |p_01538_0_reg_1228   |    9|          2|   16|         32|
    |p_01542_0_reg_1238   |    9|          2|    4|          8|
    |p_0861_2_reg_992     |    9|          2|   32|         64|
    |p_Val2_11_reg_1084   |    9|          2|   32|         64|
    |p_Val2_16_reg_971    |    9|          2|   32|         64|
    |p_Val2_1_reg_859     |    9|          2|   32|         64|
    |p_Val2_20_reg_1164   |    9|          2|   32|         64|
    |p_Val2_29_reg_1207   |    9|          2|   32|         64|
    |p_Val2_38_reg_1129   |    9|          2|   32|         64|
    |p_Val2_44_reg_1015   |    9|          2|   32|         64|
    |p_Val2_8_reg_880     |    9|          2|   32|         64|
    |phi_mul_reg_1196     |    9|          2|   10|         20|
    |pool1_V_address0     |   15|          3|   10|         30|
    |pool2_V_address0     |   15|          3|    8|         24|
    |x13_0_reg_1061       |    9|          2|    3|          6|
    |x16_0_reg_1141       |    9|          2|    3|          6|
    |x3_0_reg_925         |    9|          2|    4|          8|
    |x6_0_reg_959         |    9|          2|    4|          8|
    |x_0_reg_847          |    9|          2|    5|         10|
    |y12_0_reg_1050       |    9|          2|    3|          6|
    |y15_0_reg_1118       |    9|          2|    3|          6|
    |y2_0_reg_914         |    9|          2|    4|          8|
    |y5_0_reg_947         |    9|          2|    4|          8|
    |y_0_reg_835          |    9|          2|    5|         10|
    +---------------------+-----+-----------+-----+-----------+
    |Total                | 1340|        291|  672|       2192|
    +---------------------+-----+-----------+-----+-----------+

    * Register: 
    +-----------------------------+-----+----+-----+-----------+
    |             Name            |  FF | LUT| Bits| Const Bits|
    +-----------------------------+-----+----+-----+-----------+
    |Range2_all_ones_10_reg_5870  |    1|   0|    1|          0|
    |Range2_all_ones_11_reg_6212  |    1|   0|    1|          0|
    |Range2_all_ones_12_reg_6513  |    1|   0|    1|          0|
    |Range2_all_ones_13_reg_6652  |    1|   0|    1|          0|
    |Range2_all_ones_14_reg_6771  |    1|   0|    1|          0|
    |add_ln175_reg_6669           |   10|   0|   10|          0|
    |add_ln203_3_reg_5949         |   11|   0|   11|          0|
    |add_ln203_4_reg_5783         |   13|   0|   13|          0|
    |add_ln203_6_reg_6277         |   10|   0|   10|          0|
    |add_ln90_3_reg_5965          |   12|   0|   13|          1|
    |add_ln90_5_reg_5981          |   12|   0|   13|          1|
    |add_ln90_6_reg_5996          |   64|   0|   64|          0|
    |add_ln90_7_reg_6002          |   64|   0|   64|          0|
    |and_ln781_2_reg_6414         |    1|   0|    1|          0|
    |and_ln781_3_reg_6112         |    1|   0|    1|          0|
    |and_ln781_5_reg_6584         |    1|   0|    1|          0|
    |and_ln781_reg_5794           |    1|   0|    1|          0|
    |and_ln786_12_reg_6777        |    1|   0|    1|          0|
    |and_ln786_16_reg_6519        |    1|   0|    1|          0|
    |and_ln786_18_reg_6218        |    1|   0|    1|          0|
    |and_ln786_1_reg_6424         |    1|   0|    1|          0|
    |and_ln786_2_reg_5876         |    1|   0|    1|          0|
    |and_ln786_5_reg_6594         |    1|   0|    1|          0|
    |and_ln786_6_reg_6122         |    1|   0|    1|          0|
    |and_ln786_8_reg_6658         |    1|   0|    1|          0|
    |and_ln786_reg_5804           |    1|   0|    1|          0|
    |ap_CS_fsm                    |  141|   0|  141|          0|
    |best_V_1_reg_6796            |   16|   0|   16|          0|
    |best_V_reg_6788              |   16|   0|   16|          0|
    |best_idx_V_reg_1251          |    4|   0|    4|          0|
    |c_0_reg_1094                 |    5|   0|    5|          0|
    |c_reg_6397                   |    5|   0|    5|          0|
    |carry_11_reg_6641            |    1|   0|    1|          0|
    |carry_15_reg_6760            |    1|   0|    1|          0|
    |carry_17_reg_6502            |    1|   0|    1|          0|
    |carry_19_reg_6201            |    1|   0|    1|          0|
    |carry_3_reg_5859             |    1|   0|    1|          0|
    |fc1_V_load_reg_6609          |   15|   0|   15|          0|
    |fc2_V_load_reg_6728          |   15|   0|   15|          0|
    |gmem0_addr_1_reg_5771        |   32|   0|   32|          0|
    |gmem0_addr_2_reg_6694        |   32|   0|   32|          0|
    |gmem0_addr_reg_5636          |   31|   0|   32|          1|
    |gmem1_addr_1_reg_6041        |   32|   0|   32|          0|
    |gmem1_addr_2_reg_5777        |   32|   0|   32|          0|
    |gmem1_addr_3_reg_6373        |   32|   0|   32|          0|
    |gmem1_addr_4_reg_6538        |   32|   0|   32|          0|
    |gmem1_addr_5_reg_6544        |   32|   0|   32|          0|
    |gmem1_addr_6_reg_6402        |   32|   0|   32|          0|
    |gmem1_addr_7_reg_6682        |   32|   0|   32|          0|
    |gmem1_addr_8_reg_6688        |   32|   0|   32|          0|
    |gmem1_addr_9_reg_6150        |   32|   0|   32|          0|
    |gmem1_addr_reg_5716          |   32|   0|   32|          0|
    |i23_0_reg_1217               |    7|   0|    7|          0|
    |i_0_reg_1174                 |    7|   0|    7|          0|
    |i_1_reg_6568                 |    7|   0|    7|          0|
    |i_2_reg_6713                 |    7|   0|    7|          0|
    |ic_0_reg_981                 |    3|   0|    3|          0|
    |ic_reg_6086                  |    3|   0|    3|          0|
    |icmp_ln1494_4_reg_6320       |    1|   0|    1|          0|
    |kx9_0_reg_1027               |    3|   0|    3|          0|
    |kx_0_reg_892                 |    3|   0|    3|          0|
    |kx_1_reg_6159                |    3|   0|    3|          0|
    |kx_reg_5822                  |    3|   0|    3|          0|
    |ky8_0_reg_1004               |    3|   0|    3|          0|
    |ky_0_reg_869                 |    3|   0|    3|          0|
    |ky_1_reg_6140                |    3|   0|    3|          0|
    |ky_reg_5766                  |    3|   0|    3|          0|
    |o18_0_reg_1152               |    7|   0|    7|          0|
    |o21_0_reg_1185               |    4|   0|    4|          0|
    |o_0_reg_1072                 |    7|   0|    7|          0|
    |o_1_reg_6533                 |    7|   0|    7|          0|
    |o_2_reg_6677                 |    4|   0|    4|          0|
    |o_reg_6368                   |    7|   0|    7|          0|
    |oc11_0_reg_1038              |    5|   0|    5|          0|
    |oc1_0_reg_903                |    3|   0|    3|          0|
    |oc4_0_reg_936                |    5|   0|    5|          0|
    |oc_0_reg_824                 |    3|   0|    3|          0|
    |oc_1_reg_5890                |    3|   0|    3|          0|
    |oc_2_reg_6031                |    5|   0|    5|          0|
    |oc_3_reg_6232                |    5|   0|    5|          0|
    |oc_reg_5706                  |    3|   0|    3|          0|
    |or_ln132_1_reg_6298          |    2|   0|    3|          1|
    |or_ln132_reg_6262            |    2|   0|    3|          1|
    |or_ln340_4_reg_6434          |    1|   0|    1|          0|
    |or_ln340_5_reg_6132          |    1|   0|    1|          0|
    |or_ln340_9_reg_6604          |    1|   0|    1|          0|
    |or_ln340_reg_5814            |    1|   0|    1|          0|
    |or_ln90_1_reg_5970           |    4|   0|    5|          1|
    |p_01024_2_reg_1106           |   32|   0|   32|          0|
    |p_01538_0_reg_1228           |   16|   0|   16|          0|
    |p_01542_0_reg_1238           |    4|   0|    4|          0|
    |p_0861_2_reg_992             |   32|   0|   32|          0|
    |p_Result_11_reg_5865         |    1|   0|    1|          0|
    |p_Result_15_reg_6189         |    1|   0|    1|          0|
    |p_Result_17_reg_6207         |    1|   0|    1|          0|
    |p_Result_21_reg_6490         |    1|   0|    1|          0|
    |p_Result_23_reg_6508         |    1|   0|    1|          0|
    |p_Result_27_reg_6629         |    1|   0|    1|          0|
    |p_Result_29_reg_6647         |    1|   0|    1|          0|
    |p_Result_33_reg_6748         |    1|   0|    1|          0|
    |p_Result_35_reg_6766         |    1|   0|    1|          0|
    |p_Result_s_reg_5847          |    1|   0|    1|          0|
    |p_Val2_11_reg_1084           |   32|   0|   32|          0|
    |p_Val2_14_reg_6550           |   16|   0|   16|          0|
    |p_Val2_16_reg_971            |   32|   0|   32|          0|
    |p_Val2_17_reg_6408           |   16|   0|   16|          0|
    |p_Val2_19_reg_6106           |   16|   0|   16|          0|
    |p_Val2_1_reg_859             |   32|   0|   32|          0|
    |p_Val2_20_reg_1164           |   32|   0|   32|          0|
    |p_Val2_21_reg_6700           |   16|   0|   16|          0|
    |p_Val2_23_reg_6578           |   16|   0|   16|          0|
    |p_Val2_24_reg_6614           |   16|   0|   16|          0|
    |p_Val2_29_reg_1207           |   32|   0|   32|          0|
    |p_Val2_32_reg_6733           |   16|   0|   16|          0|
    |p_Val2_37_reg_6475           |   16|   0|   16|          0|
    |p_Val2_38_reg_1129           |   32|   0|   32|          0|
    |p_Val2_3_reg_5788            |   16|   0|   16|          0|
    |p_Val2_43_reg_6174           |   16|   0|   16|          0|
    |p_Val2_44_reg_1015           |   32|   0|   32|          0|
    |p_Val2_4_reg_6379            |   16|   0|   16|          0|
    |p_Val2_5_reg_6073            |   16|   0|   16|          0|
    |p_Val2_6_reg_5827            |   16|   0|   16|          0|
    |p_Val2_7_reg_5832            |   16|   0|   16|          0|
    |p_Val2_8_reg_880             |   32|   0|   32|          0|
    |p_Val2_s_reg_5753            |   16|   0|   16|          0|
    |p_cast51_reg_5688            |   31|   0|   32|          1|
    |p_cast52_reg_5683            |   31|   0|   32|          1|
    |p_cast53_reg_5678            |   31|   0|   33|          2|
    |p_cast54_reg_5673            |   31|   0|   32|          1|
    |p_cast55_reg_5668            |   31|   0|   32|          1|
    |p_cast56_reg_5663            |   31|   0|   32|          1|
    |p_cast57_reg_5658            |   31|   0|   33|          2|
    |p_cast58_reg_5653            |   31|   0|   32|          1|
    |p_cast59_reg_5648            |   31|   0|   32|          1|
    |p_cast60_reg_5643            |   31|   0|   32|          1|
    |p_cast61_reg_5631            |   31|   0|   32|          1|
    |p_cast_reg_5693              |   31|   0|   33|          2|
    |phi_mul_reg_1196             |   10|   0|   10|          0|
    |pool1_V_load_reg_6169        |   15|   0|   15|          0|
    |pool2_V_load_reg_6470        |   15|   0|   15|          0|
    |r_V_1_reg_6179               |   40|   0|   48|          8|
    |r_V_2_reg_6480               |   40|   0|   48|          8|
    |r_V_3_reg_6619               |   39|   0|   47|          8|
    |r_V_4_reg_6738               |   39|   0|   47|          8|
    |r_V_reg_5837                 |   40|   0|   48|          8|
    |select_ln10_1_reg_6325       |    3|   0|    3|          0|
    |select_ln11_1_reg_6330       |    3|   0|    3|          0|
    |select_ln12_1_reg_6355       |   11|   0|   11|          0|
    |select_ln12_reg_6018         |   64|   0|   64|          0|
    |select_ln340_16_reg_6723     |   16|   0|   16|          0|
    |sext_ln115_1_reg_6096        |    9|   0|   11|          2|
    |sext_ln115_reg_6091          |    9|   0|    9|          0|
    |sext_ln1265_reg_6101         |    7|   0|    9|          2|
    |sext_ln203_1_reg_5901        |    7|   0|    9|          2|
    |sext_ln203_reg_5711          |    7|   0|   10|          3|
    |sext_ln90_reg_5895           |    7|   0|   10|          3|
    |shl_ln132_1_reg_6287         |    2|   0|    3|          1|
    |shl_ln90_1_reg_5954          |    4|   0|    5|          1|
    |shl_ln_reg_5722              |    3|   0|    5|          2|
    |sub_ln115_reg_6047           |    7|   0|    8|          1|
    |sub_ln1265_1_reg_6145        |    9|   0|   11|          2|
    |sub_ln203_2_reg_5735         |   10|   0|   13|          3|
    |sub_ln203_3_reg_5914         |    9|   0|   11|          2|
    |sub_ln90_1_reg_5919          |   60|   0|   64|          4|
    |sub_ln90_2_reg_5930          |   60|   0|   64|          4|
    |sum_V_16_reg_5853            |   32|   0|   32|          0|
    |sum_V_18_reg_6195            |   32|   0|   32|          0|
    |sum_V_20_reg_6496            |   32|   0|   32|          0|
    |sum_V_22_reg_6635            |   32|   0|   32|          0|
    |sum_V_24_reg_6754            |   32|   0|   32|          0|
    |tmp_106_reg_6485             |    1|   0|    1|          0|
    |tmp_114_reg_6184             |    1|   0|    1|          0|
    |tmp_37_cast_reg_6060         |    9|   0|   12|          3|
    |tmp_39_cast_reg_6250         |    8|   0|   10|          2|
    |tmp_46_reg_6335              |   10|   0|   11|          1|
    |tmp_47_reg_6345              |   10|   0|   11|          1|
    |tmp_54_cast_reg_6452         |    8|   0|   10|          2|
    |tmp_60_reg_5842              |    1|   0|    1|          0|
    |tmp_85_reg_6624              |    1|   0|    1|          0|
    |tmp_98_reg_6743              |    1|   0|    1|          0|
    |trunc_ln132_1_reg_6282       |    2|   0|    2|          0|
    |trunc_ln132_reg_6255         |    2|   0|    2|          0|
    |trunc_ln89_reg_5935          |    9|   0|   13|          4|
    |trunc_ln90_reg_5924          |    9|   0|   13|          4|
    |underflow_1_reg_5809         |    1|   0|    1|          0|
    |underflow_2_reg_6429         |    1|   0|    1|          0|
    |underflow_3_reg_6127         |    1|   0|    1|          0|
    |underflow_4_reg_6599         |    1|   0|    1|          0|
    |x13_0_reg_1061               |    3|   0|    3|          0|
    |x16_0_reg_1141               |    3|   0|    3|          0|
    |x3_0_reg_925                 |    4|   0|    4|          0|
    |x6_0_reg_959                 |    4|   0|    4|          0|
    |x_0_reg_847                  |    5|   0|    5|          0|
    |x_1_reg_5748                 |    5|   0|    5|          0|
    |x_2_reg_6272                 |    3|   0|    3|          0|
    |x_3_reg_6068                 |    4|   0|    4|          0|
    |x_4_reg_6460                 |    3|   0|    3|          0|
    |x_reg_5944                   |    4|   0|    4|          0|
    |xor_ln785_11_reg_6589        |    1|   0|    1|          0|
    |xor_ln785_1_reg_5799         |    1|   0|    1|          0|
    |xor_ln785_5_reg_6419         |    1|   0|    1|          0|
    |xor_ln785_7_reg_6117         |    1|   0|    1|          0|
    |y12_0_reg_1050               |    3|   0|    3|          0|
    |y15_0_reg_1118               |    3|   0|    3|          0|
    |y2_0_reg_914                 |    4|   0|    4|          0|
    |y5_0_reg_947                 |    4|   0|    4|          0|
    |y_0_reg_835                  |    5|   0|    5|          0|
    |y_1_reg_5909                 |    4|   0|    4|          0|
    |y_2_reg_6055                 |    4|   0|    4|          0|
    |y_3_reg_6245                 |    3|   0|    3|          0|
    |y_4_reg_6447                 |    3|   0|    3|          0|
    |y_reg_5730                   |    5|   0|    5|          0|
    |zext_ln1265_1_reg_6036       |    5|   0|    9|          4|
    |zext_ln129_reg_6237          |    5|   0|    8|          3|
    |zext_ln143_reg_6384          |    7|   0|   64|         57|
    |zext_ln150_reg_6439          |    5|   0|    8|          3|
    |zext_ln161_reg_6555          |    7|   0|   64|         57|
    |zext_ln64_reg_5698           |    3|   0|    4|          1|
    |zext_ln68_reg_5740           |    5|   0|   11|          6|
    +-----------------------------+-----+----+-----+-----------+
    |Total                        | 2850|   0| 3091|        241|
    +-----------------------------+-----+----+-----+-----------+



================================================================
== Interface
================================================================
* Summary: 
+-----------------------+-----+-----+------------+--------------+--------------+
|       RTL Ports       | Dir | Bits|  Protocol  | Source Object|    C Type    |
+-----------------------+-----+-----+------------+--------------+--------------+
|s_axi_control_AWVALID  |  in |    1|    s_axi   |    control   |    pointer   |
|s_axi_control_AWREADY  | out |    1|    s_axi   |    control   |    pointer   |
|s_axi_control_AWADDR   |  in |    7|    s_axi   |    control   |    pointer   |
|s_axi_control_WVALID   |  in |    1|    s_axi   |    control   |    pointer   |
|s_axi_control_WREADY   | out |    1|    s_axi   |    control   |    pointer   |
|s_axi_control_WDATA    |  in |   32|    s_axi   |    control   |    pointer   |
|s_axi_control_WSTRB    |  in |    4|    s_axi   |    control   |    pointer   |
|s_axi_control_ARVALID  |  in |    1|    s_axi   |    control   |    pointer   |
|s_axi_control_ARREADY  | out |    1|    s_axi   |    control   |    pointer   |
|s_axi_control_ARADDR   |  in |    7|    s_axi   |    control   |    pointer   |
|s_axi_control_RVALID   | out |    1|    s_axi   |    control   |    pointer   |
|s_axi_control_RREADY   |  in |    1|    s_axi   |    control   |    pointer   |
|s_axi_control_RDATA    | out |   32|    s_axi   |    control   |    pointer   |
|s_axi_control_RRESP    | out |    2|    s_axi   |    control   |    pointer   |
|s_axi_control_BVALID   | out |    1|    s_axi   |    control   |    pointer   |
|s_axi_control_BREADY   |  in |    1|    s_axi   |    control   |    pointer   |
|s_axi_control_BRESP    | out |    2|    s_axi   |    control   |    pointer   |
|ap_clk                 |  in |    1| ap_ctrl_hs |  lenet_accel | return value |
|ap_rst_n               |  in |    1| ap_ctrl_hs |  lenet_accel | return value |
|interrupt              | out |    1| ap_ctrl_hs |  lenet_accel | return value |
|m_axi_gmem0_AWVALID    | out |    1|    m_axi   |     gmem0    |    pointer   |
|m_axi_gmem0_AWREADY    |  in |    1|    m_axi   |     gmem0    |    pointer   |
|m_axi_gmem0_AWADDR     | out |   32|    m_axi   |     gmem0    |    pointer   |
|m_axi_gmem0_AWID       | out |    1|    m_axi   |     gmem0    |    pointer   |
|m_axi_gmem0_AWLEN      | out |    8|    m_axi   |     gmem0    |    pointer   |
|m_axi_gmem0_AWSIZE     | out |    3|    m_axi   |     gmem0    |    pointer   |
|m_axi_gmem0_AWBURST    | out |    2|    m_axi   |     gmem0    |    pointer   |
|m_axi_gmem0_AWLOCK     | out |    2|    m_axi   |     gmem0    |    pointer   |
|m_axi_gmem0_AWCACHE    | out |    4|    m_axi   |     gmem0    |    pointer   |
|m_axi_gmem0_AWPROT     | out |    3|    m_axi   |     gmem0    |    pointer   |
|m_axi_gmem0_AWQOS      | out |    4|    m_axi   |     gmem0    |    pointer   |
|m_axi_gmem0_AWREGION   | out |    4|    m_axi   |     gmem0    |    pointer   |
|m_axi_gmem0_AWUSER     | out |    1|    m_axi   |     gmem0    |    pointer   |
|m_axi_gmem0_WVALID     | out |    1|    m_axi   |     gmem0    |    pointer   |
|m_axi_gmem0_WREADY     |  in |    1|    m_axi   |     gmem0    |    pointer   |
|m_axi_gmem0_WDATA      | out |   32|    m_axi   |     gmem0    |    pointer   |
|m_axi_gmem0_WSTRB      | out |    4|    m_axi   |     gmem0    |    pointer   |
|m_axi_gmem0_WLAST      | out |    1|    m_axi   |     gmem0    |    pointer   |
|m_axi_gmem0_WID        | out |    1|    m_axi   |     gmem0    |    pointer   |
|m_axi_gmem0_WUSER      | out |    1|    m_axi   |     gmem0    |    pointer   |
|m_axi_gmem0_ARVALID    | out |    1|    m_axi   |     gmem0    |    pointer   |
|m_axi_gmem0_ARREADY    |  in |    1|    m_axi   |     gmem0    |    pointer   |
|m_axi_gmem0_ARADDR     | out |   32|    m_axi   |     gmem0    |    pointer   |
|m_axi_gmem0_ARID       | out |    1|    m_axi   |     gmem0    |    pointer   |
|m_axi_gmem0_ARLEN      | out |    8|    m_axi   |     gmem0    |    pointer   |
|m_axi_gmem0_ARSIZE     | out |    3|    m_axi   |     gmem0    |    pointer   |
|m_axi_gmem0_ARBURST    | out |    2|    m_axi   |     gmem0    |    pointer   |
|m_axi_gmem0_ARLOCK     | out |    2|    m_axi   |     gmem0    |    pointer   |
|m_axi_gmem0_ARCACHE    | out |    4|    m_axi   |     gmem0    |    pointer   |
|m_axi_gmem0_ARPROT     | out |    3|    m_axi   |     gmem0    |    pointer   |
|m_axi_gmem0_ARQOS      | out |    4|    m_axi   |     gmem0    |    pointer   |
|m_axi_gmem0_ARREGION   | out |    4|    m_axi   |     gmem0    |    pointer   |
|m_axi_gmem0_ARUSER     | out |    1|    m_axi   |     gmem0    |    pointer   |
|m_axi_gmem0_RVALID     |  in |    1|    m_axi   |     gmem0    |    pointer   |
|m_axi_gmem0_RREADY     | out |    1|    m_axi   |     gmem0    |    pointer   |
|m_axi_gmem0_RDATA      |  in |   32|    m_axi   |     gmem0    |    pointer   |
|m_axi_gmem0_RLAST      |  in |    1|    m_axi   |     gmem0    |    pointer   |
|m_axi_gmem0_RID        |  in |    1|    m_axi   |     gmem0    |    pointer   |
|m_axi_gmem0_RUSER      |  in |    1|    m_axi   |     gmem0    |    pointer   |
|m_axi_gmem0_RRESP      |  in |    2|    m_axi   |     gmem0    |    pointer   |
|m_axi_gmem0_BVALID     |  in |    1|    m_axi   |     gmem0    |    pointer   |
|m_axi_gmem0_BREADY     | out |    1|    m_axi   |     gmem0    |    pointer   |
|m_axi_gmem0_BRESP      |  in |    2|    m_axi   |     gmem0    |    pointer   |
|m_axi_gmem0_BID        |  in |    1|    m_axi   |     gmem0    |    pointer   |
|m_axi_gmem0_BUSER      |  in |    1|    m_axi   |     gmem0    |    pointer   |
|m_axi_gmem1_AWVALID    | out |    1|    m_axi   |     gmem1    |    pointer   |
|m_axi_gmem1_AWREADY    |  in |    1|    m_axi   |     gmem1    |    pointer   |
|m_axi_gmem1_AWADDR     | out |   32|    m_axi   |     gmem1    |    pointer   |
|m_axi_gmem1_AWID       | out |    1|    m_axi   |     gmem1    |    pointer   |
|m_axi_gmem1_AWLEN      | out |    8|    m_axi   |     gmem1    |    pointer   |
|m_axi_gmem1_AWSIZE     | out |    3|    m_axi   |     gmem1    |    pointer   |
|m_axi_gmem1_AWBURST    | out |    2|    m_axi   |     gmem1    |    pointer   |
|m_axi_gmem1_AWLOCK     | out |    2|    m_axi   |     gmem1    |    pointer   |
|m_axi_gmem1_AWCACHE    | out |    4|    m_axi   |     gmem1    |    pointer   |
|m_axi_gmem1_AWPROT     | out |    3|    m_axi   |     gmem1    |    pointer   |
|m_axi_gmem1_AWQOS      | out |    4|    m_axi   |     gmem1    |    pointer   |
|m_axi_gmem1_AWREGION   | out |    4|    m_axi   |     gmem1    |    pointer   |
|m_axi_gmem1_AWUSER     | out |    1|    m_axi   |     gmem1    |    pointer   |
|m_axi_gmem1_WVALID     | out |    1|    m_axi   |     gmem1    |    pointer   |
|m_axi_gmem1_WREADY     |  in |    1|    m_axi   |     gmem1    |    pointer   |
|m_axi_gmem1_WDATA      | out |   32|    m_axi   |     gmem1    |    pointer   |
|m_axi_gmem1_WSTRB      | out |    4|    m_axi   |     gmem1    |    pointer   |
|m_axi_gmem1_WLAST      | out |    1|    m_axi   |     gmem1    |    pointer   |
|m_axi_gmem1_WID        | out |    1|    m_axi   |     gmem1    |    pointer   |
|m_axi_gmem1_WUSER      | out |    1|    m_axi   |     gmem1    |    pointer   |
|m_axi_gmem1_ARVALID    | out |    1|    m_axi   |     gmem1    |    pointer   |
|m_axi_gmem1_ARREADY    |  in |    1|    m_axi   |     gmem1    |    pointer   |
|m_axi_gmem1_ARADDR     | out |   32|    m_axi   |     gmem1    |    pointer   |
|m_axi_gmem1_ARID       | out |    1|    m_axi   |     gmem1    |    pointer   |
|m_axi_gmem1_ARLEN      | out |    8|    m_axi   |     gmem1    |    pointer   |
|m_axi_gmem1_ARSIZE     | out |    3|    m_axi   |     gmem1    |    pointer   |
|m_axi_gmem1_ARBURST    | out |    2|    m_axi   |     gmem1    |    pointer   |
|m_axi_gmem1_ARLOCK     | out |    2|    m_axi   |     gmem1    |    pointer   |
|m_axi_gmem1_ARCACHE    | out |    4|    m_axi   |     gmem1    |    pointer   |
|m_axi_gmem1_ARPROT     | out |    3|    m_axi   |     gmem1    |    pointer   |
|m_axi_gmem1_ARQOS      | out |    4|    m_axi   |     gmem1    |    pointer   |
|m_axi_gmem1_ARREGION   | out |    4|    m_axi   |     gmem1    |    pointer   |
|m_axi_gmem1_ARUSER     | out |    1|    m_axi   |     gmem1    |    pointer   |
|m_axi_gmem1_RVALID     |  in |    1|    m_axi   |     gmem1    |    pointer   |
|m_axi_gmem1_RREADY     | out |    1|    m_axi   |     gmem1    |    pointer   |
|m_axi_gmem1_RDATA      |  in |   32|    m_axi   |     gmem1    |    pointer   |
|m_axi_gmem1_RLAST      |  in |    1|    m_axi   |     gmem1    |    pointer   |
|m_axi_gmem1_RID        |  in |    1|    m_axi   |     gmem1    |    pointer   |
|m_axi_gmem1_RUSER      |  in |    1|    m_axi   |     gmem1    |    pointer   |
|m_axi_gmem1_RRESP      |  in |    2|    m_axi   |     gmem1    |    pointer   |
|m_axi_gmem1_BVALID     |  in |    1|    m_axi   |     gmem1    |    pointer   |
|m_axi_gmem1_BREADY     | out |    1|    m_axi   |     gmem1    |    pointer   |
|m_axi_gmem1_BRESP      |  in |    2|    m_axi   |     gmem1    |    pointer   |
|m_axi_gmem1_BID        |  in |    1|    m_axi   |     gmem1    |    pointer   |
|m_axi_gmem1_BUSER      |  in |    1|    m_axi   |     gmem1    |    pointer   |
+-----------------------+-----+-----+------------+--------------+--------------+

