

================================================================
== Vivado HLS Report for 'lenet_accel'
================================================================
* Date:           Sat Sep  5 21:51:48 2026

* Version:        2019.2 (Build 2704478 on Wed Nov 06 22:10:23 MST 2019)
* Project:        design
* Solution:       solution1
* Product family: zynq
* Target device:  xc7z020-clg400-1


================================================================
== Performance Estimates
================================================================
+ Timing: 
    * Summary: 
    +--------+----------+----------+------------+
    |  Clock |  Target  | Estimated| Uncertainty|
    +--------+----------+----------+------------+
    |ap_clk  | 10.00 ns | 8.750 ns |   1.25 ns  |
    +--------+----------+----------+------------+

+ Latency: 
    * Summary: 
    +---------+---------+-----------+-----------+---------+---------+---------+
    |  Latency (cycles) |   Latency (absolute)  |      Interval     | Pipeline|
    |   min   |   max   |    min    |    max    |   min   |   max   |   Type  |
    +---------+---------+-----------+-----------+---------+---------+---------+
    |  1657335|  3099675| 16.573 ms | 30.997 ms |  1657335|  3099675|   none  |
    +---------+---------+-----------+-----------+---------+---------+---------+

    + Detail: 
        * Instance: 
        +--------------------------+--------------+---------+---------+-----------+----------+------+--------+---------+
        |                          |              |  Latency (cycles) |  Latency (absolute)  |    Interval   | Pipeline|
        |         Instance         |    Module    |   min   |   max   |    min    |    max   |  min |   max  |   Type  |
        +--------------------------+--------------+---------+---------+-----------+----------+------+--------+---------+
        |grp_dense_shared_fu_1219  |dense_shared  |     4241|   154081| 42.410 us | 1.541 ms |  4241|  154081|   none  |
        +--------------------------+--------------+---------+---------+-----------+----------+------+--------+---------+

        * Loop: 
        +---------------------+---------+---------+----------------+-----------+-----------+-------------+----------+
        |                     |  Latency (cycles) |    Iteration   |  Initiation Interval  |     Trip    |          |
        |      Loop Name      |   min   |   max   |     Latency    |  achieved |   target  |    Count    | Pipelined|
        +---------------------+---------+---------+----------------+-----------+-----------+-------------+----------+
        |- CONV1_OC           |   539436|   539436|           89906|          -|          -|            6|    no    |
        | + CONV1_Y           |    89904|    89904|            3746|          -|          -|           24|    no    |
        |  ++ CONV1_X         |     3744|     3744|             156|          -|          -|           24|    no    |
        |   +++ CONV1_KY      |      145|      145|              29|          -|          -|            5|    no    |
        |    ++++ CONV1_KX    |       20|       20|               4|          -|          -|            5|    no    |
        |- POOL1_OC           |     6204|     6204|            1034|          -|          -|            6|    no    |
        | + POOL1_Y           |     1032|     1032|              86|          -|          -|           12|    no    |
        |  ++ POOL1_X         |       84|       84|               7|          -|          -|           12|    no    |
        |- CONV2_OC           |  1068320|  1068320|           66770|          -|          -|           16|    no    |
        | + CONV2_Y           |    66768|    66768|            8346|          -|          -|            8|    no    |
        |  ++ CONV2_X         |     8344|     8344|            1043|          -|          -|            8|    no    |
        |   +++ CONV2_IC      |     1032|     1032|             172|          -|          -|            6|    no    |
        |    ++++ CONV2_KY    |      170|      170|              34|          -|          -|            5|    no    |
        |     +++++ CONV2_KX  |       25|       25|               5|          -|          -|            5|    no    |
        |- POOL2_OC           |     1952|     1952|             122|          -|          -|           16|    no    |
        | + POOL2_Y           |      120|      120|              30|          -|          -|            4|    no    |
        |  ++ POOL2_X         |       28|       28|               7|          -|          -|            4|    no    |
        |- Loop 5             |      512|      512|               2|          -|          -|          256|    no    |
        |- FC_STAGE           |    40878|  1483218| 13626 ~ 494406 |          -|          -|            3|    no    |
        | + LOAD_W            |     9240|   337920|              11|          -|          -| 840 ~ 30720 |    no    |
        | + LOAD_B            |      110|     1320|              11|          -|          -|   10 ~ 120  |    no    |
        | + COPY_OUT          |       30|     1080|      3 ~ 9     |          -|          -|   10 ~ 120  |    no    |
        |- ARGMAX             |       18|       18|               2|          -|          -|            9|    no    |
        +---------------------+---------+---------+----------------+-----------+-----------+-------------+----------+



================================================================
== Utilization Estimates
================================================================
* Summary: 
+-----------------+---------+-------+--------+-------+-----+
|       Name      | BRAM_18K| DSP48E|   FF   |  LUT  | URAM|
+-----------------+---------+-------+--------+-------+-----+
|DSP              |        -|      -|       -|      -|    -|
|Expression       |        -|      2|       0|   3063|    -|
|FIFO             |        -|      -|       -|      -|    -|
|Instance         |        4|      1|    1826|   2806|    -|
|Memory           |       42|      -|       0|      0|    0|
|Multiplexer      |        -|      -|       -|   1427|    -|
|Register         |        -|      -|    2452|      -|    -|
+-----------------+---------+-------+--------+-------+-----+
|Total            |       46|      3|    4278|   7296|    0|
+-----------------+---------+-------+--------+-------+-----+
|Available        |      280|    220|  106400|  53200|    0|
+-----------------+---------+-------+--------+-------+-----+
|Utilization (%)  |       16|      1|       4|     13|    0|
+-----------------+---------+-------+--------+-------+-----+

+ Detail: 
    * Instance: 
    +-----------------------------+---------------------------+---------+-------+-----+-----+-----+
    |           Instance          |           Module          | BRAM_18K| DSP48E|  FF | LUT | URAM|
    +-----------------------------+---------------------------+---------+-------+-----+-----+-----+
    |grp_dense_shared_fu_1219     |dense_shared               |        0|      1|  250|  636|    0|
    |lenet_accel_control_s_axi_U  |lenet_accel_control_s_axi  |        0|      0|  502|  816|    0|
    |lenet_accel_gmem0_m_axi_U    |lenet_accel_gmem0_m_axi    |        2|      0|  537|  677|    0|
    |lenet_accel_gmem1_m_axi_U    |lenet_accel_gmem1_m_axi    |        2|      0|  537|  677|    0|
    +-----------------------------+---------------------------+---------+-------+-----+-----+-----+
    |Total                        |                           |        4|      1| 1826| 2806|    0|
    +-----------------------------+---------------------------+---------+-------+-----+-----+-----+

    * DSP48E: 
    N/A

    * Memory: 
    +-------------------+----------------------+---------+---+----+-----+-------+-----+------+-------------+
    |       Memory      |        Module        | BRAM_18K| FF| LUT| URAM| Words | Bits| Banks| W*Bits*Banks|
    +-------------------+----------------------+---------+---+----+-----+-------+-----+------+-------------+
    |conv1_V_U          |lenet_accel_conv1_V   |        4|  0|   0|    0|   3456|   15|     1|        51840|
    |conv2_V_U          |lenet_accel_conv2_V   |        1|  0|   0|    0|   1024|   15|     1|        15360|
    |dense_input_V_U    |lenet_accel_densebkb  |        1|  0|   0|    0|    256|   16|     1|         4096|
    |dense_weights_V_U  |lenet_accel_densecud  |       32|  0|   0|    0|  30720|   16|     1|       491520|
    |dense_biases_V_U   |lenet_accel_densedEe  |        1|  0|   0|    0|    120|   16|     1|         1920|
    |dense_output_V_U   |lenet_accel_densedEe  |        1|  0|   0|    0|    120|   16|     1|         1920|
    |pool1_V_U          |lenet_accel_pool1_V   |        1|  0|   0|    0|    864|   15|     1|        12960|
    |pool2_V_U          |lenet_accel_pool2_V   |        1|  0|   0|    0|    256|   15|     1|         3840|
    +-------------------+----------------------+---------+---+----+-----+-------+-----+------+-------------+
    |Total              |                      |       42|  0|   0|    0|  36816|  124|     8|       583456|
    +-------------------+----------------------+---------+---+----+-----+-------+-----+------+-------------+

    * FIFO: 
    N/A

    * Expression: 
    +-------------------------------+----------+-------+---+----+------------+------------+
    |         Variable Name         | Operation| DSP48E| FF| LUT| Bitwidth P0| Bitwidth P1|
    +-------------------------------+----------+-------+---+----+------------+------------+
    |mul_ln170_fu_3795_p2           |     *    |      0|  0|  51|           9|           7|
    |r_V_1_fu_3176_p2               |     *    |      1|  0|  40|          24|          23|
    |r_V_fu_1963_p2                 |     *    |      1|  0|  40|          24|          24|
    |add_ln108_1_fu_2432_p2         |     +    |      0|  0|  14|          10|          10|
    |add_ln108_2_fu_2504_p2         |     +    |      0|  0|  17|          13|          13|
    |add_ln108_3_fu_2514_p2         |     +    |      0|  0|  17|          13|          13|
    |add_ln108_4_fu_2529_p2         |     +    |      0|  0|  17|          13|          13|
    |add_ln108_5_fu_2539_p2         |     +    |      0|  0|  17|          13|          13|
    |add_ln108_6_fu_2568_p2         |     +    |      0|  0|  71|          64|          64|
    |add_ln108_7_fu_2583_p2         |     +    |      0|  0|  71|          64|          64|
    |add_ln108_fu_2383_p2           |     +    |      0|  0|  14|          10|          10|
    |add_ln1265_1_fu_2626_p2        |     +    |      0|  0|  39|          32|          32|
    |add_ln1265_2_fu_1684_p2        |     +    |      0|  0|  40|          33|          33|
    |add_ln1265_3_fu_1699_p2        |     +    |      0|  0|  39|          32|          32|
    |add_ln1265_4_fu_3054_p2        |     +    |      0|  0|  15|           9|           9|
    |add_ln1265_5_fu_3103_p2        |     +    |      0|  0|  40|          33|          33|
    |add_ln1265_6_fu_3144_p2        |     +    |      0|  0|  13|          11|          11|
    |add_ln1265_fu_1478_p2          |     +    |      0|  0|  39|          32|          32|
    |add_ln133_1_fu_3037_p2         |     +    |      0|  0|  13|          11|          11|
    |add_ln133_2_fu_3028_p2         |     +    |      0|  0|  15|           9|           9|
    |add_ln133_3_fu_3089_p2         |     +    |      0|  0|  17|          13|          13|
    |add_ln133_fu_2741_p2           |     +    |      0|  0|  15|           8|           8|
    |add_ln1494_fu_3981_p2          |     +    |      0|  0|  39|          32|           1|
    |add_ln172_1_fu_3839_p2         |     +    |      0|  0|  39|          32|          32|
    |add_ln172_2_fu_3824_p2         |     +    |      0|  0|  39|          32|          32|
    |add_ln172_fu_3854_p2           |     +    |      0|  0|  39|          32|          32|
    |add_ln177_1_fu_3903_p2         |     +    |      0|  0|  39|          32|          32|
    |add_ln177_2_fu_3888_p2         |     +    |      0|  0|  39|          32|          32|
    |add_ln177_fu_3918_p2           |     +    |      0|  0|  39|          32|          32|
    |add_ln203_1_fu_2340_p2         |     +    |      0|  0|  15|           9|           9|
    |add_ln203_2_fu_2689_p2         |     +    |      0|  0|  15|           9|           9|
    |add_ln203_3_fu_2487_p2         |     +    |      0|  0|  13|          11|          11|
    |add_ln203_4_fu_1718_p2         |     +    |      0|  0|  17|          13|          13|
    |add_ln203_5_fu_3507_p2         |     +    |      0|  0|  15|           8|           8|
    |add_ln203_6_fu_3552_p2         |     +    |      0|  0|  14|          10|          10|
    |add_ln203_7_fu_3409_p2         |     +    |      0|  0|  12|          12|          12|
    |add_ln203_8_fu_3966_p2         |     +    |      0|  0|  39|          32|          32|
    |add_ln203_fu_1517_p2           |     +    |      0|  0|  14|          10|          10|
    |add_ln92_1_fu_1657_p2          |     +    |      0|  0|  11|          11|          11|
    |add_ln92_fu_1595_p2            |     +    |      0|  0|  15|           5|           5|
    |add_ln93_1_fu_1631_p2          |     +    |      0|  0|  13|           4|           4|
    |add_ln93_2_fu_1674_p2          |     +    |      0|  0|  15|           8|           8|
    |add_ln93_fu_1640_p2            |     +    |      0|  0|  15|           5|           5|
    |i_1_fu_4022_p2                 |     +    |      0|  0|  13|           4|           1|
    |i_2_fu_3810_p2                 |     +    |      0|  0|  21|          15|           1|
    |i_fu_3700_p2                   |     +    |      0|  0|  15|           9|           1|
    |ic_fu_2735_p2                  |     +    |      0|  0|  12|           3|           1|
    |in_idx_x_fu_3134_p2            |     +    |      0|  0|  13|           4|           4|
    |in_idx_y_fu_3022_p2            |     +    |      0|  0|  13|           4|           4|
    |kx_1_fu_3128_p2                |     +    |      0|  0|  12|           3|           1|
    |kx_fu_1935_p2                  |     +    |      0|  0|  12|           3|           1|
    |ky_1_fu_3016_p2                |     +    |      0|  0|  12|           3|           1|
    |ky_fu_1589_p2                  |     +    |      0|  0|  12|           3|           1|
    |o_1_fu_3951_p2                 |     +    |      0|  0|  15|           7|           1|
    |o_fu_3874_p2                   |     +    |      0|  0|  15|           7|           1|
    |oc_1_fu_2250_p2                |     +    |      0|  0|  12|           3|           1|
    |oc_2_fu_2604_p2                |     +    |      0|  0|  15|           5|           1|
    |oc_3_fu_3473_p2                |     +    |      0|  0|  15|           5|           1|
    |oc_fu_1434_p2                  |     +    |      0|  0|  12|           3|           1|
    |p_Val2_14_fu_2834_p2           |     +    |      0|  0|  23|          16|          16|
    |p_Val2_3_fu_1761_p2            |     +    |      0|  0|  23|          16|          16|
    |ret_V_1_fu_3205_p2             |     +    |      0|  0|  58|          51|          51|
    |ret_V_fu_1992_p2               |     +    |      0|  0|  58|          51|          51|
    |stage_fu_3731_p2               |     +    |      0|  0|  10|           2|           1|
    |sum_V_7_fu_2027_p2             |     +    |      0|  0|  39|          32|          32|
    |sum_V_9_fu_3240_p2             |     +    |      0|  0|  39|          32|          32|
    |x_1_fu_1558_p2                 |     +    |      0|  0|  15|           5|           1|
    |x_2_fu_3542_p2                 |     +    |      0|  0|  12|           3|           1|
    |x_3_fu_2708_p2                 |     +    |      0|  0|  13|           4|           1|
    |x_fu_2477_p2                   |     +    |      0|  0|  13|           4|           1|
    |y_1_fu_2330_p2                 |     +    |      0|  0|  13|           4|           1|
    |y_2_fu_2679_p2                 |     +    |      0|  0|  13|           4|           1|
    |y_3_fu_3497_p2                 |     +    |      0|  0|  12|           3|           1|
    |y_fu_1507_p2                   |     +    |      0|  0|  15|           5|           1|
    |sub_ln108_1_fu_2412_p2         |     -    |      0|  0|  71|          64|          64|
    |sub_ln108_2_fu_2461_p2         |     -    |      0|  0|  71|          64|          64|
    |sub_ln108_fu_2280_p2           |     -    |      0|  0|  15|           9|           9|
    |sub_ln1265_1_fu_3079_p2        |     -    |      0|  0|  13|          11|          11|
    |sub_ln1265_fu_2786_p2          |     -    |      0|  0|  15|           8|           8|
    |sub_ln133_fu_2667_p2           |     -    |      0|  0|  15|           8|           8|
    |sub_ln203_1_fu_2314_p2         |     -    |      0|  0|  15|           8|           8|
    |sub_ln203_2_fu_1542_p2         |     -    |      0|  0|  17|          13|          13|
    |sub_ln203_3_fu_2365_p2         |     -    |      0|  0|  13|          11|          11|
    |sub_ln203_fu_1468_p2           |     -    |      0|  0|  15|           9|           9|
    |sub_ln92_fu_1625_p2            |     -    |      0|  0|  11|          11|          11|
    |and_ln779_1_fu_2928_p2         |    and   |      0|  0|   2|           1|           1|
    |and_ln779_fu_1855_p2           |    and   |      0|  0|   2|           1|           1|
    |and_ln781_1_fu_2113_p2         |    and   |      0|  0|   2|           1|           1|
    |and_ln781_2_fu_2942_p2         |    and   |      0|  0|   2|           1|           1|
    |and_ln781_3_fu_3326_p2         |    and   |      0|  0|   2|           1|           1|
    |and_ln781_fu_1869_p2           |    and   |      0|  0|   2|           1|           1|
    |and_ln786_2_fu_2107_p2         |    and   |      0|  0|   2|           1|           1|
    |and_ln786_3_fu_2972_p2         |    and   |      0|  0|   2|           1|           1|
    |and_ln786_6_fu_3320_p2         |    and   |      0|  0|   2|           1|           1|
    |and_ln786_fu_1899_p2           |    and   |      0|  0|   2|           1|           1|
    |ap_block_state140              |    and   |      0|  0|   2|           1|           1|
    |ap_block_state149              |    and   |      0|  0|   2|           1|           1|
    |ap_block_state37_io            |    and   |      0|  0|   2|           1|           1|
    |ap_block_state4_io             |    and   |      0|  0|   2|           1|           1|
    |ap_block_state72_io            |    and   |      0|  0|   2|           1|           1|
    |carry_1_fu_1781_p2             |    and   |      0|  0|   2|           1|           1|
    |carry_3_fu_2047_p2             |    and   |      0|  0|   2|           1|           1|
    |carry_5_fu_2854_p2             |    and   |      0|  0|   2|           1|           1|
    |carry_7_fu_3260_p2             |    and   |      0|  0|   2|           1|           1|
    |deleted_ones_1_fu_2101_p2      |    and   |      0|  0|   2|           1|           1|
    |deleted_ones_3_fu_3314_p2      |    and   |      0|  0|   2|           1|           1|
    |overflow_1_fu_1893_p2          |    and   |      0|  0|   2|           1|           1|
    |overflow_2_fu_2966_p2          |    and   |      0|  0|   2|           1|           1|
    |overflow_3_fu_3344_p2          |    and   |      0|  0|   2|           1|           1|
    |overflow_fu_2131_p2            |    and   |      0|  0|   2|           1|           1|
    |underflow_1_fu_1917_p2         |    and   |      0|  0|   2|           1|           1|
    |underflow_2_fu_2990_p2         |    and   |      0|  0|   2|           1|           1|
    |underflow_3_fu_3361_p2         |    and   |      0|  0|   2|           1|           1|
    |underflow_fu_2148_p2           |    and   |      0|  0|   2|           1|           1|
    |Range1_all_ones_2_fu_2894_p2   |   icmp   |      0|  0|  11|           8|           2|
    |Range1_all_ones_fu_1821_p2     |   icmp   |      0|  0|  11|           8|           2|
    |Range1_all_zeros_1_fu_2900_p2  |   icmp   |      0|  0|  11|           8|           1|
    |Range1_all_zeros_fu_1827_p2    |   icmp   |      0|  0|  11|           8|           1|
    |Range2_all_ones_2_fu_2878_p2   |   icmp   |      0|  0|  11|           7|           2|
    |Range2_all_ones_fu_1805_p2     |   icmp   |      0|  0|  11|           7|           2|
    |grp_fu_1234_p2                 |   icmp   |      0|  0|  13|          15|          15|
    |grp_fu_1240_p2                 |   icmp   |      0|  0|  13|          15|          15|
    |icmp_ln103_fu_2244_p2          |   icmp   |      0|  0|   9|           3|           3|
    |icmp_ln105_fu_2324_p2          |   icmp   |      0|  0|   9|           4|           4|
    |icmp_ln107_fu_2471_p2          |   icmp   |      0|  0|   9|           4|           4|
    |icmp_ln118_fu_2598_p2          |   icmp   |      0|  0|  11|           5|           6|
    |icmp_ln120_fu_2673_p2          |   icmp   |      0|  0|  11|           4|           5|
    |icmp_ln122_fu_2702_p2          |   icmp   |      0|  0|  11|           4|           5|
    |icmp_ln125_fu_2729_p2          |   icmp   |      0|  0|   9|           3|           3|
    |icmp_ln127_fu_3010_p2          |   icmp   |      0|  0|   9|           3|           3|
    |icmp_ln129_fu_3122_p2          |   icmp   |      0|  0|   9|           3|           3|
    |icmp_ln145_fu_3467_p2          |   icmp   |      0|  0|  11|           5|           6|
    |icmp_ln147_fu_3491_p2          |   icmp   |      0|  0|   9|           3|           4|
    |icmp_ln1494_1_fu_2552_p2       |   icmp   |      0|  0|  13|          15|          15|
    |icmp_ln1494_4_fu_3635_p2       |   icmp   |      0|  0|  13|          15|          15|
    |icmp_ln1494_7_fu_2229_p2       |   icmp   |      0|  0|  13|          16|           1|
    |icmp_ln1494_8_fu_3452_p2       |   icmp   |      0|  0|  13|          16|           1|
    |icmp_ln1494_fu_4002_p2         |   icmp   |      0|  0|  13|          16|          16|
    |icmp_ln149_fu_3536_p2          |   icmp   |      0|  0|   9|           3|           4|
    |icmp_ln163_fu_3694_p2          |   icmp   |      0|  0|  13|           9|          10|
    |icmp_ln166_fu_3725_p2          |   icmp   |      0|  0|   8|           2|           2|
    |icmp_ln167_1_fu_3743_p2        |   icmp   |      0|  0|   8|           2|           1|
    |icmp_ln167_fu_3737_p2          |   icmp   |      0|  0|   8|           2|           1|
    |icmp_ln170_fu_3805_p2          |   icmp   |      0|  0|  13|          16|          16|
    |icmp_ln175_fu_3869_p2          |   icmp   |      0|  0|  11|           7|           7|
    |icmp_ln179_fu_3933_p2          |   icmp   |      0|  0|   9|           2|           3|
    |icmp_ln182_fu_3946_p2          |   icmp   |      0|  0|  11|           7|           7|
    |icmp_ln184_fu_3940_p2          |   icmp   |      0|  0|   9|           2|           3|
    |icmp_ln192_fu_3996_p2          |   icmp   |      0|  0|   9|           4|           4|
    |icmp_ln82_fu_1428_p2           |   icmp   |      0|  0|   9|           3|           3|
    |icmp_ln84_fu_1501_p2           |   icmp   |      0|  0|  11|           5|           5|
    |icmp_ln86_fu_1552_p2           |   icmp   |      0|  0|  11|           5|           5|
    |icmp_ln89_fu_1583_p2           |   icmp   |      0|  0|   9|           3|           3|
    |icmp_ln91_fu_1929_p2           |   icmp   |      0|  0|   9|           3|           3|
    |ap_block_state14_io            |    or    |      0|  0|   2|           1|           1|
    |ap_block_state21               |    or    |      0|  0|   2|           1|           1|
    |or_ln108_1_fu_2519_p2          |    or    |      0|  0|   5|           5|           1|
    |or_ln108_fu_2422_p2            |    or    |      0|  0|   5|           5|           1|
    |or_ln150_1_fu_3585_p2          |    or    |      0|  0|   3|           3|           1|
    |or_ln150_fu_3530_p2            |    or    |      0|  0|   3|           3|           1|
    |or_ln167_fu_3757_p2            |    or    |      0|  0|   2|           1|           1|
    |or_ln340_10_fu_3423_p2         |    or    |      0|  0|   2|           1|           1|
    |or_ln340_11_fu_3372_p2         |    or    |      0|  0|   2|           1|           1|
    |or_ln340_1_fu_2153_p2          |    or    |      0|  0|   2|           1|           1|
    |or_ln340_2_fu_2164_p2          |    or    |      0|  0|   2|           1|           1|
    |or_ln340_3_fu_2196_p2          |    or    |      0|  0|   2|           1|           1|
    |or_ln340_4_fu_2996_p2          |    or    |      0|  0|   2|           1|           1|
    |or_ln340_5_fu_3366_p2          |    or    |      0|  0|   2|           1|           1|
    |or_ln340_6_fu_3377_p2          |    or    |      0|  0|   2|           1|           1|
    |or_ln340_7_fu_2200_p2          |    or    |      0|  0|   2|           1|           1|
    |or_ln340_8_fu_2159_p2          |    or    |      0|  0|   2|           1|           1|
    |or_ln340_9_fu_3419_p2          |    or    |      0|  0|   2|           1|           1|
    |or_ln340_fu_1923_p2            |    or    |      0|  0|   2|           1|           1|
    |or_ln416_1_fu_3308_p2          |    or    |      0|  0|   2|           1|           1|
    |or_ln416_2_fu_2089_p2          |    or    |      0|  0|   2|           1|           1|
    |or_ln416_3_fu_3302_p2          |    or    |      0|  0|   2|           1|           1|
    |or_ln416_fu_2095_p2            |    or    |      0|  0|   2|           1|           1|
    |or_ln785_1_fu_2121_p2          |    or    |      0|  0|   2|           1|           1|
    |or_ln785_2_fu_2954_p2          |    or    |      0|  0|   2|           1|           1|
    |or_ln785_3_fu_3334_p2          |    or    |      0|  0|   2|           1|           1|
    |or_ln785_fu_1881_p2            |    or    |      0|  0|   2|           1|           1|
    |or_ln786_1_fu_2137_p2          |    or    |      0|  0|   2|           1|           1|
    |or_ln786_2_fu_2978_p2          |    or    |      0|  0|   2|           1|           1|
    |or_ln786_3_fu_3350_p2          |    or    |      0|  0|   2|           1|           1|
    |or_ln786_fu_1905_p2            |    or    |      0|  0|   2|           1|           1|
    |conv1_V_d0                     |  select  |      0|  0|  15|           1|          15|
    |conv2_V_d0                     |  select  |      0|  0|  15|           1|          15|
    |deleted_ones_2_fu_2934_p3      |  select  |      0|  0|   2|           1|           1|
    |deleted_ones_fu_1861_p3        |  select  |      0|  0|   2|           1|           1|
    |deleted_zeros_1_fu_2906_p3     |  select  |      0|  0|   2|           1|           1|
    |deleted_zeros_fu_1833_p3       |  select  |      0|  0|   2|           1|           1|
    |inputs_fu_3763_p3              |  select  |      0|  0|   9|           1|           9|
    |outputs_fu_3783_p3             |  select  |      0|  0|   7|           1|           7|
    |select_ln10_1_fu_3641_p3       |  select  |      0|  0|   3|           1|           3|
    |select_ln10_fu_2558_p3         |  select  |      0|  0|   5|           1|           5|
    |select_ln11_1_fu_3646_p3       |  select  |      0|  0|   3|           1|           3|
    |select_ln11_fu_2573_p3         |  select  |      0|  0|   5|           1|           5|
    |select_ln12_1_fu_3680_p3       |  select  |      0|  0|  11|           1|          11|
    |select_ln12_fu_2588_p3         |  select  |      0|  0|  64|           1|          64|
    |select_ln167_2_fu_3775_p3      |  select  |      0|  0|   7|           1|           5|
    |select_ln167_fu_3749_p3        |  select  |      0|  0|  10|           1|          10|
    |select_ln193_1_fu_4014_p3      |  select  |      0|  0|   4|           1|           4|
    |select_ln193_fu_4007_p3        |  select  |      0|  0|  16|           1|          16|
    |select_ln340_1_fu_3383_p3      |  select  |      0|  0|  32|           1|          31|
    |select_ln340_2_fu_2205_p3      |  select  |      0|  0|  16|           1|          15|
    |select_ln340_3_fu_3428_p3      |  select  |      0|  0|  16|           1|          15|
    |select_ln340_4_fu_2217_p3      |  select  |      0|  0|  16|           1|          16|
    |select_ln340_5_fu_2184_p3      |  select  |      0|  0|  32|           1|          32|
    |select_ln340_6_fu_3440_p3      |  select  |      0|  0|  16|           1|          16|
    |select_ln340_7_fu_3397_p3      |  select  |      0|  0|  32|           1|          32|
    |select_ln340_fu_2170_p3        |  select  |      0|  0|  32|           1|          31|
    |select_ln388_1_fu_3390_p3      |  select  |      0|  0|  33|           1|          33|
    |select_ln388_2_fu_2211_p3      |  select  |      0|  0|  17|           1|          17|
    |select_ln388_3_fu_3434_p3      |  select  |      0|  0|  17|           1|          17|
    |select_ln388_fu_2177_p3        |  select  |      0|  0|  33|           1|          33|
    |xor_ln416_2_fu_1775_p2         |    xor   |      0|  0|   2|           1|           2|
    |xor_ln416_3_fu_2041_p2         |    xor   |      0|  0|   2|           1|           2|
    |xor_ln416_4_fu_2083_p2         |    xor   |      0|  0|   2|           1|           2|
    |xor_ln416_5_fu_3254_p2         |    xor   |      0|  0|   2|           1|           2|
    |xor_ln416_6_fu_3296_p2         |    xor   |      0|  0|   2|           1|           2|
    |xor_ln416_fu_2848_p2           |    xor   |      0|  0|   2|           1|           2|
    |xor_ln779_1_fu_2077_p2         |    xor   |      0|  0|   2|           1|           2|
    |xor_ln779_2_fu_2922_p2         |    xor   |      0|  0|   2|           1|           2|
    |xor_ln779_3_fu_3290_p2         |    xor   |      0|  0|   2|           1|           2|
    |xor_ln779_fu_1849_p2           |    xor   |      0|  0|   2|           1|           2|
    |xor_ln785_1_fu_1887_p2         |    xor   |      0|  0|   2|           1|           2|
    |xor_ln785_2_fu_2117_p2         |    xor   |      0|  0|   2|           1|           1|
    |xor_ln785_3_fu_2126_p2         |    xor   |      0|  0|   2|           1|           2|
    |xor_ln785_4_fu_2948_p2         |    xor   |      0|  0|   2|           1|           2|
    |xor_ln785_5_fu_2960_p2         |    xor   |      0|  0|   2|           1|           2|
    |xor_ln785_6_fu_3330_p2         |    xor   |      0|  0|   2|           1|           1|
    |xor_ln785_7_fu_3339_p2         |    xor   |      0|  0|   2|           1|           2|
    |xor_ln785_fu_1875_p2           |    xor   |      0|  0|   2|           1|           2|
    |xor_ln786_1_fu_2142_p2         |    xor   |      0|  0|   2|           1|           2|
    |xor_ln786_2_fu_2984_p2         |    xor   |      0|  0|   2|           1|           2|
    |xor_ln786_3_fu_3355_p2         |    xor   |      0|  0|   2|           1|           2|
    |xor_ln786_fu_1911_p2           |    xor   |      0|  0|   2|           1|           2|
    +-------------------------------+----------+-------+---+----+------------+------------+
    |Total                          |          |      2|  0|3063|        1774|        2039|
    +-------------------------------+----------+-------+---+----+------------+------------+

    * Multiplexer: 
    +--------------------------+-----+-----------+-----+-----------+
    |           Name           | LUT | Input Size| Bits| Total Bits|
    +--------------------------+-----+-----------+-----+-----------+
    |ap_NS_fsm                 |  669|        151|    1|        151|
    |best_idx_V_reg_1207       |    9|          2|    4|          8|
    |conv1_V_address0          |   27|          5|   12|         60|
    |conv1_V_address1          |   27|          5|   12|         60|
    |conv2_V_address0          |   27|          5|   10|         50|
    |conv2_V_address1          |   27|          5|   10|         50|
    |dense_biases_V_address0   |   15|          3|    7|         21|
    |dense_biases_V_ce0        |   15|          3|    1|          3|
    |dense_input_V_address0    |   21|          4|    8|         32|
    |dense_input_V_ce0         |   15|          3|    1|          3|
    |dense_input_V_d0          |   15|          3|   16|         48|
    |dense_output_V_address0   |   15|          3|    7|         21|
    |dense_output_V_ce0        |   15|          3|    1|          3|
    |dense_output_V_we0        |    9|          2|    1|          2|
    |dense_weights_V_address0  |   15|          3|   15|         45|
    |dense_weights_V_ce0       |   15|          3|    1|          3|
    |gmem0_ARADDR              |   21|          4|   32|        128|
    |gmem0_ARLEN               |   21|          4|   32|        128|
    |gmem0_blk_n_AR            |    9|          2|    1|          2|
    |gmem0_blk_n_AW            |    9|          2|    1|          2|
    |gmem0_blk_n_B             |    9|          2|    1|          2|
    |gmem0_blk_n_R             |    9|          2|    1|          2|
    |gmem0_blk_n_W             |    9|          2|    1|          2|
    |gmem1_ARADDR              |   50|         11|   32|        352|
    |gmem1_ARLEN               |   15|          3|   32|         96|
    |gmem1_blk_n_AR            |    9|          2|    1|          2|
    |gmem1_blk_n_R             |    9|          2|    1|          2|
    |i14_0_reg_1126            |    9|          2|   15|         30|
    |i_0_reg_1102              |    9|          2|    9|         18|
    |ic_0_reg_1011             |    9|          2|    3|          6|
    |kx9_0_reg_1057            |    9|          2|    3|          6|
    |kx_0_reg_922              |    9|          2|    3|          6|
    |ky8_0_reg_1034            |    9|          2|    3|          6|
    |ky_0_reg_899              |    9|          2|    3|          6|
    |o15_0_reg_1172            |    9|          2|    7|         14|
    |o_0_reg_1149              |    9|          2|    7|         14|
    |oc11_0_reg_1068           |    9|          2|    5|         10|
    |oc1_0_reg_933             |    9|          2|    3|          6|
    |oc4_0_reg_966             |    9|          2|    5|         10|
    |oc_0_reg_854              |    9|          2|    3|          6|
    |op_V_assign_448_reg_1137  |   15|          3|   16|         48|
    |op_V_assign_550_reg_1160  |   15|          3|   16|         48|
    |p_0409_2_reg_1022         |    9|          2|   32|         64|
    |p_0554_0_reg_1184         |    9|          2|   16|         32|
    |p_0558_0_reg_1194         |    9|          2|    4|          8|
    |p_Val2_10_reg_1001        |    9|          2|   32|         64|
    |p_Val2_16_reg_1045        |    9|          2|   32|         64|
    |p_Val2_1_reg_889          |    9|          2|   32|         64|
    |p_Val2_7_reg_910          |    9|          2|   32|         64|
    |pool1_V_address0          |   15|          3|   10|         30|
    |pool2_V_address0          |   15|          3|    8|         24|
    |stage_0_reg_1114          |    9|          2|    2|          4|
    |x13_0_reg_1091            |    9|          2|    3|          6|
    |x3_0_reg_955              |    9|          2|    4|          8|
    |x6_0_reg_989              |    9|          2|    4|          8|
    |x_0_reg_877               |    9|          2|    5|         10|
    |y12_0_reg_1080            |    9|          2|    3|          6|
    |y2_0_reg_944              |    9|          2|    4|          8|
    |y5_0_reg_977              |    9|          2|    4|          8|
    |y_0_reg_865               |    9|          2|    5|         10|
    +--------------------------+-----+-----------+-----+-----------+
    |Total                     | 1427|        309|  575|       1994|
    +--------------------------+-----+-----------+-----+-----------+

    * Register: 
    +---------------------------------------+-----+----+-----+-----------+
    |                  Name                 |  FF | LUT| Bits| Const Bits|
    +---------------------------------------+-----+----+-----+-----------+
    |Range2_all_ones_4_reg_4267             |    1|   0|    1|          0|
    |Range2_all_ones_5_reg_4609             |    1|   0|    1|          0|
    |add_ln108_3_reg_4362                   |   12|   0|   13|          1|
    |add_ln108_5_reg_4378                   |   12|   0|   13|          1|
    |add_ln108_6_reg_4393                   |   64|   0|   64|          0|
    |add_ln108_7_reg_4399                   |   64|   0|   64|          0|
    |add_ln203_3_reg_4346                   |   11|   0|   11|          0|
    |add_ln203_4_reg_4180                   |   13|   0|   13|          0|
    |add_ln203_6_reg_4674                   |   10|   0|   10|          0|
    |and_ln781_2_reg_4509                   |    1|   0|    1|          0|
    |and_ln781_reg_4191                     |    1|   0|    1|          0|
    |and_ln786_2_reg_4273                   |    1|   0|    1|          0|
    |and_ln786_3_reg_4519                   |    1|   0|    1|          0|
    |and_ln786_6_reg_4615                   |    1|   0|    1|          0|
    |and_ln786_reg_4201                     |    1|   0|    1|          0|
    |ap_CS_fsm                              |  150|   0|  150|          0|
    |best_V_1_reg_4952                      |   16|   0|   16|          0|
    |best_V_reg_4944                        |   16|   0|   16|          0|
    |best_idx_V_reg_1207                    |    4|   0|    4|          0|
    |carry_3_reg_4256                       |    1|   0|    1|          0|
    |carry_7_reg_4598                       |    1|   0|    1|          0|
    |dense_output_V_load_reg_4927           |   16|   0|   16|          0|
    |gmem0_addr_1_reg_4168                  |   32|   0|   32|          0|
    |gmem0_addr_2_reg_4938                  |   32|   0|   32|          0|
    |gmem0_addr_3_reg_4932                  |   32|   0|   32|          0|
    |gmem0_addr_reg_4034                    |   31|   0|   32|          1|
    |gmem1_addr_1_reg_4438                  |   32|   0|   32|          0|
    |gmem1_addr_2_reg_4174                  |   32|   0|   32|          0|
    |gmem1_addr_3_reg_4547                  |   32|   0|   32|          0|
    |gmem1_addr_4_read_reg_4849             |   16|   0|   16|          0|
    |gmem1_addr_4_reg_4833                  |   32|   0|   32|          0|
    |gmem1_addr_5_read_reg_4844             |   16|   0|   16|          0|
    |gmem1_addr_5_reg_4827                  |   32|   0|   32|          0|
    |gmem1_addr_6_read_reg_4839             |   16|   0|   16|          0|
    |gmem1_addr_6_reg_4821                  |   32|   0|   32|          0|
    |gmem1_addr_7_read_reg_4904             |   16|   0|   16|          0|
    |gmem1_addr_7_reg_4879                  |   32|   0|   32|          0|
    |gmem1_addr_8_read_reg_4899             |   16|   0|   16|          0|
    |gmem1_addr_8_reg_4873                  |   32|   0|   32|          0|
    |gmem1_addr_9_read_reg_4894             |   16|   0|   16|          0|
    |gmem1_addr_9_reg_4867                  |   32|   0|   32|          0|
    |gmem1_addr_reg_4113                    |   32|   0|   32|          0|
    |grp_dense_shared_fu_1219_ap_start_reg  |    1|   0|    1|          0|
    |i14_0_reg_1126                         |   15|   0|   15|          0|
    |i_0_reg_1102                           |    9|   0|    9|          0|
    |i_2_reg_4811                           |   15|   0|   15|          0|
    |i_reg_4765                             |    9|   0|    9|          0|
    |ic_0_reg_1011                          |    3|   0|    3|          0|
    |ic_reg_4483                            |    3|   0|    3|          0|
    |icmp_ln1494_4_reg_4717                 |    1|   0|    1|          0|
    |icmp_ln167_1_reg_4787                  |    1|   0|    1|          0|
    |icmp_ln167_reg_4783                    |    1|   0|    1|          0|
    |icmp_ln179_reg_4885                    |    1|   0|    1|          0|
    |icmp_ln184_reg_4890                    |    1|   0|    1|          0|
    |inputs_reg_4791                        |    6|   0|    9|          3|
    |kx9_0_reg_1057                         |    3|   0|    3|          0|
    |kx_0_reg_922                           |    3|   0|    3|          0|
    |kx_1_reg_4556                          |    3|   0|    3|          0|
    |kx_reg_4219                            |    3|   0|    3|          0|
    |ky8_0_reg_1034                         |    3|   0|    3|          0|
    |ky_0_reg_899                           |    3|   0|    3|          0|
    |ky_1_reg_4537                          |    3|   0|    3|          0|
    |ky_reg_4163                            |    3|   0|    3|          0|
    |mul_ln170_reg_4803                     |   15|   0|   16|          1|
    |o15_0_reg_1172                         |    7|   0|    7|          0|
    |o_0_reg_1149                           |    7|   0|    7|          0|
    |o_1_reg_4912                           |    7|   0|    7|          0|
    |o_reg_4857                             |    7|   0|    7|          0|
    |oc11_0_reg_1068                        |    5|   0|    5|          0|
    |oc1_0_reg_933                          |    3|   0|    3|          0|
    |oc4_0_reg_966                          |    5|   0|    5|          0|
    |oc_0_reg_854                           |    3|   0|    3|          0|
    |oc_1_reg_4287                          |    3|   0|    3|          0|
    |oc_2_reg_4428                          |    5|   0|    5|          0|
    |oc_3_reg_4629                          |    5|   0|    5|          0|
    |oc_reg_4103                            |    3|   0|    3|          0|
    |op_V_assign_448_reg_1137               |   16|   0|   16|          0|
    |op_V_assign_550_reg_1160               |   16|   0|   16|          0|
    |or_ln108_1_reg_4367                    |    4|   0|    5|          1|
    |or_ln150_1_reg_4695                    |    2|   0|    3|          1|
    |or_ln150_reg_4659                      |    2|   0|    3|          1|
    |or_ln340_4_reg_4529                    |    1|   0|    1|          0|
    |or_ln340_reg_4211                      |    1|   0|    1|          0|
    |outputs_reg_4796                       |    6|   0|    7|          1|
    |p_0409_2_reg_1022                      |   32|   0|   32|          0|
    |p_0554_0_reg_1184                      |   16|   0|   16|          0|
    |p_0558_0_reg_1194                      |    4|   0|    4|          0|
    |p_Result_11_reg_4604                   |    1|   0|    1|          0|
    |p_Result_5_reg_4262                    |    1|   0|    1|          0|
    |p_Result_9_reg_4586                    |    1|   0|    1|          0|
    |p_Result_s_reg_4244                    |    1|   0|    1|          0|
    |p_Val2_10_reg_1001                     |   32|   0|   32|          0|
    |p_Val2_14_reg_4503                     |   16|   0|   16|          0|
    |p_Val2_15_reg_4571                     |   16|   0|   16|          0|
    |p_Val2_16_reg_1045                     |   32|   0|   32|          0|
    |p_Val2_1_reg_889                       |   32|   0|   32|          0|
    |p_Val2_3_reg_4185                      |   16|   0|   16|          0|
    |p_Val2_4_reg_4470                      |   16|   0|   16|          0|
    |p_Val2_5_reg_4224                      |   16|   0|   16|          0|
    |p_Val2_6_reg_4229                      |   16|   0|   16|          0|
    |p_Val2_7_reg_910                       |   32|   0|   32|          0|
    |p_Val2_s_reg_4150                      |   16|   0|   16|          0|
    |p_cast48_reg_4085                      |   31|   0|   32|          1|
    |p_cast49_reg_4080                      |   31|   0|   32|          1|
    |p_cast50_reg_4075                      |   31|   0|   33|          2|
    |p_cast51_reg_4070                      |   31|   0|   32|          1|
    |p_cast52_reg_4065                      |   31|   0|   32|          1|
    |p_cast53_reg_4060                      |   31|   0|   32|          1|
    |p_cast54_reg_4055                      |   31|   0|   32|          1|
    |p_cast55_reg_4050                      |   31|   0|   32|          1|
    |p_cast56_reg_4045                      |   31|   0|   32|          1|
    |p_cast57_reg_4040                      |   31|   0|   32|          1|
    |p_cast58_reg_4028                      |   31|   0|   32|          1|
    |p_cast_reg_4090                        |   31|   0|   33|          2|
    |pool1_V_load_reg_4566                  |   15|   0|   15|          0|
    |r_V_1_reg_4576                         |   40|   0|   48|          8|
    |r_V_reg_4234                           |   40|   0|   48|          8|
    |select_ln10_1_reg_4722                 |    3|   0|    3|          0|
    |select_ln11_1_reg_4727                 |    3|   0|    3|          0|
    |select_ln12_1_reg_4752                 |   11|   0|   11|          0|
    |select_ln12_reg_4415                   |   64|   0|   64|          0|
    |sext_ln108_reg_4292                    |    7|   0|   10|          3|
    |sext_ln1265_reg_4498                   |    7|   0|    9|          2|
    |sext_ln133_1_reg_4493                  |    9|   0|   11|          2|
    |sext_ln133_reg_4488                    |    9|   0|    9|          0|
    |sext_ln203_1_reg_4298                  |    7|   0|    9|          2|
    |sext_ln203_reg_4108                    |    7|   0|   10|          3|
    |shl_ln108_1_reg_4351                   |    4|   0|    5|          1|
    |shl_ln150_1_reg_4684                   |    2|   0|    3|          1|
    |shl_ln_reg_4119                        |    3|   0|    5|          2|
    |stage_0_reg_1114                       |    2|   0|    2|          0|
    |stage_reg_4778                         |    2|   0|    2|          0|
    |sub_ln108_1_reg_4316                   |   60|   0|   64|          4|
    |sub_ln108_2_reg_4327                   |   60|   0|   64|          4|
    |sub_ln1265_1_reg_4542                  |    9|   0|   11|          2|
    |sub_ln133_reg_4444                     |    7|   0|    8|          1|
    |sub_ln203_2_reg_4132                   |   10|   0|   13|          3|
    |sub_ln203_3_reg_4311                   |    9|   0|   11|          2|
    |sum_V_7_reg_4250                       |   32|   0|   32|          0|
    |sum_V_9_reg_4592                       |   32|   0|   32|          0|
    |tmp_35_cast_reg_4457                   |    9|   0|   12|          3|
    |tmp_38_cast_reg_4647                   |    8|   0|   10|          2|
    |tmp_43_reg_4732                        |   10|   0|   11|          1|
    |tmp_44_reg_4742                        |   10|   0|   11|          1|
    |tmp_55_reg_4239                        |    1|   0|    1|          0|
    |tmp_69_reg_4581                        |    1|   0|    1|          0|
    |trunc_ln107_reg_4332                   |    9|   0|   13|          4|
    |trunc_ln108_reg_4321                   |    9|   0|   13|          4|
    |trunc_ln150_1_reg_4679                 |    2|   0|    2|          0|
    |trunc_ln150_reg_4652                   |    2|   0|    2|          0|
    |underflow_1_reg_4206                   |    1|   0|    1|          0|
    |underflow_2_reg_4524                   |    1|   0|    1|          0|
    |x13_0_reg_1091                         |    3|   0|    3|          0|
    |x3_0_reg_955                           |    4|   0|    4|          0|
    |x6_0_reg_989                           |    4|   0|    4|          0|
    |x_0_reg_877                            |    5|   0|    5|          0|
    |x_1_reg_4145                           |    5|   0|    5|          0|
    |x_2_reg_4669                           |    3|   0|    3|          0|
    |x_3_reg_4465                           |    4|   0|    4|          0|
    |x_reg_4341                             |    4|   0|    4|          0|
    |xor_ln785_1_reg_4196                   |    1|   0|    1|          0|
    |xor_ln785_5_reg_4514                   |    1|   0|    1|          0|
    |y12_0_reg_1080                         |    3|   0|    3|          0|
    |y2_0_reg_944                           |    4|   0|    4|          0|
    |y5_0_reg_977                           |    4|   0|    4|          0|
    |y_0_reg_865                            |    5|   0|    5|          0|
    |y_1_reg_4306                           |    4|   0|    4|          0|
    |y_2_reg_4452                           |    4|   0|    4|          0|
    |y_3_reg_4642                           |    3|   0|    3|          0|
    |y_reg_4127                             |    5|   0|    5|          0|
    |zext_ln1265_1_reg_4433                 |    5|   0|    9|          4|
    |zext_ln147_reg_4634                    |    5|   0|    8|          3|
    |zext_ln172_reg_4816                    |   15|   0|   64|         49|
    |zext_ln177_reg_4862                    |    7|   0|   64|         57|
    |zext_ln184_reg_4917                    |    7|   0|   64|         57|
    |zext_ln82_reg_4095                     |    3|   0|    4|          1|
    |zext_ln86_reg_4137                     |    5|   0|   11|          6|
    +---------------------------------------+-----+----+-----+-----------+
    |Total                                  | 2452|   0| 2717|        265|
    +---------------------------------------+-----+----+-----+-----------+



================================================================
== Interface
================================================================
* Summary: 
+-----------------------+-----+-----+------------+--------------+--------------+
|       RTL Ports       | Dir | Bits|  Protocol  | Source Object|    C Type    |
+-----------------------+-----+-----+------------+--------------+--------------+
|s_axi_control_AWVALID  |  in |    1|    s_axi   |    control   |    pointer   |
|s_axi_control_AWREADY  | out |    1|    s_axi   |    control   |    pointer   |
|s_axi_control_AWADDR   |  in |    7|    s_axi   |    control   |    pointer   |
|s_axi_control_WVALID   |  in |    1|    s_axi   |    control   |    pointer   |
|s_axi_control_WREADY   | out |    1|    s_axi   |    control   |    pointer   |
|s_axi_control_WDATA    |  in |   32|    s_axi   |    control   |    pointer   |
|s_axi_control_WSTRB    |  in |    4|    s_axi   |    control   |    pointer   |
|s_axi_control_ARVALID  |  in |    1|    s_axi   |    control   |    pointer   |
|s_axi_control_ARREADY  | out |    1|    s_axi   |    control   |    pointer   |
|s_axi_control_ARADDR   |  in |    7|    s_axi   |    control   |    pointer   |
|s_axi_control_RVALID   | out |    1|    s_axi   |    control   |    pointer   |
|s_axi_control_RREADY   |  in |    1|    s_axi   |    control   |    pointer   |
|s_axi_control_RDATA    | out |   32|    s_axi   |    control   |    pointer   |
|s_axi_control_RRESP    | out |    2|    s_axi   |    control   |    pointer   |
|s_axi_control_BVALID   | out |    1|    s_axi   |    control   |    pointer   |
|s_axi_control_BREADY   |  in |    1|    s_axi   |    control   |    pointer   |
|s_axi_control_BRESP    | out |    2|    s_axi   |    control   |    pointer   |
|ap_clk                 |  in |    1| ap_ctrl_hs |  lenet_accel | return value |
|ap_rst_n               |  in |    1| ap_ctrl_hs |  lenet_accel | return value |
|interrupt              | out |    1| ap_ctrl_hs |  lenet_accel | return value |
|m_axi_gmem0_AWVALID    | out |    1|    m_axi   |     gmem0    |    pointer   |
|m_axi_gmem0_AWREADY    |  in |    1|    m_axi   |     gmem0    |    pointer   |
|m_axi_gmem0_AWADDR     | out |   32|    m_axi   |     gmem0    |    pointer   |
|m_axi_gmem0_AWID       | out |    1|    m_axi   |     gmem0    |    pointer   |
|m_axi_gmem0_AWLEN      | out |    8|    m_axi   |     gmem0    |    pointer   |
|m_axi_gmem0_AWSIZE     | out |    3|    m_axi   |     gmem0    |    pointer   |
|m_axi_gmem0_AWBURST    | out |    2|    m_axi   |     gmem0    |    pointer   |
|m_axi_gmem0_AWLOCK     | out |    2|    m_axi   |     gmem0    |    pointer   |
|m_axi_gmem0_AWCACHE    | out |    4|    m_axi   |     gmem0    |    pointer   |
|m_axi_gmem0_AWPROT     | out |    3|    m_axi   |     gmem0    |    pointer   |
|m_axi_gmem0_AWQOS      | out |    4|    m_axi   |     gmem0    |    pointer   |
|m_axi_gmem0_AWREGION   | out |    4|    m_axi   |     gmem0    |    pointer   |
|m_axi_gmem0_AWUSER     | out |    1|    m_axi   |     gmem0    |    pointer   |
|m_axi_gmem0_WVALID     | out |    1|    m_axi   |     gmem0    |    pointer   |
|m_axi_gmem0_WREADY     |  in |    1|    m_axi   |     gmem0    |    pointer   |
|m_axi_gmem0_WDATA      | out |   32|    m_axi   |     gmem0    |    pointer   |
|m_axi_gmem0_WSTRB      | out |    4|    m_axi   |     gmem0    |    pointer   |
|m_axi_gmem0_WLAST      | out |    1|    m_axi   |     gmem0    |    pointer   |
|m_axi_gmem0_WID        | out |    1|    m_axi   |     gmem0    |    pointer   |
|m_axi_gmem0_WUSER      | out |    1|    m_axi   |     gmem0    |    pointer   |
|m_axi_gmem0_ARVALID    | out |    1|    m_axi   |     gmem0    |    pointer   |
|m_axi_gmem0_ARREADY    |  in |    1|    m_axi   |     gmem0    |    pointer   |
|m_axi_gmem0_ARADDR     | out |   32|    m_axi   |     gmem0    |    pointer   |
|m_axi_gmem0_ARID       | out |    1|    m_axi   |     gmem0    |    pointer   |
|m_axi_gmem0_ARLEN      | out |    8|    m_axi   |     gmem0    |    pointer   |
|m_axi_gmem0_ARSIZE     | out |    3|    m_axi   |     gmem0    |    pointer   |
|m_axi_gmem0_ARBURST    | out |    2|    m_axi   |     gmem0    |    pointer   |
|m_axi_gmem0_ARLOCK     | out |    2|    m_axi   |     gmem0    |    pointer   |
|m_axi_gmem0_ARCACHE    | out |    4|    m_axi   |     gmem0    |    pointer   |
|m_axi_gmem0_ARPROT     | out |    3|    m_axi   |     gmem0    |    pointer   |
|m_axi_gmem0_ARQOS      | out |    4|    m_axi   |     gmem0    |    pointer   |
|m_axi_gmem0_ARREGION   | out |    4|    m_axi   |     gmem0    |    pointer   |
|m_axi_gmem0_ARUSER     | out |    1|    m_axi   |     gmem0    |    pointer   |
|m_axi_gmem0_RVALID     |  in |    1|    m_axi   |     gmem0    |    pointer   |
|m_axi_gmem0_RREADY     | out |    1|    m_axi   |     gmem0    |    pointer   |
|m_axi_gmem0_RDATA      |  in |   32|    m_axi   |     gmem0    |    pointer   |
|m_axi_gmem0_RLAST      |  in |    1|    m_axi   |     gmem0    |    pointer   |
|m_axi_gmem0_RID        |  in |    1|    m_axi   |     gmem0    |    pointer   |
|m_axi_gmem0_RUSER      |  in |    1|    m_axi   |     gmem0    |    pointer   |
|m_axi_gmem0_RRESP      |  in |    2|    m_axi   |     gmem0    |    pointer   |
|m_axi_gmem0_BVALID     |  in |    1|    m_axi   |     gmem0    |    pointer   |
|m_axi_gmem0_BREADY     | out |    1|    m_axi   |     gmem0    |    pointer   |
|m_axi_gmem0_BRESP      |  in |    2|    m_axi   |     gmem0    |    pointer   |
|m_axi_gmem0_BID        |  in |    1|    m_axi   |     gmem0    |    pointer   |
|m_axi_gmem0_BUSER      |  in |    1|    m_axi   |     gmem0    |    pointer   |
|m_axi_gmem1_AWVALID    | out |    1|    m_axi   |     gmem1    |    pointer   |
|m_axi_gmem1_AWREADY    |  in |    1|    m_axi   |     gmem1    |    pointer   |
|m_axi_gmem1_AWADDR     | out |   32|    m_axi   |     gmem1    |    pointer   |
|m_axi_gmem1_AWID       | out |    1|    m_axi   |     gmem1    |    pointer   |
|m_axi_gmem1_AWLEN      | out |    8|    m_axi   |     gmem1    |    pointer   |
|m_axi_gmem1_AWSIZE     | out |    3|    m_axi   |     gmem1    |    pointer   |
|m_axi_gmem1_AWBURST    | out |    2|    m_axi   |     gmem1    |    pointer   |
|m_axi_gmem1_AWLOCK     | out |    2|    m_axi   |     gmem1    |    pointer   |
|m_axi_gmem1_AWCACHE    | out |    4|    m_axi   |     gmem1    |    pointer   |
|m_axi_gmem1_AWPROT     | out |    3|    m_axi   |     gmem1    |    pointer   |
|m_axi_gmem1_AWQOS      | out |    4|    m_axi   |     gmem1    |    pointer   |
|m_axi_gmem1_AWREGION   | out |    4|    m_axi   |     gmem1    |    pointer   |
|m_axi_gmem1_AWUSER     | out |    1|    m_axi   |     gmem1    |    pointer   |
|m_axi_gmem1_WVALID     | out |    1|    m_axi   |     gmem1    |    pointer   |
|m_axi_gmem1_WREADY     |  in |    1|    m_axi   |     gmem1    |    pointer   |
|m_axi_gmem1_WDATA      | out |   32|    m_axi   |     gmem1    |    pointer   |
|m_axi_gmem1_WSTRB      | out |    4|    m_axi   |     gmem1    |    pointer   |
|m_axi_gmem1_WLAST      | out |    1|    m_axi   |     gmem1    |    pointer   |
|m_axi_gmem1_WID        | out |    1|    m_axi   |     gmem1    |    pointer   |
|m_axi_gmem1_WUSER      | out |    1|    m_axi   |     gmem1    |    pointer   |
|m_axi_gmem1_ARVALID    | out |    1|    m_axi   |     gmem1    |    pointer   |
|m_axi_gmem1_ARREADY    |  in |    1|    m_axi   |     gmem1    |    pointer   |
|m_axi_gmem1_ARADDR     | out |   32|    m_axi   |     gmem1    |    pointer   |
|m_axi_gmem1_ARID       | out |    1|    m_axi   |     gmem1    |    pointer   |
|m_axi_gmem1_ARLEN      | out |    8|    m_axi   |     gmem1    |    pointer   |
|m_axi_gmem1_ARSIZE     | out |    3|    m_axi   |     gmem1    |    pointer   |
|m_axi_gmem1_ARBURST    | out |    2|    m_axi   |     gmem1    |    pointer   |
|m_axi_gmem1_ARLOCK     | out |    2|    m_axi   |     gmem1    |    pointer   |
|m_axi_gmem1_ARCACHE    | out |    4|    m_axi   |     gmem1    |    pointer   |
|m_axi_gmem1_ARPROT     | out |    3|    m_axi   |     gmem1    |    pointer   |
|m_axi_gmem1_ARQOS      | out |    4|    m_axi   |     gmem1    |    pointer   |
|m_axi_gmem1_ARREGION   | out |    4|    m_axi   |     gmem1    |    pointer   |
|m_axi_gmem1_ARUSER     | out |    1|    m_axi   |     gmem1    |    pointer   |
|m_axi_gmem1_RVALID     |  in |    1|    m_axi   |     gmem1    |    pointer   |
|m_axi_gmem1_RREADY     | out |    1|    m_axi   |     gmem1    |    pointer   |
|m_axi_gmem1_RDATA      |  in |   32|    m_axi   |     gmem1    |    pointer   |
|m_axi_gmem1_RLAST      |  in |    1|    m_axi   |     gmem1    |    pointer   |
|m_axi_gmem1_RID        |  in |    1|    m_axi   |     gmem1    |    pointer   |
|m_axi_gmem1_RUSER      |  in |    1|    m_axi   |     gmem1    |    pointer   |
|m_axi_gmem1_RRESP      |  in |    2|    m_axi   |     gmem1    |    pointer   |
|m_axi_gmem1_BVALID     |  in |    1|    m_axi   |     gmem1    |    pointer   |
|m_axi_gmem1_BREADY     | out |    1|    m_axi   |     gmem1    |    pointer   |
|m_axi_gmem1_BRESP      |  in |    2|    m_axi   |     gmem1    |    pointer   |
|m_axi_gmem1_BID        |  in |    1|    m_axi   |     gmem1    |    pointer   |
|m_axi_gmem1_BUSER      |  in |    1|    m_axi   |     gmem1    |    pointer   |
+-----------------------+-----+-----+------------+--------------+--------------+

