

================================================================
== Vivado HLS Report for 'dense_row'
================================================================
* Date:           Sat Sep  5 22:09:10 2026

* Version:        2019.2 (Build 2704478 on Wed Nov 06 22:10:23 MST 2019)
* Project:        design
* Solution:       solution1
* Product family: zynq
* Target device:  xc7z020-clg400-1


================================================================
== Performance Estimates
================================================================
+ Timing: 
    * Summary: 
    +--------+----------+----------+------------+
    |  Clock |  Target  | Estimated| Uncertainty|
    +--------+----------+----------+------------+
    |ap_clk  | 10.00 ns | 7.981 ns |   1.25 ns  |
    +--------+----------+----------+------------+

+ Latency: 
    * Summary: 
    +---------+---------+----------+-----------+-----+------+---------+
    |  Latency (cycles) |  Latency (absolute)  |  Interval  | Pipeline|
    |   min   |   max   |    min   |    max    | min |  max |   Type  |
    +---------+---------+----------+-----------+-----+------+---------+
    |      422|     1282| 4.220 us | 12.820 us |  422|  1282|   none  |
    +---------+---------+----------+-----------+-----+------+---------+

    + Detail: 
        * Instance: 
        N/A

        * Loop: 
        +-----------+---------+---------+----------+-----------+-----------+----------+----------+
        |           |  Latency (cycles) | Iteration|  Initiation Interval  |   Trip   |          |
        | Loop Name |   min   |   max   |  Latency |  achieved |   target  |   Count  | Pipelined|
        +-----------+---------+---------+----------+-----------+-----------+----------+----------+
        |- DENSE_I  |      420|     1280|         5|          -|          -| 84 ~ 256 |    no    |
        +-----------+---------+---------+----------+-----------+-----------+----------+----------+



================================================================
== Utilization Estimates
================================================================
* Summary: 
+-----------------+---------+-------+--------+-------+-----+
|       Name      | BRAM_18K| DSP48E|   FF   |  LUT  | URAM|
+-----------------+---------+-------+--------+-------+-----+
|DSP              |        -|      -|       -|      -|    -|
|Expression       |        -|      1|       0|    485|    -|
|FIFO             |        -|      -|       -|      -|    -|
|Instance         |        -|      -|       -|      -|    -|
|Memory           |        -|      -|       -|      -|    -|
|Multiplexer      |        -|      -|       -|     59|    -|
|Register         |        -|      -|     188|      -|    -|
+-----------------+---------+-------+--------+-------+-----+
|Total            |        0|      1|     188|    544|    0|
+-----------------+---------+-------+--------+-------+-----+
|Available        |      280|    220|  106400|  53200|    0|
+-----------------+---------+-------+--------+-------+-----+
|Utilization (%)  |        0|   ~0  |   ~0   |      1|    0|
+-----------------+---------+-------+--------+-------+-----+

+ Detail: 
    * Instance: 
    N/A

    * DSP48E: 
    N/A

    * Memory: 
    N/A

    * FIFO: 
    N/A

    * Expression: 
    +----------------------------+----------+-------+---+----+------------+------------+
    |        Variable Name       | Operation| DSP48E| FF| LUT| Bitwidth P0| Bitwidth P1|
    +----------------------------+----------+-------+---+----+------------+------------+
    |r_V_fu_322_p2               |     *    |      1|  0|  40|          24|          24|
    |i_fu_186_p2                 |     +    |      0|  0|  15|           9|           1|
    |ret_V_fu_351_p2             |     +    |      0|  0|  58|          51|          51|
    |sum_V_13_fu_386_p2          |     +    |      0|  0|  39|          32|          32|
    |value_V_1_fu_228_p2         |     +    |      0|  0|  23|          16|          16|
    |and_ln779_fu_578_p2         |    and   |      0|  0|   2|           1|           1|
    |and_ln781_4_fu_589_p2       |    and   |      0|  0|   2|           1|           1|
    |and_ln781_fu_472_p2         |    and   |      0|  0|   2|           1|           1|
    |and_ln786_8_fu_616_p2       |    and   |      0|  0|   2|           1|           1|
    |and_ln786_fu_466_p2         |    and   |      0|  0|   2|           1|           1|
    |carry_10_fu_406_p2          |    and   |      0|  0|   2|           1|           1|
    |carry_8_fu_248_p2           |    and   |      0|  0|   2|           1|           1|
    |deleted_ones_fu_460_p2      |    and   |      0|  0|   2|           1|           1|
    |overflow_4_fu_610_p2        |    and   |      0|  0|   2|           1|           1|
    |overflow_fu_490_p2          |    and   |      0|  0|   2|           1|           1|
    |underflow_4_fu_633_p2       |    and   |      0|  0|   2|           1|           1|
    |underflow_fu_507_p2         |    and   |      0|  0|   2|           1|           1|
    |Range1_all_ones_fu_288_p2   |   icmp   |      0|  0|  11|           8|           2|
    |Range1_all_zeros_fu_294_p2  |   icmp   |      0|  0|  11|           8|           1|
    |Range2_all_ones_fu_272_p2   |   icmp   |      0|  0|  11|           7|           2|
    |icmp_ln1494_fu_683_p2       |   icmp   |      0|  0|  13|          16|           1|
    |icmp_ln21_fu_181_p2         |   icmp   |      0|  0|  13|           9|           9|
    |or_ln340_10_fu_639_p2       |    or    |      0|  0|   2|           1|           1|
    |or_ln340_11_fu_651_p2       |    or    |      0|  0|   2|           1|           1|
    |or_ln340_12_fu_518_p2       |    or    |      0|  0|   2|           1|           1|
    |or_ln340_13_fu_645_p2       |    or    |      0|  0|   2|           1|           1|
    |or_ln340_8_fu_523_p2        |    or    |      0|  0|   2|           1|           1|
    |or_ln340_fu_512_p2          |    or    |      0|  0|   2|           1|           1|
    |or_ln416_4_fu_448_p2        |    or    |      0|  0|   2|           1|           1|
    |or_ln416_fu_454_p2          |    or    |      0|  0|   2|           1|           1|
    |or_ln785_4_fu_599_p2        |    or    |      0|  0|   2|           1|           1|
    |or_ln785_fu_480_p2          |    or    |      0|  0|   2|           1|           1|
    |or_ln786_4_fu_621_p2        |    or    |      0|  0|   2|           1|           1|
    |or_ln786_fu_496_p2          |    or    |      0|  0|   2|           1|           1|
    |ap_return                   |  select  |      0|  0|  16|           1|          16|
    |deleted_ones_4_fu_583_p3    |  select  |      0|  0|   2|           1|           1|
    |deleted_zeros_fu_559_p3     |  select  |      0|  0|   2|           1|           1|
    |select_ln340_2_fu_657_p3    |  select  |      0|  0|  16|           1|          15|
    |select_ln340_8_fu_543_p3    |  select  |      0|  0|  32|           1|          32|
    |select_ln340_9_fu_671_p3    |  select  |      0|  0|  16|           1|          16|
    |select_ln340_fu_529_p3      |  select  |      0|  0|  32|           1|          31|
    |select_ln388_2_fu_664_p3    |  select  |      0|  0|  17|           1|          17|
    |select_ln388_fu_536_p3      |  select  |      0|  0|  33|           1|          33|
    |select_ln6_fu_689_p3        |  select  |      0|  0|  15|           1|          15|
    |xor_ln416_7_fu_242_p2       |    xor   |      0|  0|   2|           1|           2|
    |xor_ln416_8_fu_400_p2       |    xor   |      0|  0|   2|           1|           2|
    |xor_ln416_9_fu_442_p2       |    xor   |      0|  0|   2|           1|           2|
    |xor_ln779_4_fu_436_p2       |    xor   |      0|  0|   2|           1|           2|
    |xor_ln779_fu_572_p2         |    xor   |      0|  0|   2|           1|           2|
    |xor_ln785_10_fu_604_p2      |    xor   |      0|  0|   2|           1|           2|
    |xor_ln785_8_fu_485_p2       |    xor   |      0|  0|   2|           1|           2|
    |xor_ln785_9_fu_593_p2       |    xor   |      0|  0|   2|           1|           2|
    |xor_ln785_fu_476_p2         |    xor   |      0|  0|   2|           1|           1|
    |xor_ln786_4_fu_627_p2       |    xor   |      0|  0|   2|           1|           2|
    |xor_ln786_fu_501_p2         |    xor   |      0|  0|   2|           1|           2|
    +----------------------------+----------+-------+---+----+------------+------------+
    |Total                       |          |      1|  0| 485|         225|         361|
    +----------------------------+----------+-------+---+----+------------+------------+

    * Multiplexer: 
    +-------------------+----+-----------+-----+-----------+
    |        Name       | LUT| Input Size| Bits| Total Bits|
    +-------------------+----+-----------+-----+-----------+
    |ap_NS_fsm          |  41|          8|    1|          8|
    |i_0_reg_158        |   9|          2|    9|         18|
    |p_Val2_21_reg_148  |   9|          2|   32|         64|
    +-------------------+----+-----------+-----+-----------+
    |Total              |  59|         12|   42|         90|
    +-------------------+----+-----------+-----+-----------+

    * Register: 
    +---------------------------+----+----+-----+-----------+
    |            Name           | FF | LUT| Bits| Const Bits|
    +---------------------------+----+----+-----+-----------+
    |Range1_all_ones_reg_765    |   1|   0|    1|          0|
    |Range1_all_zeros_reg_772   |   1|   0|    1|          0|
    |Range2_all_ones_7_reg_820  |   1|   0|    1|          0|
    |Range2_all_ones_reg_760    |   1|   0|    1|          0|
    |and_ln786_reg_826          |   1|   0|    1|          0|
    |ap_CS_fsm                  |   7|   0|    7|          0|
    |carry_10_reg_809           |   1|   0|    1|          0|
    |carry_8_reg_747            |   1|   0|    1|          0|
    |i_0_reg_158                |   9|   0|    9|          0|
    |i_reg_726                  |   9|   0|    9|          0|
    |p_Result_16_reg_815        |   1|   0|    1|          0|
    |p_Result_19_reg_754        |   1|   0|    1|          0|
    |p_Result_s_reg_797         |   1|   0|    1|          0|
    |p_Val2_21_reg_148          |  32|   0|   32|          0|
    |p_Val2_24_reg_782          |  16|   0|   16|          0|
    |p_Val2_s_reg_777           |  16|   0|   16|          0|
    |r_V_reg_787                |  40|   0|   48|          8|
    |sum_V_13_reg_803           |  32|   0|   32|          0|
    |tmp_82_reg_792             |   1|   0|    1|          0|
    |value_V_1_reg_741          |  16|   0|   16|          0|
    +---------------------------+----+----+-----+-----------+
    |Total                      | 188|   0|  196|          8|
    +---------------------------+----+----+-----+-----------+



================================================================
== Interface
================================================================
* Summary: 
+--------------------+-----+-----+------------+--------------+--------------+
|      RTL Ports     | Dir | Bits|  Protocol  | Source Object|    C Type    |
+--------------------+-----+-----+------------+--------------+--------------+
|ap_clk              |  in |    1| ap_ctrl_hs |   dense_row  | return value |
|ap_rst              |  in |    1| ap_ctrl_hs |   dense_row  | return value |
|ap_start            |  in |    1| ap_ctrl_hs |   dense_row  | return value |
|ap_done             | out |    1| ap_ctrl_hs |   dense_row  | return value |
|ap_idle             | out |    1| ap_ctrl_hs |   dense_row  | return value |
|ap_ready            | out |    1| ap_ctrl_hs |   dense_row  | return value |
|ap_return           | out |   16| ap_ctrl_hs |   dense_row  | return value |
|input_V_address0    | out |    8|  ap_memory |    input_V   |     array    |
|input_V_ce0         | out |    1|  ap_memory |    input_V   |     array    |
|input_V_q0          |  in |   16|  ap_memory |    input_V   |     array    |
|weights_V_address0  | out |    8|  ap_memory |   weights_V  |     array    |
|weights_V_ce0       | out |    1|  ap_memory |   weights_V  |     array    |
|weights_V_q0        |  in |   16|  ap_memory |   weights_V  |     array    |
|bias_V              |  in |   16|   ap_none  |    bias_V    |    scalar    |
|inputs              |  in |    9|   ap_none  |    inputs    |    scalar    |
|activate            |  in |    1|   ap_none  |   activate   |    scalar    |
+--------------------+-----+-----+------------+--------------+--------------+

