

================================================================
== Vivado HLS Report for 'lenet_accel'
================================================================
* Date:           Sat Sep  5 22:09:12 2026

* Version:        2019.2 (Build 2704478 on Wed Nov 06 22:10:23 MST 2019)
* Project:        design
* Solution:       solution1
* Product family: zynq
* Target device:  xc7z020-clg400-1


================================================================
== Performance Estimates
================================================================
+ Timing: 
    * Summary: 
    +--------+----------+----------+------------+
    |  Clock |  Target  | Estimated| Uncertainty|
    +--------+----------+----------+------------+
    |ap_clk  | 10.00 ns | 8.750 ns |   1.25 ns  |
    +--------+----------+----------+------------+

+ Latency: 
    * Summary: 
    +---------+---------+-----------+-----------+---------+---------+---------+
    |  Latency (cycles) |   Latency (absolute)  |      Interval     | Pipeline|
    |   min   |   max   |    min    |    max    |   min   |   max   |   Type  |
    +---------+---------+-----------+-----------+---------+---------+---------+
    |  1657356|  3100026| 16.574 ms | 31.000 ms |  1657356|  3100026|   none  |
    +---------+---------+-----------+-----------+---------+---------+---------+

    + Detail: 
        * Instance: 
        +-----------------------+-----------+---------+---------+----------+-----------+-----+------+---------+
        |                       |           |  Latency (cycles) |  Latency (absolute)  |  Interval  | Pipeline|
        |        Instance       |   Module  |   min   |   max   |    min   |    max    | min |  max |   Type  |
        +-----------------------+-----------+---------+---------+----------+-----------+-----+------+---------+
        |grp_dense_row_fu_1213  |dense_row  |      422|     1282| 4.220 us | 12.820 us |  422|  1282|   none  |
        +-----------------------+-----------+---------+---------+----------+-----------+-----+------+---------+

        * Loop: 
        +---------------------+---------+---------+----------------+-----------+-----------+----------+----------+
        |                     |  Latency (cycles) |    Iteration   |  Initiation Interval  |   Trip   |          |
        |      Loop Name      |   min   |   max   |     Latency    |  achieved |   target  |   Count  | Pipelined|
        +---------------------+---------+---------+----------------+-----------+-----------+----------+----------+
        |- CONV1_OC           |   539436|   539436|           89906|          -|          -|         6|    no    |
        | + CONV1_Y           |    89904|    89904|            3746|          -|          -|        24|    no    |
        |  ++ CONV1_X         |     3744|     3744|             156|          -|          -|        24|    no    |
        |   +++ CONV1_KY      |      145|      145|              29|          -|          -|         5|    no    |
        |    ++++ CONV1_KX    |       20|       20|               4|          -|          -|         5|    no    |
        |- POOL1_OC           |     6204|     6204|            1034|          -|          -|         6|    no    |
        | + POOL1_Y           |     1032|     1032|              86|          -|          -|        12|    no    |
        |  ++ POOL1_X         |       84|       84|               7|          -|          -|        12|    no    |
        |- CONV2_OC           |  1068320|  1068320|           66770|          -|          -|        16|    no    |
        | + CONV2_Y           |    66768|    66768|            8346|          -|          -|         8|    no    |
        |  ++ CONV2_X         |     8344|     8344|            1043|          -|          -|         8|    no    |
        |   +++ CONV2_IC      |     1032|     1032|             172|          -|          -|         6|    no    |
        |    ++++ CONV2_KY    |      170|      170|              34|          -|          -|         5|    no    |
        |     +++++ CONV2_KX  |       25|       25|               5|          -|          -|         5|    no    |
        |- POOL2_OC           |     1952|     1952|             122|          -|          -|        16|    no    |
        | + POOL2_Y           |      120|      120|              30|          -|          -|         4|    no    |
        |  ++ POOL2_X         |       28|       28|               7|          -|          -|         4|    no    |
        |- Loop 5             |      512|      512|               2|          -|          -|       256|    no    |
        |- FC_STAGE           |    40899|  1483569| 13633 ~ 494523 |          -|          -|         3|    no    |
        | + FC_ROW            |    13600|   493440|   1360 ~ 4112  |          -|          -| 10 ~ 120 |    no    |
        |  ++ LOAD_ROW        |      924|     2816|              11|          -|          -| 84 ~ 256 |    no    |
        | + COPY_OUT          |       30|     1080|      3 ~ 9     |          -|          -| 10 ~ 120 |    no    |
        |- ARGMAX             |       18|       18|               2|          -|          -|         9|    no    |
        +---------------------+---------+---------+----------------+-----------+-----------+----------+----------+



================================================================
== Utilization Estimates
================================================================
* Summary: 
+-----------------+---------+-------+--------+-------+-----+
|       Name      | BRAM_18K| DSP48E|   FF   |  LUT  | URAM|
+-----------------+---------+-------+--------+-------+-----+
|DSP              |        -|      -|       -|      -|    -|
|Expression       |        -|      2|       0|   3078|    -|
|FIFO             |        -|      -|       -|      -|    -|
|Instance         |        4|      1|    1764|   2714|    -|
|Memory           |       10|      -|       0|      0|    0|
|Multiplexer      |        -|      -|       -|   1377|    -|
|Register         |        -|      -|    2455|      -|    -|
+-----------------+---------+-------+--------+-------+-----+
|Total            |       14|      3|    4219|   7169|    0|
+-----------------+---------+-------+--------+-------+-----+
|Available        |      280|    220|  106400|  53200|    0|
+-----------------+---------+-------+--------+-------+-----+
|Utilization (%)  |        5|      1|       3|     13|    0|
+-----------------+---------+-------+--------+-------+-----+

+ Detail: 
    * Instance: 
    +-----------------------------+---------------------------+---------+-------+-----+-----+-----+
    |           Instance          |           Module          | BRAM_18K| DSP48E|  FF | LUT | URAM|
    +-----------------------------+---------------------------+---------+-------+-----+-----+-----+
    |grp_dense_row_fu_1213        |dense_row                  |        0|      1|  188|  544|    0|
    |lenet_accel_control_s_axi_U  |lenet_accel_control_s_axi  |        0|      0|  502|  816|    0|
    |lenet_accel_gmem0_m_axi_U    |lenet_accel_gmem0_m_axi    |        2|      0|  537|  677|    0|
    |lenet_accel_gmem1_m_axi_U    |lenet_accel_gmem1_m_axi    |        2|      0|  537|  677|    0|
    +-----------------------------+---------------------------+---------+-------+-----+-----+-----+
    |Total                        |                           |        4|      1| 1764| 2714|    0|
    +-----------------------------+---------------------------+---------+-------+-----+-----+-----+

    * DSP48E: 
    N/A

    * Memory: 
    +------------------+----------------------+---------+---+----+-----+------+-----+------+-------------+
    |      Memory      |        Module        | BRAM_18K| FF| LUT| URAM| Words| Bits| Banks| W*Bits*Banks|
    +------------------+----------------------+---------+---+----+-----+------+-----+------+-------------+
    |conv1_V_U         |lenet_accel_conv1_V   |        4|  0|   0|    0|  3456|   15|     1|        51840|
    |conv2_V_U         |lenet_accel_conv2_V   |        1|  0|   0|    0|  1024|   15|     1|        15360|
    |dense_input_V_U   |lenet_accel_densebkb  |        1|  0|   0|    0|   256|   16|     1|         4096|
    |row_weights_V_U   |lenet_accel_densebkb  |        1|  0|   0|    0|   256|   16|     1|         4096|
    |dense_output_V_U  |lenet_accel_densedEe  |        1|  0|   0|    0|   120|   16|     1|         1920|
    |pool1_V_U         |lenet_accel_pool1_V   |        1|  0|   0|    0|   864|   15|     1|        12960|
    |pool2_V_U         |lenet_accel_pool2_V   |        1|  0|   0|    0|   256|   15|     1|         3840|
    +------------------+----------------------+---------+---+----+-----+------+-----+------+-------------+
    |Total             |                      |       10|  0|   0|    0|  6232|  108|     7|        94112|
    +------------------+----------------------+---------+---+----+-----+------+-----+------+-------------+

    * FIFO: 
    N/A

    * Expression: 
    +-------------------------------+----------+-------+---+----+------------+------------+
    |         Variable Name         | Operation| DSP48E| FF| LUT| Bitwidth P0| Bitwidth P1|
    +-------------------------------+----------+-------+---+----+------------+------------+
    |mul_ln167_fu_3803_p2           |     *    |      0|  0|  51|           7|           9|
    |r_V_1_fu_3167_p2               |     *    |      1|  0|  40|          24|          23|
    |r_V_fu_1954_p2                 |     *    |      1|  0|  40|          24|          24|
    |add_ln101_1_fu_2423_p2         |     +    |      0|  0|  14|          10|          10|
    |add_ln101_2_fu_2495_p2         |     +    |      0|  0|  17|          13|          13|
    |add_ln101_3_fu_2505_p2         |     +    |      0|  0|  17|          13|          13|
    |add_ln101_4_fu_2520_p2         |     +    |      0|  0|  17|          13|          13|
    |add_ln101_5_fu_2530_p2         |     +    |      0|  0|  17|          13|          13|
    |add_ln101_6_fu_2559_p2         |     +    |      0|  0|  71|          64|          64|
    |add_ln101_7_fu_2574_p2         |     +    |      0|  0|  71|          64|          64|
    |add_ln101_fu_2374_p2           |     +    |      0|  0|  14|          10|          10|
    |add_ln1265_1_fu_2617_p2        |     +    |      0|  0|  39|          32|          32|
    |add_ln1265_2_fu_1675_p2        |     +    |      0|  0|  40|          33|          33|
    |add_ln1265_3_fu_1690_p2        |     +    |      0|  0|  39|          32|          32|
    |add_ln1265_4_fu_3045_p2        |     +    |      0|  0|  15|           9|           9|
    |add_ln1265_5_fu_3094_p2        |     +    |      0|  0|  40|          33|          33|
    |add_ln1265_6_fu_3135_p2        |     +    |      0|  0|  13|          11|          11|
    |add_ln1265_fu_1469_p2          |     +    |      0|  0|  39|          32|          32|
    |add_ln126_1_fu_3028_p2         |     +    |      0|  0|  13|          11|          11|
    |add_ln126_2_fu_3019_p2         |     +    |      0|  0|  15|           9|           9|
    |add_ln126_3_fu_3080_p2         |     +    |      0|  0|  17|          13|          13|
    |add_ln126_fu_2732_p2           |     +    |      0|  0|  15|           8|           8|
    |add_ln1494_fu_3975_p2          |     +    |      0|  0|  39|          32|           1|
    |add_ln168_1_fu_3857_p2         |     +    |      0|  0|  39|          32|          32|
    |add_ln168_2_fu_3842_p2         |     +    |      0|  0|  39|          32|          32|
    |add_ln168_fu_3872_p2           |     +    |      0|  0|  39|          32|          32|
    |add_ln170_1_fu_3910_p2         |     +    |      0|  0|  39|          32|          32|
    |add_ln170_2_fu_3895_p2         |     +    |      0|  0|  39|          32|          32|
    |add_ln170_fu_3925_p2           |     +    |      0|  0|  39|          32|          32|
    |add_ln203_1_fu_2331_p2         |     +    |      0|  0|  15|           9|           9|
    |add_ln203_2_fu_2680_p2         |     +    |      0|  0|  15|           9|           9|
    |add_ln203_3_fu_2478_p2         |     +    |      0|  0|  13|          11|          11|
    |add_ln203_4_fu_1709_p2         |     +    |      0|  0|  17|          13|          13|
    |add_ln203_5_fu_3498_p2         |     +    |      0|  0|  15|           8|           8|
    |add_ln203_6_fu_3543_p2         |     +    |      0|  0|  14|          10|          10|
    |add_ln203_7_fu_3400_p2         |     +    |      0|  0|  12|          12|          12|
    |add_ln203_8_fu_3960_p2         |     +    |      0|  0|  39|          32|          32|
    |add_ln203_fu_1508_p2           |     +    |      0|  0|  14|          10|          10|
    |add_ln85_1_fu_1648_p2          |     +    |      0|  0|  11|          11|          11|
    |add_ln85_fu_1586_p2            |     +    |      0|  0|  15|           5|           5|
    |add_ln86_1_fu_1622_p2          |     +    |      0|  0|  13|           4|           4|
    |add_ln86_2_fu_1665_p2          |     +    |      0|  0|  15|           8|           8|
    |add_ln86_fu_1631_p2            |     +    |      0|  0|  15|           5|           5|
    |i_1_fu_4016_p2                 |     +    |      0|  0|  13|           4|           1|
    |i_2_fu_3823_p2                 |     +    |      0|  0|  15|           9|           1|
    |i_fu_3691_p2                   |     +    |      0|  0|  15|           9|           1|
    |ic_fu_2726_p2                  |     +    |      0|  0|  12|           3|           1|
    |in_idx_x_fu_3125_p2            |     +    |      0|  0|  13|           4|           4|
    |in_idx_y_fu_3013_p2            |     +    |      0|  0|  13|           4|           4|
    |kx_1_fu_3119_p2                |     +    |      0|  0|  12|           3|           1|
    |kx_fu_1926_p2                  |     +    |      0|  0|  12|           3|           1|
    |ky_1_fu_3007_p2                |     +    |      0|  0|  12|           3|           1|
    |ky_fu_1580_p2                  |     +    |      0|  0|  12|           3|           1|
    |o_1_fu_3797_p2                 |     +    |      0|  0|  15|           7|           1|
    |o_fu_3945_p2                   |     +    |      0|  0|  15|           7|           1|
    |oc_1_fu_2241_p2                |     +    |      0|  0|  12|           3|           1|
    |oc_2_fu_2595_p2                |     +    |      0|  0|  15|           5|           1|
    |oc_3_fu_3464_p2                |     +    |      0|  0|  15|           5|           1|
    |oc_fu_1425_p2                  |     +    |      0|  0|  12|           3|           1|
    |offset_fu_3829_p2              |     +    |      0|  0|  21|          15|          15|
    |p_Val2_14_fu_2825_p2           |     +    |      0|  0|  23|          16|          16|
    |p_Val2_3_fu_1752_p2            |     +    |      0|  0|  23|          16|          16|
    |ret_V_1_fu_3196_p2             |     +    |      0|  0|  58|          51|          51|
    |ret_V_fu_1983_p2               |     +    |      0|  0|  58|          51|          51|
    |stage_fu_3722_p2               |     +    |      0|  0|  10|           2|           1|
    |sum_V_7_fu_2018_p2             |     +    |      0|  0|  39|          32|          32|
    |sum_V_9_fu_3231_p2             |     +    |      0|  0|  39|          32|          32|
    |x_1_fu_1549_p2                 |     +    |      0|  0|  15|           5|           1|
    |x_2_fu_3533_p2                 |     +    |      0|  0|  12|           3|           1|
    |x_3_fu_2699_p2                 |     +    |      0|  0|  13|           4|           1|
    |x_fu_2468_p2                   |     +    |      0|  0|  13|           4|           1|
    |y_1_fu_2321_p2                 |     +    |      0|  0|  13|           4|           1|
    |y_2_fu_2670_p2                 |     +    |      0|  0|  13|           4|           1|
    |y_3_fu_3488_p2                 |     +    |      0|  0|  12|           3|           1|
    |y_fu_1498_p2                   |     +    |      0|  0|  15|           5|           1|
    |sub_ln101_1_fu_2403_p2         |     -    |      0|  0|  71|          64|          64|
    |sub_ln101_2_fu_2452_p2         |     -    |      0|  0|  71|          64|          64|
    |sub_ln101_fu_2271_p2           |     -    |      0|  0|  15|           9|           9|
    |sub_ln1265_1_fu_3070_p2        |     -    |      0|  0|  13|          11|          11|
    |sub_ln1265_fu_2777_p2          |     -    |      0|  0|  15|           8|           8|
    |sub_ln126_fu_2658_p2           |     -    |      0|  0|  15|           8|           8|
    |sub_ln203_1_fu_2305_p2         |     -    |      0|  0|  15|           8|           8|
    |sub_ln203_2_fu_1533_p2         |     -    |      0|  0|  17|          13|          13|
    |sub_ln203_3_fu_2356_p2         |     -    |      0|  0|  13|          11|          11|
    |sub_ln203_fu_1459_p2           |     -    |      0|  0|  15|           9|           9|
    |sub_ln85_fu_1616_p2            |     -    |      0|  0|  11|          11|          11|
    |and_ln779_1_fu_2919_p2         |    and   |      0|  0|   2|           1|           1|
    |and_ln779_fu_1846_p2           |    and   |      0|  0|   2|           1|           1|
    |and_ln781_1_fu_2104_p2         |    and   |      0|  0|   2|           1|           1|
    |and_ln781_2_fu_2933_p2         |    and   |      0|  0|   2|           1|           1|
    |and_ln781_3_fu_3317_p2         |    and   |      0|  0|   2|           1|           1|
    |and_ln781_fu_1860_p2           |    and   |      0|  0|   2|           1|           1|
    |and_ln786_2_fu_2098_p2         |    and   |      0|  0|   2|           1|           1|
    |and_ln786_3_fu_2963_p2         |    and   |      0|  0|   2|           1|           1|
    |and_ln786_6_fu_3311_p2         |    and   |      0|  0|   2|           1|           1|
    |and_ln786_fu_1890_p2           |    and   |      0|  0|   2|           1|           1|
    |ap_block_state141              |    and   |      0|  0|   2|           1|           1|
    |ap_block_state150              |    and   |      0|  0|   2|           1|           1|
    |ap_block_state37_io            |    and   |      0|  0|   2|           1|           1|
    |ap_block_state4_io             |    and   |      0|  0|   2|           1|           1|
    |ap_block_state72_io            |    and   |      0|  0|   2|           1|           1|
    |carry_1_fu_1772_p2             |    and   |      0|  0|   2|           1|           1|
    |carry_3_fu_2038_p2             |    and   |      0|  0|   2|           1|           1|
    |carry_5_fu_2845_p2             |    and   |      0|  0|   2|           1|           1|
    |carry_7_fu_3251_p2             |    and   |      0|  0|   2|           1|           1|
    |deleted_ones_1_fu_2092_p2      |    and   |      0|  0|   2|           1|           1|
    |deleted_ones_3_fu_3305_p2      |    and   |      0|  0|   2|           1|           1|
    |overflow_1_fu_1884_p2          |    and   |      0|  0|   2|           1|           1|
    |overflow_2_fu_2957_p2          |    and   |      0|  0|   2|           1|           1|
    |overflow_3_fu_3335_p2          |    and   |      0|  0|   2|           1|           1|
    |overflow_fu_2122_p2            |    and   |      0|  0|   2|           1|           1|
    |underflow_1_fu_1908_p2         |    and   |      0|  0|   2|           1|           1|
    |underflow_2_fu_2981_p2         |    and   |      0|  0|   2|           1|           1|
    |underflow_3_fu_3352_p2         |    and   |      0|  0|   2|           1|           1|
    |underflow_fu_2139_p2           |    and   |      0|  0|   2|           1|           1|
    |Range1_all_ones_2_fu_2885_p2   |   icmp   |      0|  0|  11|           8|           2|
    |Range1_all_ones_fu_1812_p2     |   icmp   |      0|  0|  11|           8|           2|
    |Range1_all_zeros_1_fu_2891_p2  |   icmp   |      0|  0|  11|           8|           1|
    |Range1_all_zeros_fu_1818_p2    |   icmp   |      0|  0|  11|           8|           1|
    |Range2_all_ones_2_fu_2869_p2   |   icmp   |      0|  0|  11|           7|           2|
    |Range2_all_ones_fu_1796_p2     |   icmp   |      0|  0|  11|           7|           2|
    |grp_fu_1225_p2                 |   icmp   |      0|  0|  13|          15|          15|
    |grp_fu_1231_p2                 |   icmp   |      0|  0|  13|          15|          15|
    |icmp_ln100_fu_2462_p2          |   icmp   |      0|  0|   9|           4|           4|
    |icmp_ln111_fu_2589_p2          |   icmp   |      0|  0|  11|           5|           6|
    |icmp_ln113_fu_2664_p2          |   icmp   |      0|  0|  11|           4|           5|
    |icmp_ln115_fu_2693_p2          |   icmp   |      0|  0|  11|           4|           5|
    |icmp_ln118_fu_2720_p2          |   icmp   |      0|  0|   9|           3|           3|
    |icmp_ln120_fu_3001_p2          |   icmp   |      0|  0|   9|           3|           3|
    |icmp_ln122_fu_3113_p2          |   icmp   |      0|  0|   9|           3|           3|
    |icmp_ln138_fu_3458_p2          |   icmp   |      0|  0|  11|           5|           6|
    |icmp_ln140_fu_3482_p2          |   icmp   |      0|  0|   9|           3|           4|
    |icmp_ln142_fu_3527_p2          |   icmp   |      0|  0|   9|           3|           4|
    |icmp_ln1494_1_fu_2543_p2       |   icmp   |      0|  0|  13|          15|          15|
    |icmp_ln1494_4_fu_3626_p2       |   icmp   |      0|  0|  13|          15|          15|
    |icmp_ln1494_7_fu_2220_p2       |   icmp   |      0|  0|  13|          16|           1|
    |icmp_ln1494_8_fu_3443_p2       |   icmp   |      0|  0|  13|          16|           1|
    |icmp_ln1494_fu_3996_p2         |   icmp   |      0|  0|  13|          16|          16|
    |icmp_ln155_fu_3685_p2          |   icmp   |      0|  0|  13|           9|          10|
    |icmp_ln158_fu_3716_p2          |   icmp   |      0|  0|   8|           2|           2|
    |icmp_ln159_1_fu_3734_p2        |   icmp   |      0|  0|   8|           2|           1|
    |icmp_ln159_fu_3728_p2          |   icmp   |      0|  0|   8|           2|           1|
    |icmp_ln162_fu_3792_p2          |   icmp   |      0|  0|  11|           7|           7|
    |icmp_ln165_fu_3818_p2          |   icmp   |      0|  0|  13|           9|           9|
    |icmp_ln171_fu_3782_p2          |   icmp   |      0|  0|   9|           2|           3|
    |icmp_ln174_fu_3940_p2          |   icmp   |      0|  0|  11|           7|           7|
    |icmp_ln176_fu_3808_p2          |   icmp   |      0|  0|   9|           2|           3|
    |icmp_ln184_fu_3990_p2          |   icmp   |      0|  0|   9|           4|           4|
    |icmp_ln75_fu_1419_p2           |   icmp   |      0|  0|   9|           3|           3|
    |icmp_ln77_fu_1492_p2           |   icmp   |      0|  0|  11|           5|           5|
    |icmp_ln79_fu_1543_p2           |   icmp   |      0|  0|  11|           5|           5|
    |icmp_ln82_fu_1574_p2           |   icmp   |      0|  0|   9|           3|           3|
    |icmp_ln84_fu_1920_p2           |   icmp   |      0|  0|   9|           3|           3|
    |icmp_ln96_fu_2235_p2           |   icmp   |      0|  0|   9|           3|           3|
    |icmp_ln98_fu_2315_p2           |   icmp   |      0|  0|   9|           4|           4|
    |ap_block_state14_io            |    or    |      0|  0|   2|           1|           1|
    |ap_block_state21               |    or    |      0|  0|   2|           1|           1|
    |or_ln101_1_fu_2510_p2          |    or    |      0|  0|   5|           5|           1|
    |or_ln101_fu_2413_p2            |    or    |      0|  0|   5|           5|           1|
    |or_ln143_1_fu_3576_p2          |    or    |      0|  0|   3|           3|           1|
    |or_ln143_fu_3521_p2            |    or    |      0|  0|   3|           3|           1|
    |or_ln159_fu_3748_p2            |    or    |      0|  0|   2|           1|           1|
    |or_ln340_10_fu_3414_p2         |    or    |      0|  0|   2|           1|           1|
    |or_ln340_11_fu_3363_p2         |    or    |      0|  0|   2|           1|           1|
    |or_ln340_1_fu_2144_p2          |    or    |      0|  0|   2|           1|           1|
    |or_ln340_2_fu_2155_p2          |    or    |      0|  0|   2|           1|           1|
    |or_ln340_3_fu_2187_p2          |    or    |      0|  0|   2|           1|           1|
    |or_ln340_4_fu_2987_p2          |    or    |      0|  0|   2|           1|           1|
    |or_ln340_5_fu_3357_p2          |    or    |      0|  0|   2|           1|           1|
    |or_ln340_6_fu_3368_p2          |    or    |      0|  0|   2|           1|           1|
    |or_ln340_7_fu_2191_p2          |    or    |      0|  0|   2|           1|           1|
    |or_ln340_8_fu_2150_p2          |    or    |      0|  0|   2|           1|           1|
    |or_ln340_9_fu_3410_p2          |    or    |      0|  0|   2|           1|           1|
    |or_ln340_fu_1914_p2            |    or    |      0|  0|   2|           1|           1|
    |or_ln416_1_fu_3299_p2          |    or    |      0|  0|   2|           1|           1|
    |or_ln416_2_fu_2080_p2          |    or    |      0|  0|   2|           1|           1|
    |or_ln416_3_fu_3293_p2          |    or    |      0|  0|   2|           1|           1|
    |or_ln416_fu_2086_p2            |    or    |      0|  0|   2|           1|           1|
    |or_ln785_1_fu_2112_p2          |    or    |      0|  0|   2|           1|           1|
    |or_ln785_2_fu_2945_p2          |    or    |      0|  0|   2|           1|           1|
    |or_ln785_3_fu_3325_p2          |    or    |      0|  0|   2|           1|           1|
    |or_ln785_fu_1872_p2            |    or    |      0|  0|   2|           1|           1|
    |or_ln786_1_fu_2128_p2          |    or    |      0|  0|   2|           1|           1|
    |or_ln786_2_fu_2969_p2          |    or    |      0|  0|   2|           1|           1|
    |or_ln786_3_fu_3341_p2          |    or    |      0|  0|   2|           1|           1|
    |or_ln786_fu_1896_p2            |    or    |      0|  0|   2|           1|           1|
    |conv1_V_d0                     |  select  |      0|  0|  15|           1|          15|
    |conv2_V_d0                     |  select  |      0|  0|  15|           1|          15|
    |deleted_ones_2_fu_2925_p3      |  select  |      0|  0|   2|           1|           1|
    |deleted_ones_fu_1852_p3        |  select  |      0|  0|   2|           1|           1|
    |deleted_zeros_1_fu_2897_p3     |  select  |      0|  0|   2|           1|           1|
    |deleted_zeros_fu_1824_p3       |  select  |      0|  0|   2|           1|           1|
    |inputs_fu_3754_p3              |  select  |      0|  0|   9|           1|           9|
    |outputs_fu_3774_p3             |  select  |      0|  0|   7|           1|           7|
    |select_ln10_1_fu_3632_p3       |  select  |      0|  0|   3|           1|           3|
    |select_ln10_fu_2549_p3         |  select  |      0|  0|   5|           1|           5|
    |select_ln11_1_fu_3637_p3       |  select  |      0|  0|   3|           1|           3|
    |select_ln11_fu_2564_p3         |  select  |      0|  0|   5|           1|           5|
    |select_ln12_1_fu_3671_p3       |  select  |      0|  0|  11|           1|          11|
    |select_ln12_fu_2579_p3         |  select  |      0|  0|  64|           1|          64|
    |select_ln159_2_fu_3766_p3      |  select  |      0|  0|   7|           1|           5|
    |select_ln159_fu_3740_p3        |  select  |      0|  0|  10|           1|          10|
    |select_ln185_1_fu_4008_p3      |  select  |      0|  0|   4|           1|           4|
    |select_ln185_fu_4001_p3        |  select  |      0|  0|  16|           1|          16|
    |select_ln340_1_fu_3374_p3      |  select  |      0|  0|  32|           1|          31|
    |select_ln340_2_fu_2196_p3      |  select  |      0|  0|  16|           1|          15|
    |select_ln340_3_fu_3419_p3      |  select  |      0|  0|  16|           1|          15|
    |select_ln340_4_fu_2208_p3      |  select  |      0|  0|  16|           1|          16|
    |select_ln340_5_fu_2175_p3      |  select  |      0|  0|  32|           1|          32|
    |select_ln340_6_fu_3431_p3      |  select  |      0|  0|  16|           1|          16|
    |select_ln340_7_fu_3388_p3      |  select  |      0|  0|  32|           1|          32|
    |select_ln340_fu_2161_p3        |  select  |      0|  0|  32|           1|          31|
    |select_ln388_1_fu_3381_p3      |  select  |      0|  0|  33|           1|          33|
    |select_ln388_2_fu_2202_p3      |  select  |      0|  0|  17|           1|          17|
    |select_ln388_3_fu_3425_p3      |  select  |      0|  0|  17|           1|          17|
    |select_ln388_fu_2168_p3        |  select  |      0|  0|  33|           1|          33|
    |xor_ln416_2_fu_1766_p2         |    xor   |      0|  0|   2|           1|           2|
    |xor_ln416_3_fu_2032_p2         |    xor   |      0|  0|   2|           1|           2|
    |xor_ln416_4_fu_2074_p2         |    xor   |      0|  0|   2|           1|           2|
    |xor_ln416_5_fu_3245_p2         |    xor   |      0|  0|   2|           1|           2|
    |xor_ln416_6_fu_3287_p2         |    xor   |      0|  0|   2|           1|           2|
    |xor_ln416_fu_2839_p2           |    xor   |      0|  0|   2|           1|           2|
    |xor_ln779_1_fu_2068_p2         |    xor   |      0|  0|   2|           1|           2|
    |xor_ln779_2_fu_2913_p2         |    xor   |      0|  0|   2|           1|           2|
    |xor_ln779_3_fu_3281_p2         |    xor   |      0|  0|   2|           1|           2|
    |xor_ln779_fu_1840_p2           |    xor   |      0|  0|   2|           1|           2|
    |xor_ln785_1_fu_1878_p2         |    xor   |      0|  0|   2|           1|           2|
    |xor_ln785_2_fu_2108_p2         |    xor   |      0|  0|   2|           1|           1|
    |xor_ln785_3_fu_2117_p2         |    xor   |      0|  0|   2|           1|           2|
    |xor_ln785_4_fu_2939_p2         |    xor   |      0|  0|   2|           1|           2|
    |xor_ln785_5_fu_2951_p2         |    xor   |      0|  0|   2|           1|           2|
    |xor_ln785_6_fu_3321_p2         |    xor   |      0|  0|   2|           1|           1|
    |xor_ln785_7_fu_3330_p2         |    xor   |      0|  0|   2|           1|           2|
    |xor_ln785_fu_1866_p2           |    xor   |      0|  0|   2|           1|           2|
    |xor_ln786_1_fu_2133_p2         |    xor   |      0|  0|   2|           1|           2|
    |xor_ln786_2_fu_2975_p2         |    xor   |      0|  0|   2|           1|           2|
    |xor_ln786_3_fu_3346_p2         |    xor   |      0|  0|   2|           1|           2|
    |xor_ln786_fu_1902_p2           |    xor   |      0|  0|   2|           1|           2|
    +-------------------------------+----------+-------+---+----+------------+------------+
    |Total                          |          |      2|  0|3078|        1774|        2049|
    +-------------------------------+----------+-------+---+----+------------+------------+

    * Multiplexer: 
    +--------------------------+-----+-----------+-----+-----------+
    |           Name           | LUT | Input Size| Bits| Total Bits|
    +--------------------------+-----+-----------+-----+-----------+
    |ap_NS_fsm                 |  673|        152|    1|        152|
    |best_idx_V_reg_1201       |    9|          2|    4|          8|
    |bias_V_reg_1154           |   15|          3|   16|         48|
    |conv1_V_address0          |   27|          5|   12|         60|
    |conv1_V_address1          |   27|          5|   12|         60|
    |conv2_V_address0          |   27|          5|   10|         50|
    |conv2_V_address1          |   27|          5|   10|         50|
    |dense_input_V_address0    |   21|          4|    8|         32|
    |dense_input_V_ce0         |   15|          3|    1|          3|
    |dense_input_V_d0          |   15|          3|   16|         48|
    |dense_output_V_address0   |   15|          3|    7|         21|
    |gmem0_ARADDR              |   21|          4|   32|        128|
    |gmem0_ARLEN               |   21|          4|   32|        128|
    |gmem0_blk_n_AR            |    9|          2|    1|          2|
    |gmem0_blk_n_AW            |    9|          2|    1|          2|
    |gmem0_blk_n_B             |    9|          2|    1|          2|
    |gmem0_blk_n_R             |    9|          2|    1|          2|
    |gmem0_blk_n_W             |    9|          2|    1|          2|
    |gmem1_ARADDR              |   50|         11|   32|        352|
    |gmem1_ARLEN               |   15|          3|   32|         96|
    |gmem1_blk_n_AR            |    9|          2|    1|          2|
    |gmem1_blk_n_R             |    9|          2|    1|          2|
    |i14_0_reg_1131            |    9|          2|    9|         18|
    |i_0_reg_1095              |    9|          2|    9|         18|
    |ic_0_reg_1004             |    9|          2|    3|          6|
    |kx9_0_reg_1050            |    9|          2|    3|          6|
    |kx_0_reg_915              |    9|          2|    3|          6|
    |ky8_0_reg_1027            |    9|          2|    3|          6|
    |ky_0_reg_892              |    9|          2|    3|          6|
    |o15_0_reg_1166            |    9|          2|    7|         14|
    |o_0_reg_1119              |    9|          2|    7|         14|
    |oc11_0_reg_1061           |    9|          2|    5|         10|
    |oc1_0_reg_926             |    9|          2|    3|          6|
    |oc4_0_reg_959             |    9|          2|    5|         10|
    |oc_0_reg_847              |    9|          2|    3|          6|
    |op_V_assign_449_reg_1142  |   15|          3|   16|         48|
    |p_0409_2_reg_1015         |    9|          2|   32|         64|
    |p_0555_0_reg_1178         |    9|          2|   16|         32|
    |p_0559_0_reg_1188         |    9|          2|    4|          8|
    |p_Val2_10_reg_994         |    9|          2|   32|         64|
    |p_Val2_16_reg_1038        |    9|          2|   32|         64|
    |p_Val2_1_reg_882          |    9|          2|   32|         64|
    |p_Val2_7_reg_903          |    9|          2|   32|         64|
    |pool1_V_address0          |   15|          3|   10|         30|
    |pool2_V_address0          |   15|          3|    8|         24|
    |row_weights_V_address0    |   15|          3|    8|         24|
    |row_weights_V_ce0         |   15|          3|    1|          3|
    |stage_0_reg_1107          |    9|          2|    2|          4|
    |x13_0_reg_1084            |    9|          2|    3|          6|
    |x3_0_reg_948              |    9|          2|    4|          8|
    |x6_0_reg_982              |    9|          2|    4|          8|
    |x_0_reg_870               |    9|          2|    5|         10|
    |y12_0_reg_1073            |    9|          2|    3|          6|
    |y2_0_reg_937              |    9|          2|    4|          8|
    |y5_0_reg_970              |    9|          2|    4|          8|
    |y_0_reg_858               |    9|          2|    5|         10|
    +--------------------------+-----+-----------+-----+-----------+
    |Total                     | 1377|        299|  552|       1933|
    +--------------------------+-----+-----------+-----+-----------+

    * Register: 
    +------------------------------------+-----+----+-----+-----------+
    |                Name                |  FF | LUT| Bits| Const Bits|
    +------------------------------------+-----+----+-----+-----------+
    |Range2_all_ones_4_reg_4261          |    1|   0|    1|          0|
    |Range2_all_ones_5_reg_4603          |    1|   0|    1|          0|
    |add_ln101_3_reg_4356                |   12|   0|   13|          1|
    |add_ln101_5_reg_4372                |   12|   0|   13|          1|
    |add_ln101_6_reg_4387                |   64|   0|   64|          0|
    |add_ln101_7_reg_4393                |   64|   0|   64|          0|
    |add_ln203_3_reg_4340                |   11|   0|   11|          0|
    |add_ln203_4_reg_4174                |   13|   0|   13|          0|
    |add_ln203_6_reg_4668                |   10|   0|   10|          0|
    |and_ln781_2_reg_4503                |    1|   0|    1|          0|
    |and_ln781_reg_4185                  |    1|   0|    1|          0|
    |and_ln786_2_reg_4267                |    1|   0|    1|          0|
    |and_ln786_3_reg_4513                |    1|   0|    1|          0|
    |and_ln786_6_reg_4609                |    1|   0|    1|          0|
    |and_ln786_reg_4195                  |    1|   0|    1|          0|
    |ap_CS_fsm                           |  151|   0|  151|          0|
    |best_V_1_reg_4956                   |   16|   0|   16|          0|
    |best_V_reg_4948                     |   16|   0|   16|          0|
    |best_idx_V_reg_1201                 |    4|   0|    4|          0|
    |bias_V_reg_1154                     |   16|   0|   16|          0|
    |carry_3_reg_4250                    |    1|   0|    1|          0|
    |carry_7_reg_4592                    |    1|   0|    1|          0|
    |dense_output_V_load_reg_4931        |   16|   0|   16|          0|
    |gmem0_addr_1_reg_4162               |   32|   0|   32|          0|
    |gmem0_addr_2_reg_4942               |   32|   0|   32|          0|
    |gmem0_addr_3_reg_4936               |   32|   0|   32|          0|
    |gmem0_addr_reg_4028                 |   31|   0|   32|          1|
    |gmem1_addr_1_reg_4432               |   32|   0|   32|          0|
    |gmem1_addr_2_reg_4168               |   32|   0|   32|          0|
    |gmem1_addr_3_reg_4541               |   32|   0|   32|          0|
    |gmem1_addr_4_read_reg_4903          |   16|   0|   16|          0|
    |gmem1_addr_4_reg_4872               |   32|   0|   32|          0|
    |gmem1_addr_5_read_reg_4888          |   16|   0|   16|          0|
    |gmem1_addr_5_reg_4849               |   32|   0|   32|          0|
    |gmem1_addr_6_read_reg_4898          |   16|   0|   16|          0|
    |gmem1_addr_6_reg_4866               |   32|   0|   32|          0|
    |gmem1_addr_7_read_reg_4893          |   16|   0|   16|          0|
    |gmem1_addr_7_reg_4860               |   32|   0|   32|          0|
    |gmem1_addr_8_read_reg_4883          |   16|   0|   16|          0|
    |gmem1_addr_8_reg_4843               |   32|   0|   32|          0|
    |gmem1_addr_9_read_reg_4878          |   16|   0|   16|          0|
    |gmem1_addr_9_reg_4837               |   32|   0|   32|          0|
    |gmem1_addr_reg_4107                 |   32|   0|   32|          0|
    |grp_dense_row_fu_1213_ap_start_reg  |    1|   0|    1|          0|
    |i14_0_reg_1131                      |    9|   0|    9|          0|
    |i_0_reg_1095                        |    9|   0|    9|          0|
    |i_2_reg_4827                        |    9|   0|    9|          0|
    |i_reg_4759                          |    9|   0|    9|          0|
    |ic_0_reg_1004                       |    3|   0|    3|          0|
    |ic_reg_4477                         |    3|   0|    3|          0|
    |icmp_ln1494_4_reg_4711              |    1|   0|    1|          0|
    |icmp_ln159_1_reg_4781               |    1|   0|    1|          0|
    |icmp_ln159_reg_4777                 |    1|   0|    1|          0|
    |icmp_ln171_reg_4802                 |    1|   0|    1|          0|
    |icmp_ln176_reg_4820                 |    1|   0|    1|          0|
    |inputs_reg_4785                     |    6|   0|    9|          3|
    |kx9_0_reg_1050                      |    3|   0|    3|          0|
    |kx_0_reg_915                        |    3|   0|    3|          0|
    |kx_1_reg_4550                       |    3|   0|    3|          0|
    |kx_reg_4213                         |    3|   0|    3|          0|
    |ky8_0_reg_1027                      |    3|   0|    3|          0|
    |ky_0_reg_892                        |    3|   0|    3|          0|
    |ky_1_reg_4531                       |    3|   0|    3|          0|
    |ky_reg_4157                         |    3|   0|    3|          0|
    |mul_ln167_reg_4815                  |   13|   0|   15|          2|
    |o15_0_reg_1166                      |    7|   0|    7|          0|
    |o_0_reg_1119                        |    7|   0|    7|          0|
    |o_1_reg_4810                        |    7|   0|    7|          0|
    |o_reg_4916                          |    7|   0|    7|          0|
    |oc11_0_reg_1061                     |    5|   0|    5|          0|
    |oc1_0_reg_926                       |    3|   0|    3|          0|
    |oc4_0_reg_959                       |    5|   0|    5|          0|
    |oc_0_reg_847                        |    3|   0|    3|          0|
    |oc_1_reg_4281                       |    3|   0|    3|          0|
    |oc_2_reg_4422                       |    5|   0|    5|          0|
    |oc_3_reg_4623                       |    5|   0|    5|          0|
    |oc_reg_4097                         |    3|   0|    3|          0|
    |op_V_assign_449_reg_1142            |   16|   0|   16|          0|
    |op_V_assign_5_reg_4908              |   16|   0|   16|          0|
    |or_ln101_1_reg_4361                 |    4|   0|    5|          1|
    |or_ln143_1_reg_4689                 |    2|   0|    3|          1|
    |or_ln143_reg_4653                   |    2|   0|    3|          1|
    |or_ln340_4_reg_4523                 |    1|   0|    1|          0|
    |or_ln340_reg_4205                   |    1|   0|    1|          0|
    |outputs_reg_4796                    |    6|   0|    7|          1|
    |p_0409_2_reg_1015                   |   32|   0|   32|          0|
    |p_0555_0_reg_1178                   |   16|   0|   16|          0|
    |p_0559_0_reg_1188                   |    4|   0|    4|          0|
    |p_Result_11_reg_4598                |    1|   0|    1|          0|
    |p_Result_5_reg_4256                 |    1|   0|    1|          0|
    |p_Result_9_reg_4580                 |    1|   0|    1|          0|
    |p_Result_s_reg_4238                 |    1|   0|    1|          0|
    |p_Val2_10_reg_994                   |   32|   0|   32|          0|
    |p_Val2_14_reg_4497                  |   16|   0|   16|          0|
    |p_Val2_15_reg_4565                  |   16|   0|   16|          0|
    |p_Val2_16_reg_1038                  |   32|   0|   32|          0|
    |p_Val2_1_reg_882                    |   32|   0|   32|          0|
    |p_Val2_3_reg_4179                   |   16|   0|   16|          0|
    |p_Val2_4_reg_4464                   |   16|   0|   16|          0|
    |p_Val2_5_reg_4218                   |   16|   0|   16|          0|
    |p_Val2_6_reg_4223                   |   16|   0|   16|          0|
    |p_Val2_7_reg_903                    |   32|   0|   32|          0|
    |p_Val2_s_reg_4144                   |   16|   0|   16|          0|
    |p_cast48_reg_4079                   |   31|   0|   32|          1|
    |p_cast49_reg_4074                   |   31|   0|   32|          1|
    |p_cast50_reg_4069                   |   31|   0|   33|          2|
    |p_cast51_reg_4064                   |   31|   0|   32|          1|
    |p_cast52_reg_4059                   |   31|   0|   32|          1|
    |p_cast53_reg_4054                   |   31|   0|   32|          1|
    |p_cast54_reg_4049                   |   31|   0|   32|          1|
    |p_cast55_reg_4044                   |   31|   0|   32|          1|
    |p_cast56_reg_4039                   |   31|   0|   32|          1|
    |p_cast57_reg_4034                   |   31|   0|   32|          1|
    |p_cast58_reg_4022                   |   31|   0|   32|          1|
    |p_cast_reg_4084                     |   31|   0|   33|          2|
    |pool1_V_load_reg_4560               |   15|   0|   15|          0|
    |r_V_1_reg_4570                      |   40|   0|   48|          8|
    |r_V_reg_4228                        |   40|   0|   48|          8|
    |select_ln10_1_reg_4716              |    3|   0|    3|          0|
    |select_ln11_1_reg_4721              |    3|   0|    3|          0|
    |select_ln12_1_reg_4746              |   11|   0|   11|          0|
    |select_ln12_reg_4409                |   64|   0|   64|          0|
    |sext_ln101_reg_4286                 |    7|   0|   10|          3|
    |sext_ln1265_reg_4492                |    7|   0|    9|          2|
    |sext_ln126_1_reg_4487               |    9|   0|   11|          2|
    |sext_ln126_reg_4482                 |    9|   0|    9|          0|
    |sext_ln203_1_reg_4292               |    7|   0|    9|          2|
    |sext_ln203_reg_4102                 |    7|   0|   10|          3|
    |shl_ln101_1_reg_4345                |    4|   0|    5|          1|
    |shl_ln143_1_reg_4678                |    2|   0|    3|          1|
    |shl_ln_reg_4113                     |    3|   0|    5|          2|
    |stage_0_reg_1107                    |    2|   0|    2|          0|
    |stage_reg_4772                      |    2|   0|    2|          0|
    |sub_ln101_1_reg_4310                |   60|   0|   64|          4|
    |sub_ln101_2_reg_4321                |   60|   0|   64|          4|
    |sub_ln1265_1_reg_4536               |    9|   0|   11|          2|
    |sub_ln126_reg_4438                  |    7|   0|    8|          1|
    |sub_ln203_2_reg_4126                |   10|   0|   13|          3|
    |sub_ln203_3_reg_4305                |    9|   0|   11|          2|
    |sum_V_7_reg_4244                    |   32|   0|   32|          0|
    |sum_V_9_reg_4586                    |   32|   0|   32|          0|
    |tmp_35_cast_reg_4451                |    9|   0|   12|          3|
    |tmp_38_cast_reg_4641                |    8|   0|   10|          2|
    |tmp_43_reg_4726                     |   10|   0|   11|          1|
    |tmp_44_reg_4736                     |   10|   0|   11|          1|
    |tmp_55_reg_4233                     |    1|   0|    1|          0|
    |tmp_69_reg_4575                     |    1|   0|    1|          0|
    |trunc_ln100_reg_4326                |    9|   0|   13|          4|
    |trunc_ln101_reg_4315                |    9|   0|   13|          4|
    |trunc_ln143_1_reg_4673              |    2|   0|    2|          0|
    |trunc_ln143_reg_4646                |    2|   0|    2|          0|
    |underflow_1_reg_4200                |    1|   0|    1|          0|
    |underflow_2_reg_4518                |    1|   0|    1|          0|
    |x13_0_reg_1084                      |    3|   0|    3|          0|
    |x3_0_reg_948                        |    4|   0|    4|          0|
    |x6_0_reg_982                        |    4|   0|    4|          0|
    |x_0_reg_870                         |    5|   0|    5|          0|
    |x_1_reg_4139                        |    5|   0|    5|          0|
    |x_2_reg_4663                        |    3|   0|    3|          0|
    |x_3_reg_4459                        |    4|   0|    4|          0|
    |x_reg_4335                          |    4|   0|    4|          0|
    |xor_ln785_1_reg_4190                |    1|   0|    1|          0|
    |xor_ln785_5_reg_4508                |    1|   0|    1|          0|
    |y12_0_reg_1073                      |    3|   0|    3|          0|
    |y2_0_reg_937                        |    4|   0|    4|          0|
    |y5_0_reg_970                        |    4|   0|    4|          0|
    |y_0_reg_858                         |    5|   0|    5|          0|
    |y_1_reg_4300                        |    4|   0|    4|          0|
    |y_2_reg_4446                        |    4|   0|    4|          0|
    |y_3_reg_4636                        |    3|   0|    3|          0|
    |y_reg_4121                          |    5|   0|    5|          0|
    |zext_ln1265_1_reg_4427              |    5|   0|    9|          4|
    |zext_ln140_reg_4628                 |    5|   0|    8|          3|
    |zext_ln167_reg_4791                 |    6|   0|   15|          9|
    |zext_ln168_reg_4832                 |    9|   0|   64|         55|
    |zext_ln170_reg_4855                 |    7|   0|   64|         57|
    |zext_ln176_reg_4921                 |    7|   0|   64|         57|
    |zext_ln75_reg_4089                  |    3|   0|    4|          1|
    |zext_ln79_reg_4131                  |    5|   0|   11|          6|
    +------------------------------------+-----+----+-----+-----------+
    |Total                               | 2455|   0| 2736|        281|
    +------------------------------------+-----+----+-----+-----------+



================================================================
== Interface
================================================================
* Summary: 
+-----------------------+-----+-----+------------+--------------+--------------+
|       RTL Ports       | Dir | Bits|  Protocol  | Source Object|    C Type    |
+-----------------------+-----+-----+------------+--------------+--------------+
|s_axi_control_AWVALID  |  in |    1|    s_axi   |    control   |    pointer   |
|s_axi_control_AWREADY  | out |    1|    s_axi   |    control   |    pointer   |
|s_axi_control_AWADDR   |  in |    7|    s_axi   |    control   |    pointer   |
|s_axi_control_WVALID   |  in |    1|    s_axi   |    control   |    pointer   |
|s_axi_control_WREADY   | out |    1|    s_axi   |    control   |    pointer   |
|s_axi_control_WDATA    |  in |   32|    s_axi   |    control   |    pointer   |
|s_axi_control_WSTRB    |  in |    4|    s_axi   |    control   |    pointer   |
|s_axi_control_ARVALID  |  in |    1|    s_axi   |    control   |    pointer   |
|s_axi_control_ARREADY  | out |    1|    s_axi   |    control   |    pointer   |
|s_axi_control_ARADDR   |  in |    7|    s_axi   |    control   |    pointer   |
|s_axi_control_RVALID   | out |    1|    s_axi   |    control   |    pointer   |
|s_axi_control_RREADY   |  in |    1|    s_axi   |    control   |    pointer   |
|s_axi_control_RDATA    | out |   32|    s_axi   |    control   |    pointer   |
|s_axi_control_RRESP    | out |    2|    s_axi   |    control   |    pointer   |
|s_axi_control_BVALID   | out |    1|    s_axi   |    control   |    pointer   |
|s_axi_control_BREADY   |  in |    1|    s_axi   |    control   |    pointer   |
|s_axi_control_BRESP    | out |    2|    s_axi   |    control   |    pointer   |
|ap_clk                 |  in |    1| ap_ctrl_hs |  lenet_accel | return value |
|ap_rst_n               |  in |    1| ap_ctrl_hs |  lenet_accel | return value |
|interrupt              | out |    1| ap_ctrl_hs |  lenet_accel | return value |
|m_axi_gmem0_AWVALID    | out |    1|    m_axi   |     gmem0    |    pointer   |
|m_axi_gmem0_AWREADY    |  in |    1|    m_axi   |     gmem0    |    pointer   |
|m_axi_gmem0_AWADDR     | out |   32|    m_axi   |     gmem0    |    pointer   |
|m_axi_gmem0_AWID       | out |    1|    m_axi   |     gmem0    |    pointer   |
|m_axi_gmem0_AWLEN      | out |    8|    m_axi   |     gmem0    |    pointer   |
|m_axi_gmem0_AWSIZE     | out |    3|    m_axi   |     gmem0    |    pointer   |
|m_axi_gmem0_AWBURST    | out |    2|    m_axi   |     gmem0    |    pointer   |
|m_axi_gmem0_AWLOCK     | out |    2|    m_axi   |     gmem0    |    pointer   |
|m_axi_gmem0_AWCACHE    | out |    4|    m_axi   |     gmem0    |    pointer   |
|m_axi_gmem0_AWPROT     | out |    3|    m_axi   |     gmem0    |    pointer   |
|m_axi_gmem0_AWQOS      | out |    4|    m_axi   |     gmem0    |    pointer   |
|m_axi_gmem0_AWREGION   | out |    4|    m_axi   |     gmem0    |    pointer   |
|m_axi_gmem0_AWUSER     | out |    1|    m_axi   |     gmem0    |    pointer   |
|m_axi_gmem0_WVALID     | out |    1|    m_axi   |     gmem0    |    pointer   |
|m_axi_gmem0_WREADY     |  in |    1|    m_axi   |     gmem0    |    pointer   |
|m_axi_gmem0_WDATA      | out |   32|    m_axi   |     gmem0    |    pointer   |
|m_axi_gmem0_WSTRB      | out |    4|    m_axi   |     gmem0    |    pointer   |
|m_axi_gmem0_WLAST      | out |    1|    m_axi   |     gmem0    |    pointer   |
|m_axi_gmem0_WID        | out |    1|    m_axi   |     gmem0    |    pointer   |
|m_axi_gmem0_WUSER      | out |    1|    m_axi   |     gmem0    |    pointer   |
|m_axi_gmem0_ARVALID    | out |    1|    m_axi   |     gmem0    |    pointer   |
|m_axi_gmem0_ARREADY    |  in |    1|    m_axi   |     gmem0    |    pointer   |
|m_axi_gmem0_ARADDR     | out |   32|    m_axi   |     gmem0    |    pointer   |
|m_axi_gmem0_ARID       | out |    1|    m_axi   |     gmem0    |    pointer   |
|m_axi_gmem0_ARLEN      | out |    8|    m_axi   |     gmem0    |    pointer   |
|m_axi_gmem0_ARSIZE     | out |    3|    m_axi   |     gmem0    |    pointer   |
|m_axi_gmem0_ARBURST    | out |    2|    m_axi   |     gmem0    |    pointer   |
|m_axi_gmem0_ARLOCK     | out |    2|    m_axi   |     gmem0    |    pointer   |
|m_axi_gmem0_ARCACHE    | out |    4|    m_axi   |     gmem0    |    pointer   |
|m_axi_gmem0_ARPROT     | out |    3|    m_axi   |     gmem0    |    pointer   |
|m_axi_gmem0_ARQOS      | out |    4|    m_axi   |     gmem0    |    pointer   |
|m_axi_gmem0_ARREGION   | out |    4|    m_axi   |     gmem0    |    pointer   |
|m_axi_gmem0_ARUSER     | out |    1|    m_axi   |     gmem0    |    pointer   |
|m_axi_gmem0_RVALID     |  in |    1|    m_axi   |     gmem0    |    pointer   |
|m_axi_gmem0_RREADY     | out |    1|    m_axi   |     gmem0    |    pointer   |
|m_axi_gmem0_RDATA      |  in |   32|    m_axi   |     gmem0    |    pointer   |
|m_axi_gmem0_RLAST      |  in |    1|    m_axi   |     gmem0    |    pointer   |
|m_axi_gmem0_RID        |  in |    1|    m_axi   |     gmem0    |    pointer   |
|m_axi_gmem0_RUSER      |  in |    1|    m_axi   |     gmem0    |    pointer   |
|m_axi_gmem0_RRESP      |  in |    2|    m_axi   |     gmem0    |    pointer   |
|m_axi_gmem0_BVALID     |  in |    1|    m_axi   |     gmem0    |    pointer   |
|m_axi_gmem0_BREADY     | out |    1|    m_axi   |     gmem0    |    pointer   |
|m_axi_gmem0_BRESP      |  in |    2|    m_axi   |     gmem0    |    pointer   |
|m_axi_gmem0_BID        |  in |    1|    m_axi   |     gmem0    |    pointer   |
|m_axi_gmem0_BUSER      |  in |    1|    m_axi   |     gmem0    |    pointer   |
|m_axi_gmem1_AWVALID    | out |    1|    m_axi   |     gmem1    |    pointer   |
|m_axi_gmem1_AWREADY    |  in |    1|    m_axi   |     gmem1    |    pointer   |
|m_axi_gmem1_AWADDR     | out |   32|    m_axi   |     gmem1    |    pointer   |
|m_axi_gmem1_AWID       | out |    1|    m_axi   |     gmem1    |    pointer   |
|m_axi_gmem1_AWLEN      | out |    8|    m_axi   |     gmem1    |    pointer   |
|m_axi_gmem1_AWSIZE     | out |    3|    m_axi   |     gmem1    |    pointer   |
|m_axi_gmem1_AWBURST    | out |    2|    m_axi   |     gmem1    |    pointer   |
|m_axi_gmem1_AWLOCK     | out |    2|    m_axi   |     gmem1    |    pointer   |
|m_axi_gmem1_AWCACHE    | out |    4|    m_axi   |     gmem1    |    pointer   |
|m_axi_gmem1_AWPROT     | out |    3|    m_axi   |     gmem1    |    pointer   |
|m_axi_gmem1_AWQOS      | out |    4|    m_axi   |     gmem1    |    pointer   |
|m_axi_gmem1_AWREGION   | out |    4|    m_axi   |     gmem1    |    pointer   |
|m_axi_gmem1_AWUSER     | out |    1|    m_axi   |     gmem1    |    pointer   |
|m_axi_gmem1_WVALID     | out |    1|    m_axi   |     gmem1    |    pointer   |
|m_axi_gmem1_WREADY     |  in |    1|    m_axi   |     gmem1    |    pointer   |
|m_axi_gmem1_WDATA      | out |   32|    m_axi   |     gmem1    |    pointer   |
|m_axi_gmem1_WSTRB      | out |    4|    m_axi   |     gmem1    |    pointer   |
|m_axi_gmem1_WLAST      | out |    1|    m_axi   |     gmem1    |    pointer   |
|m_axi_gmem1_WID        | out |    1|    m_axi   |     gmem1    |    pointer   |
|m_axi_gmem1_WUSER      | out |    1|    m_axi   |     gmem1    |    pointer   |
|m_axi_gmem1_ARVALID    | out |    1|    m_axi   |     gmem1    |    pointer   |
|m_axi_gmem1_ARREADY    |  in |    1|    m_axi   |     gmem1    |    pointer   |
|m_axi_gmem1_ARADDR     | out |   32|    m_axi   |     gmem1    |    pointer   |
|m_axi_gmem1_ARID       | out |    1|    m_axi   |     gmem1    |    pointer   |
|m_axi_gmem1_ARLEN      | out |    8|    m_axi   |     gmem1    |    pointer   |
|m_axi_gmem1_ARSIZE     | out |    3|    m_axi   |     gmem1    |    pointer   |
|m_axi_gmem1_ARBURST    | out |    2|    m_axi   |     gmem1    |    pointer   |
|m_axi_gmem1_ARLOCK     | out |    2|    m_axi   |     gmem1    |    pointer   |
|m_axi_gmem1_ARCACHE    | out |    4|    m_axi   |     gmem1    |    pointer   |
|m_axi_gmem1_ARPROT     | out |    3|    m_axi   |     gmem1    |    pointer   |
|m_axi_gmem1_ARQOS      | out |    4|    m_axi   |     gmem1    |    pointer   |
|m_axi_gmem1_ARREGION   | out |    4|    m_axi   |     gmem1    |    pointer   |
|m_axi_gmem1_ARUSER     | out |    1|    m_axi   |     gmem1    |    pointer   |
|m_axi_gmem1_RVALID     |  in |    1|    m_axi   |     gmem1    |    pointer   |
|m_axi_gmem1_RREADY     | out |    1|    m_axi   |     gmem1    |    pointer   |
|m_axi_gmem1_RDATA      |  in |   32|    m_axi   |     gmem1    |    pointer   |
|m_axi_gmem1_RLAST      |  in |    1|    m_axi   |     gmem1    |    pointer   |
|m_axi_gmem1_RID        |  in |    1|    m_axi   |     gmem1    |    pointer   |
|m_axi_gmem1_RUSER      |  in |    1|    m_axi   |     gmem1    |    pointer   |
|m_axi_gmem1_RRESP      |  in |    2|    m_axi   |     gmem1    |    pointer   |
|m_axi_gmem1_BVALID     |  in |    1|    m_axi   |     gmem1    |    pointer   |
|m_axi_gmem1_BREADY     | out |    1|    m_axi   |     gmem1    |    pointer   |
|m_axi_gmem1_BRESP      |  in |    2|    m_axi   |     gmem1    |    pointer   |
|m_axi_gmem1_BID        |  in |    1|    m_axi   |     gmem1    |    pointer   |
|m_axi_gmem1_BUSER      |  in |    1|    m_axi   |     gmem1    |    pointer   |
+-----------------------+-----+-----+------------+--------------+--------------+

