

================================================================
== Vivado HLS Report for 'lenet_accel'
================================================================
* Date:           Sat Sep  5 23:07:08 2026

* Version:        2019.2 (Build 2704478 on Wed Nov 06 22:10:23 MST 2019)
* Project:        design
* Solution:       solution1
* Product family: zynq
* Target device:  xc7z020-clg400-1


================================================================
== Performance Estimates
================================================================
+ Timing: 
    * Summary: 
    +--------+----------+----------+------------+
    |  Clock |  Target  | Estimated| Uncertainty|
    +--------+----------+----------+------------+
    |ap_clk  | 10.00 ns | 8.750 ns |   1.25 ns  |
    +--------+----------+----------+------------+

+ Latency: 
    * Summary: 
    +---------+---------+-----------+-----------+---------+---------+---------+
    |  Latency (cycles) |   Latency (absolute)  |      Interval     | Pipeline|
    |   min   |   max   |    min    |    max    |   min   |   max   |   Type  |
    +---------+---------+-----------+-----------+---------+---------+---------+
    |  3206196|  4559226| 32.062 ms | 45.592 ms |  3206196|  4559226|   none  |
    +---------+---------+-----------+-----------+---------+---------+---------+

    + Detail: 
        * Instance: 
        +-----------------------+-----------+---------+---------+----------+-----------+-----+------+---------+
        |                       |           |  Latency (cycles) |  Latency (absolute)  |  Interval  | Pipeline|
        |        Instance       |   Module  |   min   |   max   |    min   |    max    | min |  max |   Type  |
        +-----------------------+-----------+---------+---------+----------+-----------+-----+------+---------+
        |grp_dense_row_fu_1224  |dense_row  |      338|     1026| 3.380 us | 10.260 us |  338|  1026|   none  |
        +-----------------------+-----------+---------+---------+----------+-----------+-----+------+---------+

        * Loop: 
        +---------------------+---------+---------+----------------+-----------+-----------+----------+----------+
        |                     |  Latency (cycles) |    Iteration   |  Initiation Interval  |   Trip   |          |
        |      Loop Name      |   min   |   max   |     Latency    |  achieved |   target  |   Count  | Pipelined|
        +---------------------+---------+---------+----------------+-----------+-----------+----------+----------+
        |- CONV1_OC           |  1230636|  1230636|          205106|          -|          -|         6|    no    |
        | + CONV1_Y           |   205104|   205104|            8546|          -|          -|        24|    no    |
        |  ++ CONV1_X         |     8544|     8544|             356|          -|          -|        24|    no    |
        |   +++ CONV1_KY      |      345|      345|              69|          -|          -|         5|    no    |
        |    ++++ CONV1_KX    |       60|       60|              12|          -|          -|         5|    no    |
        |- POOL1_OC           |     6204|     6204|            1034|          -|          -|         6|    no    |
        | + POOL1_Y           |     1032|     1032|              86|          -|          -|        12|    no    |
        |  ++ POOL1_X         |       84|       84|               7|          -|          -|        12|    no    |
        |- CONV2_OC           |  1928480|  1928480|          120530|          -|          -|        16|    no    |
        | + CONV2_Y           |   120528|   120528|           15066|          -|          -|         8|    no    |
        |  ++ CONV2_X         |    15064|    15064|            1883|          -|          -|         8|    no    |
        |   +++ CONV2_IC      |     1872|     1872|             312|          -|          -|         6|    no    |
        |    ++++ CONV2_KY    |      310|      310|              62|          -|          -|         5|    no    |
        |     +++++ CONV2_KX  |       60|       60|              12|          -|          -|         5|    no    |
        |- POOL2_OC           |     1952|     1952|             122|          -|          -|        16|    no    |
        | + POOL2_Y           |      120|      120|              30|          -|          -|         4|    no    |
        |  ++ POOL2_X         |       28|       28|               7|          -|          -|         4|    no    |
        |- Loop 5             |      512|      512|               2|          -|          -|       256|    no    |
        |- FC_STAGE           |    38379|  1391409| 12793 ~ 463803 |          -|          -|         3|    no    |
        | + FC_ROW            |    12760|   462720|   1276 ~ 3856  |          -|          -| 10 ~ 120 |    no    |
        |  ++ LOAD_ROW        |      924|     2816|              11|          -|          -| 84 ~ 256 |    no    |
        | + COPY_OUT          |       30|     1080|      3 ~ 9     |          -|          -| 10 ~ 120 |    no    |
        |- ARGMAX             |       18|       18|               2|          -|          -|         9|    no    |
        +---------------------+---------+---------+----------------+-----------+-----------+----------+----------+



================================================================
== Utilization Estimates
================================================================
* Summary: 
+-----------------+---------+-------+--------+-------+-----+
|       Name      | BRAM_18K| DSP48E|   FF   |  LUT  | URAM|
+-----------------+---------+-------+--------+-------+-----+
|DSP              |        -|      2|       -|      -|    -|
|Expression       |        -|      0|       0|   3006|    -|
|FIFO             |        -|      -|       -|      -|    -|
|Instance         |        4|      1|    1720|   2610|    -|
|Memory           |       10|      -|       0|      0|    0|
|Multiplexer      |        -|      -|       -|   1394|    -|
|Register         |        -|      -|    2460|      -|    -|
+-----------------+---------+-------+--------+-------+-----+
|Total            |       14|      3|    4180|   7010|    0|
+-----------------+---------+-------+--------+-------+-----+
|Available        |      280|    220|  106400|  53200|    0|
+-----------------+---------+-------+--------+-------+-----+
|Utilization (%)  |        5|      1|       3|     13|    0|
+-----------------+---------+-------+--------+-------+-----+

+ Detail: 
    * Instance: 
    +-----------------------------+---------------------------+---------+-------+-----+-----+-----+
    |           Instance          |           Module          | BRAM_18K| DSP48E|  FF | LUT | URAM|
    +-----------------------------+---------------------------+---------+-------+-----+-----+-----+
    |grp_dense_row_fu_1224        |dense_row                  |        0|      1|  144|  440|    0|
    |lenet_accel_control_s_axi_U  |lenet_accel_control_s_axi  |        0|      0|  502|  816|    0|
    |lenet_accel_gmem0_m_axi_U    |lenet_accel_gmem0_m_axi    |        2|      0|  537|  677|    0|
    |lenet_accel_gmem1_m_axi_U    |lenet_accel_gmem1_m_axi    |        2|      0|  537|  677|    0|
    +-----------------------------+---------------------------+---------+-------+-----+-----+-----+
    |Total                        |                           |        4|      1| 1720| 2610|    0|
    +-----------------------------+---------------------------+---------+-------+-----+-----+-----+

    * DSP48E: 
    +-------------------------+----------------------+-----------+
    |         Instance        |        Module        | Expression|
    +-------------------------+----------------------+-----------+
    |lenet_accel_mul_mfYi_U8  |lenet_accel_mul_mfYi  |  i0 * i1  |
    |lenet_accel_mul_mg8j_U9  |lenet_accel_mul_mg8j  |  i0 * i1  |
    +-------------------------+----------------------+-----------+

    * Memory: 
    +------------------+----------------------+---------+---+----+-----+------+-----+------+-------------+
    |      Memory      |        Module        | BRAM_18K| FF| LUT| URAM| Words| Bits| Banks| W*Bits*Banks|
    +------------------+----------------------+---------+---+----+-----+------+-----+------+-------------+
    |conv1_V_U         |lenet_accel_conv1_V   |        4|  0|   0|    0|  3456|   15|     1|        51840|
    |conv2_V_U         |lenet_accel_conv2_V   |        1|  0|   0|    0|  1024|   15|     1|        15360|
    |dense_input_V_U   |lenet_accel_densecud  |        1|  0|   0|    0|   256|   16|     1|         4096|
    |dense_output_V_U  |lenet_accel_denseeOg  |        1|  0|   0|    0|   120|   16|     1|         1920|
    |pool1_V_U         |lenet_accel_pool1_V   |        1|  0|   0|    0|   864|   15|     1|        12960|
    |pool2_V_U         |lenet_accel_pool2_V   |        1|  0|   0|    0|   256|   15|     1|         3840|
    |row_weights_V_U   |lenet_accel_row_wdEe  |        1|  0|   0|    0|   256|    8|     1|         2048|
    +------------------+----------------------+---------+---+----+-----+------+-----+------+-------------+
    |Total             |                      |       10|  0|   0|    0|  6232|  100|     7|        92064|
    +------------------+----------------------+---------+---+----+-----+------+-----+------+-------------+

    * FIFO: 
    N/A

    * Expression: 
    +-------------------------------+----------+-------+---+----+------------+------------+
    |         Variable Name         | Operation| DSP48E| FF| LUT| Bitwidth P0| Bitwidth P1|
    +-------------------------------+----------+-------+---+----+------------+------------+
    |mul_ln170_fu_3695_p2           |     *    |      0|  0|  51|           7|           9|
    |add_ln104_1_fu_2376_p2         |     +    |      0|  0|  14|          10|          10|
    |add_ln104_2_fu_2448_p2         |     +    |      0|  0|  17|          13|          13|
    |add_ln104_3_fu_2458_p2         |     +    |      0|  0|  17|          13|          13|
    |add_ln104_4_fu_2473_p2         |     +    |      0|  0|  17|          13|          13|
    |add_ln104_5_fu_2483_p2         |     +    |      0|  0|  17|          13|          13|
    |add_ln104_6_fu_2512_p2         |     +    |      0|  0|  71|          64|          64|
    |add_ln104_7_fu_2527_p2         |     +    |      0|  0|  71|          64|          64|
    |add_ln104_fu_2327_p2           |     +    |      0|  0|  14|          10|          10|
    |add_ln1265_1_fu_2570_p2        |     +    |      0|  0|  39|          32|          32|
    |add_ln1265_2_fu_1660_p2        |     +    |      0|  0|  40|          33|          33|
    |add_ln1265_3_fu_1952_p2        |     +    |      0|  0|  39|          32|          32|
    |add_ln1265_4_fu_2998_p2        |     +    |      0|  0|  15|           9|           9|
    |add_ln1265_5_fu_3073_p2        |     +    |      0|  0|  13|          11|          11|
    |add_ln1265_6_fu_3100_p2        |     +    |      0|  0|  39|          32|          32|
    |add_ln1265_fu_1480_p2          |     +    |      0|  0|  39|          32|          32|
    |add_ln129_1_fu_2981_p2         |     +    |      0|  0|  13|          11|          11|
    |add_ln129_2_fu_2972_p2         |     +    |      0|  0|  15|           9|           9|
    |add_ln129_3_fu_3055_p2         |     +    |      0|  0|  13|          11|          11|
    |add_ln129_fu_2685_p2           |     +    |      0|  0|  15|           8|           8|
    |add_ln1494_fu_3903_p2          |     +    |      0|  0|  39|          32|           1|
    |add_ln171_1_fu_3775_p2         |     +    |      0|  0|  39|          32|          32|
    |add_ln171_2_fu_3760_p2         |     +    |      0|  0|  39|          32|          32|
    |add_ln171_fu_3790_p2           |     +    |      0|  0|  39|          32|          32|
    |add_ln173_1_fu_3828_p2         |     +    |      0|  0|  39|          32|          32|
    |add_ln173_2_fu_3813_p2         |     +    |      0|  0|  39|          32|          32|
    |add_ln173_fu_3843_p2           |     +    |      0|  0|  39|          32|          32|
    |add_ln203_1_fu_2284_p2         |     +    |      0|  0|  15|           9|           9|
    |add_ln203_2_fu_2633_p2         |     +    |      0|  0|  15|           9|           9|
    |add_ln203_3_fu_2431_p2         |     +    |      0|  0|  13|          11|          11|
    |add_ln203_4_fu_1679_p2         |     +    |      0|  0|  17|          13|          13|
    |add_ln203_5_fu_3390_p2         |     +    |      0|  0|  15|           8|           8|
    |add_ln203_6_fu_3435_p2         |     +    |      0|  0|  14|          10|          10|
    |add_ln203_7_fu_3292_p2         |     +    |      0|  0|  12|          12|          12|
    |add_ln203_8_fu_3888_p2         |     +    |      0|  0|  39|          32|          32|
    |add_ln203_fu_1519_p2           |     +    |      0|  0|  14|          10|          10|
    |add_ln88_1_fu_1647_p2          |     +    |      0|  0|  11|          11|          11|
    |add_ln88_fu_1597_p2            |     +    |      0|  0|  15|           5|           5|
    |add_ln89_1_fu_1633_p2          |     +    |      0|  0|  13|           4|           4|
    |add_ln89_2_fu_1920_p2          |     +    |      0|  0|  15|           6|           6|
    |add_ln89_fu_1642_p2            |     +    |      0|  0|  15|           5|           5|
    |i_1_fu_3944_p2                 |     +    |      0|  0|  13|           4|           1|
    |i_2_fu_3715_p2                 |     +    |      0|  0|  15|           9|           1|
    |i_fu_3583_p2                   |     +    |      0|  0|  15|           9|           1|
    |ic_fu_2679_p2                  |     +    |      0|  0|  12|           3|           1|
    |in_idx_x_fu_3049_p2            |     +    |      0|  0|  13|           4|           4|
    |in_idx_y_fu_2966_p2            |     +    |      0|  0|  13|           4|           4|
    |kx_1_fu_3043_p2                |     +    |      0|  0|  12|           3|           1|
    |kx_fu_1914_p2                  |     +    |      0|  0|  12|           3|           1|
    |ky_1_fu_2960_p2                |     +    |      0|  0|  12|           3|           1|
    |ky_fu_1591_p2                  |     +    |      0|  0|  12|           3|           1|
    |o_1_fu_3689_p2                 |     +    |      0|  0|  15|           7|           1|
    |o_fu_3873_p2                   |     +    |      0|  0|  15|           7|           1|
    |oc_1_fu_2194_p2                |     +    |      0|  0|  12|           3|           1|
    |oc_2_fu_2548_p2                |     +    |      0|  0|  15|           5|           1|
    |oc_3_fu_3356_p2                |     +    |      0|  0|  15|           5|           1|
    |oc_fu_1436_p2                  |     +    |      0|  0|  12|           3|           1|
    |offset_fu_3721_p2              |     +    |      0|  0|  21|          15|          15|
    |p_Val2_12_fu_2778_p2           |     +    |      0|  0|  23|          16|          16|
    |p_Val2_3_fu_1722_p2            |     +    |      0|  0|  23|          16|          16|
    |ret_V_1_fu_3176_p2             |     +    |      0|  0|  58|          51|          51|
    |ret_V_fu_2024_p2               |     +    |      0|  0|  58|          51|          51|
    |stage_fu_3614_p2               |     +    |      0|  0|  10|           2|           1|
    |w_idx_1_fu_3064_p2             |     +    |      0|  0|  17|          13|          13|
    |w_idx_fu_1929_p2               |     +    |      0|  0|  15|           8|           8|
    |x_1_fu_1556_p2                 |     +    |      0|  0|  15|           5|           1|
    |x_2_fu_3425_p2                 |     +    |      0|  0|  12|           3|           1|
    |x_3_fu_2652_p2                 |     +    |      0|  0|  13|           4|           1|
    |x_fu_2421_p2                   |     +    |      0|  0|  13|           4|           1|
    |y_1_fu_2274_p2                 |     +    |      0|  0|  13|           4|           1|
    |y_2_fu_2623_p2                 |     +    |      0|  0|  13|           4|           1|
    |y_3_fu_3380_p2                 |     +    |      0|  0|  12|           3|           1|
    |y_fu_1509_p2                   |     +    |      0|  0|  15|           5|           1|
    |sub_ln104_1_fu_2356_p2         |     -    |      0|  0|  71|          64|          64|
    |sub_ln104_2_fu_2405_p2         |     -    |      0|  0|  71|          64|          64|
    |sub_ln104_fu_2224_p2           |     -    |      0|  0|  15|           9|           9|
    |sub_ln1265_1_fu_3023_p2        |     -    |      0|  0|  13|          11|          11|
    |sub_ln1265_fu_2730_p2          |     -    |      0|  0|  15|           8|           8|
    |sub_ln129_fu_2611_p2           |     -    |      0|  0|  15|           8|           8|
    |sub_ln203_1_fu_2258_p2         |     -    |      0|  0|  15|           8|           8|
    |sub_ln203_2_fu_1544_p2         |     -    |      0|  0|  17|          13|          13|
    |sub_ln203_3_fu_2309_p2         |     -    |      0|  0|  13|          11|          11|
    |sub_ln203_fu_1470_p2           |     -    |      0|  0|  15|           9|           9|
    |sub_ln88_fu_1627_p2            |     -    |      0|  0|  11|          11|          11|
    |and_ln779_1_fu_2872_p2         |    and   |      0|  0|   2|           1|           1|
    |and_ln779_fu_1816_p2           |    and   |      0|  0|   2|           1|           1|
    |and_ln781_1_fu_2886_p2         |    and   |      0|  0|   2|           1|           1|
    |and_ln781_fu_1830_p2           |    and   |      0|  0|   2|           1|           1|
    |and_ln786_2_fu_2082_p2         |    and   |      0|  0|   2|           1|           1|
    |and_ln786_4_fu_2916_p2         |    and   |      0|  0|   2|           1|           1|
    |and_ln786_6_fu_3234_p2         |    and   |      0|  0|   2|           1|           1|
    |and_ln786_fu_1860_p2           |    and   |      0|  0|   2|           1|           1|
    |ap_block_state149              |    and   |      0|  0|   2|           1|           1|
    |ap_block_state158              |    and   |      0|  0|   2|           1|           1|
    |ap_block_state45_io            |    and   |      0|  0|   2|           1|           1|
    |ap_block_state4_io             |    and   |      0|  0|   2|           1|           1|
    |ap_block_state80_io            |    and   |      0|  0|   2|           1|           1|
    |carry_1_fu_1742_p2             |    and   |      0|  0|   2|           1|           1|
    |carry_3_fu_2798_p2             |    and   |      0|  0|   2|           1|           1|
    |overflow_1_fu_1854_p2          |    and   |      0|  0|   2|           1|           1|
    |overflow_2_fu_2910_p2          |    and   |      0|  0|   2|           1|           1|
    |overflow_3_fu_3228_p2          |    and   |      0|  0|   2|           1|           1|
    |overflow_fu_2076_p2            |    and   |      0|  0|   2|           1|           1|
    |underflow_1_fu_1878_p2         |    and   |      0|  0|   2|           1|           1|
    |underflow_2_fu_2934_p2         |    and   |      0|  0|   2|           1|           1|
    |underflow_3_fu_3246_p2         |    and   |      0|  0|   2|           1|           1|
    |underflow_fu_2094_p2           |    and   |      0|  0|   2|           1|           1|
    |Range1_all_ones_2_fu_2838_p2   |   icmp   |      0|  0|  11|           8|           2|
    |Range1_all_ones_fu_1782_p2     |   icmp   |      0|  0|  11|           8|           2|
    |Range1_all_zeros_1_fu_2844_p2  |   icmp   |      0|  0|  11|           8|           1|
    |Range1_all_zeros_fu_1788_p2    |   icmp   |      0|  0|  11|           8|           1|
    |Range2_all_ones_1_fu_2822_p2   |   icmp   |      0|  0|  11|           7|           2|
    |Range2_all_ones_fu_1766_p2     |   icmp   |      0|  0|  11|           7|           2|
    |grp_fu_1236_p2                 |   icmp   |      0|  0|  13|          15|          15|
    |grp_fu_1242_p2                 |   icmp   |      0|  0|  13|          15|          15|
    |icmp_ln101_fu_2268_p2          |   icmp   |      0|  0|   9|           4|           4|
    |icmp_ln103_fu_2415_p2          |   icmp   |      0|  0|   9|           4|           4|
    |icmp_ln114_fu_2542_p2          |   icmp   |      0|  0|  11|           5|           6|
    |icmp_ln116_fu_2617_p2          |   icmp   |      0|  0|  11|           4|           5|
    |icmp_ln118_fu_2646_p2          |   icmp   |      0|  0|  11|           4|           5|
    |icmp_ln121_fu_2673_p2          |   icmp   |      0|  0|   9|           3|           3|
    |icmp_ln123_fu_2954_p2          |   icmp   |      0|  0|   9|           3|           3|
    |icmp_ln125_fu_3037_p2          |   icmp   |      0|  0|   9|           3|           3|
    |icmp_ln141_fu_3350_p2          |   icmp   |      0|  0|  11|           5|           6|
    |icmp_ln143_fu_3374_p2          |   icmp   |      0|  0|   9|           3|           4|
    |icmp_ln145_fu_3419_p2          |   icmp   |      0|  0|   9|           3|           4|
    |icmp_ln1494_1_fu_2496_p2       |   icmp   |      0|  0|  13|          15|          15|
    |icmp_ln1494_4_fu_3518_p2       |   icmp   |      0|  0|  13|          15|          15|
    |icmp_ln1494_7_fu_2173_p2       |   icmp   |      0|  0|  13|          16|           1|
    |icmp_ln1494_8_fu_3335_p2       |   icmp   |      0|  0|  13|          16|           1|
    |icmp_ln1494_fu_3924_p2         |   icmp   |      0|  0|  13|          16|          16|
    |icmp_ln158_fu_3577_p2          |   icmp   |      0|  0|  13|           9|          10|
    |icmp_ln161_fu_3608_p2          |   icmp   |      0|  0|   8|           2|           2|
    |icmp_ln162_1_fu_3626_p2        |   icmp   |      0|  0|   8|           2|           1|
    |icmp_ln162_fu_3620_p2          |   icmp   |      0|  0|   8|           2|           1|
    |icmp_ln165_fu_3684_p2          |   icmp   |      0|  0|  11|           7|           7|
    |icmp_ln168_fu_3710_p2          |   icmp   |      0|  0|  13|           9|           9|
    |icmp_ln174_fu_3674_p2          |   icmp   |      0|  0|   9|           2|           3|
    |icmp_ln177_fu_3868_p2          |   icmp   |      0|  0|  11|           7|           7|
    |icmp_ln179_fu_3700_p2          |   icmp   |      0|  0|   9|           2|           3|
    |icmp_ln187_fu_3918_p2          |   icmp   |      0|  0|   9|           4|           4|
    |icmp_ln78_fu_1430_p2           |   icmp   |      0|  0|   9|           3|           3|
    |icmp_ln80_fu_1503_p2           |   icmp   |      0|  0|  11|           5|           5|
    |icmp_ln82_fu_1550_p2           |   icmp   |      0|  0|  11|           5|           5|
    |icmp_ln85_fu_1585_p2           |   icmp   |      0|  0|   9|           3|           3|
    |icmp_ln87_fu_1908_p2           |   icmp   |      0|  0|   9|           3|           3|
    |icmp_ln99_fu_2188_p2           |   icmp   |      0|  0|   9|           3|           3|
    |lshr_ln1265_1_fu_3130_p2       |   lshr   |      0|  0|  35|          16|          16|
    |lshr_ln1265_fu_1978_p2         |   lshr   |      0|  0|  35|          16|          16|
    |lshr_ln203_fu_3858_p2          |   lshr   |      0|  0|  35|          16|          16|
    |ap_block_state29               |    or    |      0|  0|   2|           1|           1|
    |or_ln104_1_fu_2463_p2          |    or    |      0|  0|   5|           5|           1|
    |or_ln104_fu_2366_p2            |    or    |      0|  0|   5|           5|           1|
    |or_ln146_1_fu_3468_p2          |    or    |      0|  0|   3|           3|           1|
    |or_ln146_fu_3413_p2            |    or    |      0|  0|   3|           3|           1|
    |or_ln162_fu_3640_p2            |    or    |      0|  0|   2|           1|           1|
    |or_ln340_1_fu_2100_p2          |    or    |      0|  0|   2|           1|           1|
    |or_ln340_2_fu_2106_p2          |    or    |      0|  0|   2|           1|           1|
    |or_ln340_3_fu_2144_p2          |    or    |      0|  0|   2|           1|           1|
    |or_ln340_4_fu_2940_p2          |    or    |      0|  0|   2|           1|           1|
    |or_ln340_5_fu_3252_p2          |    or    |      0|  0|   2|           1|           1|
    |or_ln340_6_fu_3258_p2          |    or    |      0|  0|   2|           1|           1|
    |or_ln340_7_fu_2140_p2          |    or    |      0|  0|   2|           1|           1|
    |or_ln340_8_fu_3306_p2          |    or    |      0|  0|   2|           1|           1|
    |or_ln340_9_fu_3302_p2          |    or    |      0|  0|   2|           1|           1|
    |or_ln340_fu_1884_p2            |    or    |      0|  0|   2|           1|           1|
    |or_ln785_1_fu_2064_p2          |    or    |      0|  0|   2|           1|           1|
    |or_ln785_2_fu_2898_p2          |    or    |      0|  0|   2|           1|           1|
    |or_ln785_3_fu_3216_p2          |    or    |      0|  0|   2|           1|           1|
    |or_ln785_fu_1842_p2            |    or    |      0|  0|   2|           1|           1|
    |or_ln786_1_fu_2922_p2          |    or    |      0|  0|   2|           1|           1|
    |or_ln786_fu_1866_p2            |    or    |      0|  0|   2|           1|           1|
    |conv1_V_d0                     |  select  |      0|  0|  15|           1|          15|
    |conv2_V_d0                     |  select  |      0|  0|  15|           1|          15|
    |deleted_ones_2_fu_2878_p3      |  select  |      0|  0|   2|           1|           1|
    |deleted_ones_fu_1822_p3        |  select  |      0|  0|   2|           1|           1|
    |deleted_zeros_1_fu_2850_p3     |  select  |      0|  0|   2|           1|           1|
    |deleted_zeros_fu_1794_p3       |  select  |      0|  0|   2|           1|           1|
    |inputs_fu_3646_p3              |  select  |      0|  0|   9|           1|           9|
    |outputs_fu_3666_p3             |  select  |      0|  0|   7|           1|           7|
    |select_ln10_1_fu_3524_p3       |  select  |      0|  0|   3|           1|           3|
    |select_ln10_fu_2502_p3         |  select  |      0|  0|   5|           1|           5|
    |select_ln11_1_fu_3529_p3       |  select  |      0|  0|   3|           1|           3|
    |select_ln11_fu_2517_p3         |  select  |      0|  0|   5|           1|           5|
    |select_ln12_1_fu_3563_p3       |  select  |      0|  0|  11|           1|          11|
    |select_ln12_fu_2532_p3         |  select  |      0|  0|  64|           1|          64|
    |select_ln162_2_fu_3658_p3      |  select  |      0|  0|   7|           1|           5|
    |select_ln162_fu_3632_p3        |  select  |      0|  0|  10|           1|          10|
    |select_ln188_1_fu_3936_p3      |  select  |      0|  0|   4|           1|           4|
    |select_ln188_fu_3929_p3        |  select  |      0|  0|  16|           1|          16|
    |select_ln340_1_fu_3264_p3      |  select  |      0|  0|  32|           1|          31|
    |select_ln340_2_fu_2149_p3      |  select  |      0|  0|  16|           1|          15|
    |select_ln340_3_fu_3311_p3      |  select  |      0|  0|  16|           1|          15|
    |select_ln340_4_fu_2161_p3      |  select  |      0|  0|  16|           1|          16|
    |select_ln340_5_fu_2128_p3      |  select  |      0|  0|  32|           1|          32|
    |select_ln340_6_fu_3323_p3      |  select  |      0|  0|  16|           1|          16|
    |select_ln340_7_fu_3280_p3      |  select  |      0|  0|  32|           1|          32|
    |select_ln340_fu_2112_p3        |  select  |      0|  0|  32|           1|          31|
    |select_ln388_1_fu_3272_p3      |  select  |      0|  0|  33|           1|          33|
    |select_ln388_2_fu_2155_p3      |  select  |      0|  0|  17|           1|          17|
    |select_ln388_3_fu_3317_p3      |  select  |      0|  0|  17|           1|          17|
    |select_ln388_fu_2120_p3        |  select  |      0|  0|  33|           1|          33|
    |xor_ln416_1_fu_2792_p2         |    xor   |      0|  0|   2|           1|           2|
    |xor_ln416_fu_1736_p2           |    xor   |      0|  0|   2|           1|           2|
    |xor_ln779_1_fu_2866_p2         |    xor   |      0|  0|   2|           1|           2|
    |xor_ln779_fu_1810_p2           |    xor   |      0|  0|   2|           1|           2|
    |xor_ln785_1_fu_1848_p2         |    xor   |      0|  0|   2|           1|           2|
    |xor_ln785_2_fu_2070_p2         |    xor   |      0|  0|   2|           1|           2|
    |xor_ln785_3_fu_2892_p2         |    xor   |      0|  0|   2|           1|           2|
    |xor_ln785_4_fu_2904_p2         |    xor   |      0|  0|   2|           1|           2|
    |xor_ln785_5_fu_3222_p2         |    xor   |      0|  0|   2|           1|           2|
    |xor_ln785_fu_1836_p2           |    xor   |      0|  0|   2|           1|           2|
    |xor_ln786_1_fu_2088_p2         |    xor   |      0|  0|   2|           2|           1|
    |xor_ln786_2_fu_2928_p2         |    xor   |      0|  0|   2|           1|           2|
    |xor_ln786_3_fu_3240_p2         |    xor   |      0|  0|   2|           2|           1|
    |xor_ln786_fu_1872_p2           |    xor   |      0|  0|   2|           1|           2|
    +-------------------------------+----------+-------+---+----+------------+------------+
    |Total                          |          |      0|  0|3006|        1705|        1971|
    +-------------------------------+----------+-------+---+----+------------+------------+

    * Multiplexer: 
    +--------------------------+-----+-----------+-----+-----------+
    |           Name           | LUT | Input Size| Bits| Total Bits|
    +--------------------------+-----+-----------+-----+-----------+
    |ap_NS_fsm                 |  705|        160|    1|        160|
    |best_idx_V_reg_1212       |    9|          2|    4|          8|
    |bias_V_reg_1165           |   15|          3|   16|         48|
    |conv1_V_address0          |   27|          5|   12|         60|
    |conv1_V_address1          |   27|          5|   12|         60|
    |conv2_V_address0          |   27|          5|   10|         50|
    |conv2_V_address1          |   27|          5|   10|         50|
    |dense_input_V_address0    |   21|          4|    8|         32|
    |dense_input_V_ce0         |   15|          3|    1|          3|
    |dense_input_V_d0          |   15|          3|   16|         48|
    |dense_output_V_address0   |   15|          3|    7|         21|
    |gmem0_ARADDR              |   21|          4|   32|        128|
    |gmem0_ARLEN               |   21|          4|   32|        128|
    |gmem0_blk_n_AR            |    9|          2|    1|          2|
    |gmem0_blk_n_AW            |    9|          2|    1|          2|
    |gmem0_blk_n_B             |    9|          2|    1|          2|
    |gmem0_blk_n_R             |    9|          2|    1|          2|
    |gmem0_blk_n_W             |    9|          2|    1|          2|
    |gmem1_ARADDR              |   50|         11|   32|        352|
    |gmem1_blk_n_AR            |    9|          2|    1|          2|
    |gmem1_blk_n_R             |    9|          2|    1|          2|
    |gmem1_load_3_pn_reg_1154  |   15|          3|   16|         48|
    |i14_0_reg_1143            |    9|          2|    9|         18|
    |i_0_reg_1107              |    9|          2|    9|         18|
    |ic_0_reg_1016             |    9|          2|    3|          6|
    |kx9_0_reg_1062            |    9|          2|    3|          6|
    |kx_0_reg_927              |    9|          2|    3|          6|
    |ky8_0_reg_1039            |    9|          2|    3|          6|
    |ky_0_reg_904              |    9|          2|    3|          6|
    |o15_0_reg_1177            |    9|          2|    7|         14|
    |o_0_reg_1131              |    9|          2|    7|         14|
    |oc11_0_reg_1073           |    9|          2|    5|         10|
    |oc1_0_reg_938             |    9|          2|    3|          6|
    |oc4_0_reg_971             |    9|          2|    5|         10|
    |oc_0_reg_859              |    9|          2|    3|          6|
    |p_0408_2_reg_1027         |    9|          2|   32|         64|
    |p_0554_0_reg_1189         |    9|          2|   16|         32|
    |p_0558_0_reg_1199         |    9|          2|    4|          8|
    |p_Val2_10_reg_1006        |    9|          2|   32|         64|
    |p_Val2_13_reg_1050        |    9|          2|   32|         64|
    |p_Val2_1_reg_894          |    9|          2|   32|         64|
    |p_Val2_6_reg_915          |    9|          2|   32|         64|
    |pool1_V_address0          |   15|          3|   10|         30|
    |pool2_V_address0          |   15|          3|    8|         24|
    |row_weights_V_address0    |   15|          3|    8|         24|
    |row_weights_V_ce0         |   15|          3|    1|          3|
    |stage_0_reg_1119          |    9|          2|    2|          4|
    |x13_0_reg_1096            |    9|          2|    3|          6|
    |x3_0_reg_960              |    9|          2|    4|          8|
    |x6_0_reg_994              |    9|          2|    4|          8|
    |x_0_reg_882               |    9|          2|    5|         10|
    |y12_0_reg_1085            |    9|          2|    3|          6|
    |y2_0_reg_949              |    9|          2|    4|          8|
    |y5_0_reg_982              |    9|          2|    4|          8|
    |y_0_reg_870               |    9|          2|    5|         10|
    +--------------------------+-----+-----------+-----+-----------+
    |Total                     | 1394|        304|  520|       1845|
    +--------------------------+-----+-----------+-----+-----------+

    * Register: 
    +------------------------------------+-----+----+-----+-----------+
    |                Name                |  FF | LUT| Bits| Const Bits|
    +------------------------------------+-----+----+-----+-----------+
    |add_ln104_3_reg_4282                |   12|   0|   13|          1|
    |add_ln104_5_reg_4298                |   12|   0|   13|          1|
    |add_ln104_6_reg_4313                |   64|   0|   64|          0|
    |add_ln104_7_reg_4319                |   64|   0|   64|          0|
    |add_ln1265_5_reg_4485               |   11|   0|   11|          0|
    |add_ln129_1_reg_4462                |   11|   0|   11|          0|
    |add_ln203_3_reg_4266                |   11|   0|   11|          0|
    |add_ln203_4_reg_4114                |   13|   0|   13|          0|
    |add_ln203_6_reg_4579                |   10|   0|   10|          0|
    |add_ln89_reg_4102                   |    5|   0|    5|          0|
    |and_ln781_1_reg_4429                |    1|   0|    1|          0|
    |and_ln781_reg_4125                  |    1|   0|    1|          0|
    |and_ln786_4_reg_4439                |    1|   0|    1|          0|
    |and_ln786_reg_4135                  |    1|   0|    1|          0|
    |ap_CS_fsm                           |  159|   0|  159|          0|
    |best_V_1_reg_4872                   |   16|   0|   16|          0|
    |best_V_reg_4864                     |   16|   0|   16|          0|
    |best_idx_V_reg_1212                 |    4|   0|    4|          0|
    |bias_V_reg_1165                     |   16|   0|   16|          0|
    |dense_output_V_load_reg_4847        |   16|   0|   16|          0|
    |empty_12_reg_4168                   |    1|   0|    1|          0|
    |empty_20_reg_4490                   |    1|   0|    1|          0|
    |gmem0_addr_1_reg_4108               |   32|   0|   32|          0|
    |gmem0_addr_2_reg_4858               |   32|   0|   32|          0|
    |gmem0_addr_3_reg_4852               |   32|   0|   32|          0|
    |gmem0_addr_reg_3968                 |   31|   0|   32|          1|
    |gmem1_addr_1_reg_4358               |   32|   0|   32|          0|
    |gmem1_addr_2_read_reg_4184          |   16|   0|   16|          0|
    |gmem1_addr_2_reg_4173               |   32|   0|   32|          0|
    |gmem1_addr_3_read_reg_4506          |   16|   0|   16|          0|
    |gmem1_addr_3_reg_4495               |   32|   0|   32|          0|
    |gmem1_addr_4_read_reg_4819          |   16|   0|   16|          0|
    |gmem1_addr_4_reg_4788               |   32|   0|   32|          0|
    |gmem1_addr_5_read_reg_4804          |   16|   0|   16|          0|
    |gmem1_addr_5_reg_4765               |   32|   0|   32|          0|
    |gmem1_addr_6_read_reg_4814          |   16|   0|   16|          0|
    |gmem1_addr_6_reg_4782               |   32|   0|   32|          0|
    |gmem1_addr_7_read_reg_4809          |   16|   0|   16|          0|
    |gmem1_addr_7_reg_4776               |   32|   0|   32|          0|
    |gmem1_addr_8_read_reg_4799          |   16|   0|   16|          0|
    |gmem1_addr_8_reg_4759               |   32|   0|   32|          0|
    |gmem1_addr_9_read_reg_4794          |   16|   0|   16|          0|
    |gmem1_addr_9_reg_4753               |   32|   0|   32|          0|
    |gmem1_addr_reg_4047                 |   32|   0|   32|          0|
    |gmem1_load_3_pn_reg_1154            |   16|   0|   16|          0|
    |grp_dense_row_fu_1224_ap_start_reg  |    1|   0|    1|          0|
    |i14_0_reg_1143                      |    9|   0|    9|          0|
    |i_0_reg_1107                        |    9|   0|    9|          0|
    |i_2_reg_4738                        |    9|   0|    9|          0|
    |i_reg_4670                          |    9|   0|    9|          0|
    |ic_0_reg_1016                       |    3|   0|    3|          0|
    |ic_reg_4403                         |    3|   0|    3|          0|
    |icmp_ln1494_4_reg_4622              |    1|   0|    1|          0|
    |icmp_ln162_1_reg_4692               |    1|   0|    1|          0|
    |icmp_ln162_reg_4688                 |    1|   0|    1|          0|
    |icmp_ln174_reg_4713                 |    1|   0|    1|          0|
    |icmp_ln179_reg_4731                 |    1|   0|    1|          0|
    |inputs_reg_4696                     |    6|   0|    9|          3|
    |kx9_0_reg_1062                      |    3|   0|    3|          0|
    |kx_0_reg_927                        |    3|   0|    3|          0|
    |kx_1_reg_4480                       |    3|   0|    3|          0|
    |kx_reg_4163                         |    3|   0|    3|          0|
    |ky8_0_reg_1039                      |    3|   0|    3|          0|
    |ky_0_reg_904                        |    3|   0|    3|          0|
    |ky_1_reg_4457                       |    3|   0|    3|          0|
    |ky_reg_4097                         |    3|   0|    3|          0|
    |mul_ln170_reg_4726                  |   13|   0|   15|          2|
    |o15_0_reg_1177                      |    7|   0|    7|          0|
    |o_0_reg_1131                        |    7|   0|    7|          0|
    |o_1_reg_4721                        |    7|   0|    7|          0|
    |o_reg_4832                          |    7|   0|    7|          0|
    |oc11_0_reg_1073                     |    5|   0|    5|          0|
    |oc1_0_reg_938                       |    3|   0|    3|          0|
    |oc4_0_reg_971                       |    5|   0|    5|          0|
    |oc_0_reg_859                        |    3|   0|    3|          0|
    |oc_1_reg_4207                       |    3|   0|    3|          0|
    |oc_2_reg_4348                       |    5|   0|    5|          0|
    |oc_3_reg_4534                       |    5|   0|    5|          0|
    |oc_reg_4037                         |    3|   0|    3|          0|
    |op_V_assign_5_reg_4824              |   16|   0|   16|          0|
    |or_ln104_1_reg_4287                 |    4|   0|    5|          1|
    |or_ln146_1_reg_4600                 |    2|   0|    3|          1|
    |or_ln146_reg_4564                   |    2|   0|    3|          1|
    |or_ln340_4_reg_4449                 |    1|   0|    1|          0|
    |or_ln340_reg_4145                   |    1|   0|    1|          0|
    |outputs_reg_4707                    |    6|   0|    7|          1|
    |p_0408_2_reg_1027                   |   32|   0|   32|          0|
    |p_0554_0_reg_1189                   |   16|   0|   16|          0|
    |p_0558_0_reg_1199                   |    4|   0|    4|          0|
    |p_Val2_10_reg_1006                  |   32|   0|   32|          0|
    |p_Val2_12_reg_4423                  |   16|   0|   16|          0|
    |p_Val2_13_reg_1050                  |   32|   0|   32|          0|
    |p_Val2_1_reg_894                    |   32|   0|   32|          0|
    |p_Val2_3_reg_4119                   |   16|   0|   16|          0|
    |p_Val2_4_reg_4390                   |   16|   0|   16|          0|
    |p_Val2_5_reg_4179                   |   16|   0|   16|          0|
    |p_Val2_6_reg_915                    |   32|   0|   32|          0|
    |p_Val2_s_reg_4079                   |   16|   0|   16|          0|
    |p_cast52_reg_4019                   |   31|   0|   32|          1|
    |p_cast53_reg_4014                   |   31|   0|   32|          1|
    |p_cast54_reg_4009                   |   31|   0|   32|          1|
    |p_cast55_reg_4004                   |   31|   0|   32|          1|
    |p_cast56_reg_3999                   |   31|   0|   32|          1|
    |p_cast57_reg_3994                   |   31|   0|   32|          1|
    |p_cast58_reg_3989                   |   31|   0|   32|          1|
    |p_cast59_reg_3984                   |   31|   0|   32|          1|
    |p_cast60_reg_3979                   |   31|   0|   32|          1|
    |p_cast61_reg_3974                   |   31|   0|   32|          1|
    |p_cast62_reg_3962                   |   31|   0|   32|          1|
    |p_cast_reg_4024                     |   31|   0|   33|          2|
    |pool1_V_load_reg_4511               |   15|   0|   15|          0|
    |r_V_1_reg_4521                      |   43|   0|   43|          0|
    |r_V_reg_4194                        |   43|   0|   43|          0|
    |select_ln10_1_reg_4627              |    3|   0|    3|          0|
    |select_ln11_1_reg_4632              |    3|   0|    3|          0|
    |select_ln12_1_reg_4657              |   11|   0|   11|          0|
    |select_ln12_reg_4335                |   64|   0|   64|          0|
    |sext_ln104_reg_4212                 |    7|   0|   10|          3|
    |sext_ln1265_1_reg_4418              |    7|   0|    9|          2|
    |sext_ln129_1_reg_4413               |    9|   0|   11|          2|
    |sext_ln129_reg_4408                 |    9|   0|    9|          0|
    |sext_ln203_1_reg_4218               |    7|   0|    9|          2|
    |sext_ln203_reg_4042                 |    7|   0|   10|          3|
    |shl_ln104_1_reg_4271                |    4|   0|    5|          1|
    |shl_ln129_3_reg_4467                |   11|   0|   13|          2|
    |shl_ln146_1_reg_4589                |    2|   0|    3|          1|
    |shl_ln_reg_4053                     |    3|   0|    5|          2|
    |stage_0_reg_1119                    |    2|   0|    2|          0|
    |stage_reg_4683                      |    2|   0|    2|          0|
    |sub_ln104_1_reg_4236                |   60|   0|   64|          4|
    |sub_ln104_2_reg_4247                |   60|   0|   64|          4|
    |sub_ln1265_1_reg_4472               |    9|   0|   11|          2|
    |sub_ln129_reg_4364                  |    7|   0|    8|          1|
    |sub_ln203_2_reg_4066                |   10|   0|   13|          3|
    |sub_ln203_3_reg_4231                |    9|   0|   11|          2|
    |tmp_35_cast_reg_4377                |    9|   0|   12|          3|
    |tmp_38_cast_reg_4552                |    8|   0|   10|          2|
    |tmp_46_reg_4637                     |   10|   0|   11|          1|
    |tmp_47_reg_4647                     |   10|   0|   11|          1|
    |tmp_61_reg_4748                     |    1|   0|   16|         15|
    |trunc_ln103_reg_4252                |    9|   0|   13|          4|
    |trunc_ln104_reg_4241                |    9|   0|   13|          4|
    |trunc_ln146_1_reg_4584              |    2|   0|    2|          0|
    |trunc_ln146_reg_4557                |    2|   0|    2|          0|
    |trunc_ln728_1_reg_4516              |    8|   0|    8|          0|
    |trunc_ln728_reg_4189                |    8|   0|    8|          0|
    |underflow_1_reg_4140                |    1|   0|    1|          0|
    |underflow_2_reg_4444                |    1|   0|    1|          0|
    |x13_0_reg_1096                      |    3|   0|    3|          0|
    |x3_0_reg_960                        |    4|   0|    4|          0|
    |x6_0_reg_994                        |    4|   0|    4|          0|
    |x_0_reg_882                         |    5|   0|    5|          0|
    |x_1_reg_4074                        |    5|   0|    5|          0|
    |x_2_reg_4574                        |    3|   0|    3|          0|
    |x_3_reg_4385                        |    4|   0|    4|          0|
    |x_reg_4261                          |    4|   0|    4|          0|
    |xor_ln785_1_reg_4130                |    1|   0|    1|          0|
    |xor_ln785_4_reg_4434                |    1|   0|    1|          0|
    |y12_0_reg_1085                      |    3|   0|    3|          0|
    |y2_0_reg_949                        |    4|   0|    4|          0|
    |y5_0_reg_982                        |    4|   0|    4|          0|
    |y_0_reg_870                         |    5|   0|    5|          0|
    |y_1_reg_4226                        |    4|   0|    4|          0|
    |y_2_reg_4372                        |    4|   0|    4|          0|
    |y_3_reg_4547                        |    3|   0|    3|          0|
    |y_reg_4061                          |    5|   0|    5|          0|
    |zext_ln1265_1_reg_4353              |    5|   0|    9|          4|
    |zext_ln143_reg_4539                 |    5|   0|    8|          3|
    |zext_ln170_reg_4702                 |    6|   0|   15|          9|
    |zext_ln171_reg_4743                 |    9|   0|   64|         55|
    |zext_ln173_reg_4771                 |    7|   0|   64|         57|
    |zext_ln179_reg_4837                 |    7|   0|   64|         57|
    |zext_ln78_reg_4029                  |    3|   0|    4|          1|
    |zext_ln88_reg_4089                  |    5|   0|   11|          6|
    |zext_ln89_1_reg_4150                |    5|   0|    6|          1|
    |zext_ln89_2_reg_4155                |    5|   0|    8|          3|
    +------------------------------------+-----+----+-----+-----------+
    |Total                               | 2460|   0| 2745|        285|
    +------------------------------------+-----+----+-----+-----------+



================================================================
== Interface
================================================================
* Summary: 
+-----------------------+-----+-----+------------+--------------+--------------+
|       RTL Ports       | Dir | Bits|  Protocol  | Source Object|    C Type    |
+-----------------------+-----+-----+------------+--------------+--------------+
|s_axi_control_AWVALID  |  in |    1|    s_axi   |    control   |    pointer   |
|s_axi_control_AWREADY  | out |    1|    s_axi   |    control   |    pointer   |
|s_axi_control_AWADDR   |  in |    7|    s_axi   |    control   |    pointer   |
|s_axi_control_WVALID   |  in |    1|    s_axi   |    control   |    pointer   |
|s_axi_control_WREADY   | out |    1|    s_axi   |    control   |    pointer   |
|s_axi_control_WDATA    |  in |   32|    s_axi   |    control   |    pointer   |
|s_axi_control_WSTRB    |  in |    4|    s_axi   |    control   |    pointer   |
|s_axi_control_ARVALID  |  in |    1|    s_axi   |    control   |    pointer   |
|s_axi_control_ARREADY  | out |    1|    s_axi   |    control   |    pointer   |
|s_axi_control_ARADDR   |  in |    7|    s_axi   |    control   |    pointer   |
|s_axi_control_RVALID   | out |    1|    s_axi   |    control   |    pointer   |
|s_axi_control_RREADY   |  in |    1|    s_axi   |    control   |    pointer   |
|s_axi_control_RDATA    | out |   32|    s_axi   |    control   |    pointer   |
|s_axi_control_RRESP    | out |    2|    s_axi   |    control   |    pointer   |
|s_axi_control_BVALID   | out |    1|    s_axi   |    control   |    pointer   |
|s_axi_control_BREADY   |  in |    1|    s_axi   |    control   |    pointer   |
|s_axi_control_BRESP    | out |    2|    s_axi   |    control   |    pointer   |
|ap_clk                 |  in |    1| ap_ctrl_hs |  lenet_accel | return value |
|ap_rst_n               |  in |    1| ap_ctrl_hs |  lenet_accel | return value |
|interrupt              | out |    1| ap_ctrl_hs |  lenet_accel | return value |
|m_axi_gmem0_AWVALID    | out |    1|    m_axi   |     gmem0    |    pointer   |
|m_axi_gmem0_AWREADY    |  in |    1|    m_axi   |     gmem0    |    pointer   |
|m_axi_gmem0_AWADDR     | out |   32|    m_axi   |     gmem0    |    pointer   |
|m_axi_gmem0_AWID       | out |    1|    m_axi   |     gmem0    |    pointer   |
|m_axi_gmem0_AWLEN      | out |    8|    m_axi   |     gmem0    |    pointer   |
|m_axi_gmem0_AWSIZE     | out |    3|    m_axi   |     gmem0    |    pointer   |
|m_axi_gmem0_AWBURST    | out |    2|    m_axi   |     gmem0    |    pointer   |
|m_axi_gmem0_AWLOCK     | out |    2|    m_axi   |     gmem0    |    pointer   |
|m_axi_gmem0_AWCACHE    | out |    4|    m_axi   |     gmem0    |    pointer   |
|m_axi_gmem0_AWPROT     | out |    3|    m_axi   |     gmem0    |    pointer   |
|m_axi_gmem0_AWQOS      | out |    4|    m_axi   |     gmem0    |    pointer   |
|m_axi_gmem0_AWREGION   | out |    4|    m_axi   |     gmem0    |    pointer   |
|m_axi_gmem0_AWUSER     | out |    1|    m_axi   |     gmem0    |    pointer   |
|m_axi_gmem0_WVALID     | out |    1|    m_axi   |     gmem0    |    pointer   |
|m_axi_gmem0_WREADY     |  in |    1|    m_axi   |     gmem0    |    pointer   |
|m_axi_gmem0_WDATA      | out |   32|    m_axi   |     gmem0    |    pointer   |
|m_axi_gmem0_WSTRB      | out |    4|    m_axi   |     gmem0    |    pointer   |
|m_axi_gmem0_WLAST      | out |    1|    m_axi   |     gmem0    |    pointer   |
|m_axi_gmem0_WID        | out |    1|    m_axi   |     gmem0    |    pointer   |
|m_axi_gmem0_WUSER      | out |    1|    m_axi   |     gmem0    |    pointer   |
|m_axi_gmem0_ARVALID    | out |    1|    m_axi   |     gmem0    |    pointer   |
|m_axi_gmem0_ARREADY    |  in |    1|    m_axi   |     gmem0    |    pointer   |
|m_axi_gmem0_ARADDR     | out |   32|    m_axi   |     gmem0    |    pointer   |
|m_axi_gmem0_ARID       | out |    1|    m_axi   |     gmem0    |    pointer   |
|m_axi_gmem0_ARLEN      | out |    8|    m_axi   |     gmem0    |    pointer   |
|m_axi_gmem0_ARSIZE     | out |    3|    m_axi   |     gmem0    |    pointer   |
|m_axi_gmem0_ARBURST    | out |    2|    m_axi   |     gmem0    |    pointer   |
|m_axi_gmem0_ARLOCK     | out |    2|    m_axi   |     gmem0    |    pointer   |
|m_axi_gmem0_ARCACHE    | out |    4|    m_axi   |     gmem0    |    pointer   |
|m_axi_gmem0_ARPROT     | out |    3|    m_axi   |     gmem0    |    pointer   |
|m_axi_gmem0_ARQOS      | out |    4|    m_axi   |     gmem0    |    pointer   |
|m_axi_gmem0_ARREGION   | out |    4|    m_axi   |     gmem0    |    pointer   |
|m_axi_gmem0_ARUSER     | out |    1|    m_axi   |     gmem0    |    pointer   |
|m_axi_gmem0_RVALID     |  in |    1|    m_axi   |     gmem0    |    pointer   |
|m_axi_gmem0_RREADY     | out |    1|    m_axi   |     gmem0    |    pointer   |
|m_axi_gmem0_RDATA      |  in |   32|    m_axi   |     gmem0    |    pointer   |
|m_axi_gmem0_RLAST      |  in |    1|    m_axi   |     gmem0    |    pointer   |
|m_axi_gmem0_RID        |  in |    1|    m_axi   |     gmem0    |    pointer   |
|m_axi_gmem0_RUSER      |  in |    1|    m_axi   |     gmem0    |    pointer   |
|m_axi_gmem0_RRESP      |  in |    2|    m_axi   |     gmem0    |    pointer   |
|m_axi_gmem0_BVALID     |  in |    1|    m_axi   |     gmem0    |    pointer   |
|m_axi_gmem0_BREADY     | out |    1|    m_axi   |     gmem0    |    pointer   |
|m_axi_gmem0_BRESP      |  in |    2|    m_axi   |     gmem0    |    pointer   |
|m_axi_gmem0_BID        |  in |    1|    m_axi   |     gmem0    |    pointer   |
|m_axi_gmem0_BUSER      |  in |    1|    m_axi   |     gmem0    |    pointer   |
|m_axi_gmem1_AWVALID    | out |    1|    m_axi   |     gmem1    |    pointer   |
|m_axi_gmem1_AWREADY    |  in |    1|    m_axi   |     gmem1    |    pointer   |
|m_axi_gmem1_AWADDR     | out |   32|    m_axi   |     gmem1    |    pointer   |
|m_axi_gmem1_AWID       | out |    1|    m_axi   |     gmem1    |    pointer   |
|m_axi_gmem1_AWLEN      | out |    8|    m_axi   |     gmem1    |    pointer   |
|m_axi_gmem1_AWSIZE     | out |    3|    m_axi   |     gmem1    |    pointer   |
|m_axi_gmem1_AWBURST    | out |    2|    m_axi   |     gmem1    |    pointer   |
|m_axi_gmem1_AWLOCK     | out |    2|    m_axi   |     gmem1    |    pointer   |
|m_axi_gmem1_AWCACHE    | out |    4|    m_axi   |     gmem1    |    pointer   |
|m_axi_gmem1_AWPROT     | out |    3|    m_axi   |     gmem1    |    pointer   |
|m_axi_gmem1_AWQOS      | out |    4|    m_axi   |     gmem1    |    pointer   |
|m_axi_gmem1_AWREGION   | out |    4|    m_axi   |     gmem1    |    pointer   |
|m_axi_gmem1_AWUSER     | out |    1|    m_axi   |     gmem1    |    pointer   |
|m_axi_gmem1_WVALID     | out |    1|    m_axi   |     gmem1    |    pointer   |
|m_axi_gmem1_WREADY     |  in |    1|    m_axi   |     gmem1    |    pointer   |
|m_axi_gmem1_WDATA      | out |   32|    m_axi   |     gmem1    |    pointer   |
|m_axi_gmem1_WSTRB      | out |    4|    m_axi   |     gmem1    |    pointer   |
|m_axi_gmem1_WLAST      | out |    1|    m_axi   |     gmem1    |    pointer   |
|m_axi_gmem1_WID        | out |    1|    m_axi   |     gmem1    |    pointer   |
|m_axi_gmem1_WUSER      | out |    1|    m_axi   |     gmem1    |    pointer   |
|m_axi_gmem1_ARVALID    | out |    1|    m_axi   |     gmem1    |    pointer   |
|m_axi_gmem1_ARREADY    |  in |    1|    m_axi   |     gmem1    |    pointer   |
|m_axi_gmem1_ARADDR     | out |   32|    m_axi   |     gmem1    |    pointer   |
|m_axi_gmem1_ARID       | out |    1|    m_axi   |     gmem1    |    pointer   |
|m_axi_gmem1_ARLEN      | out |    8|    m_axi   |     gmem1    |    pointer   |
|m_axi_gmem1_ARSIZE     | out |    3|    m_axi   |     gmem1    |    pointer   |
|m_axi_gmem1_ARBURST    | out |    2|    m_axi   |     gmem1    |    pointer   |
|m_axi_gmem1_ARLOCK     | out |    2|    m_axi   |     gmem1    |    pointer   |
|m_axi_gmem1_ARCACHE    | out |    4|    m_axi   |     gmem1    |    pointer   |
|m_axi_gmem1_ARPROT     | out |    3|    m_axi   |     gmem1    |    pointer   |
|m_axi_gmem1_ARQOS      | out |    4|    m_axi   |     gmem1    |    pointer   |
|m_axi_gmem1_ARREGION   | out |    4|    m_axi   |     gmem1    |    pointer   |
|m_axi_gmem1_ARUSER     | out |    1|    m_axi   |     gmem1    |    pointer   |
|m_axi_gmem1_RVALID     |  in |    1|    m_axi   |     gmem1    |    pointer   |
|m_axi_gmem1_RREADY     | out |    1|    m_axi   |     gmem1    |    pointer   |
|m_axi_gmem1_RDATA      |  in |   32|    m_axi   |     gmem1    |    pointer   |
|m_axi_gmem1_RLAST      |  in |    1|    m_axi   |     gmem1    |    pointer   |
|m_axi_gmem1_RID        |  in |    1|    m_axi   |     gmem1    |    pointer   |
|m_axi_gmem1_RUSER      |  in |    1|    m_axi   |     gmem1    |    pointer   |
|m_axi_gmem1_RRESP      |  in |    2|    m_axi   |     gmem1    |    pointer   |
|m_axi_gmem1_BVALID     |  in |    1|    m_axi   |     gmem1    |    pointer   |
|m_axi_gmem1_BREADY     | out |    1|    m_axi   |     gmem1    |    pointer   |
|m_axi_gmem1_BRESP      |  in |    2|    m_axi   |     gmem1    |    pointer   |
|m_axi_gmem1_BID        |  in |    1|    m_axi   |     gmem1    |    pointer   |
|m_axi_gmem1_BUSER      |  in |    1|    m_axi   |     gmem1    |    pointer   |
+-----------------------+-----+-----+------------+--------------+--------------+

