

================================================================
== Vivado HLS Report for 'dense_row'
================================================================
* Date:           Sat Sep  5 23:15:00 2026

* Version:        2019.2 (Build 2704478 on Wed Nov 06 22:10:23 MST 2019)
* Project:        design
* Solution:       solution1
* Product family: zynq
* Target device:  xc7z020-clg400-1


================================================================
== Performance Estimates
================================================================
+ Timing: 
    * Summary: 
    +--------+----------+----------+------------+
    |  Clock |  Target  | Estimated| Uncertainty|
    +--------+----------+----------+------------+
    |ap_clk  | 10.00 ns | 7.981 ns |   1.25 ns  |
    +--------+----------+----------+------------+

+ Latency: 
    * Summary: 
    +---------+---------+----------+-----------+-----+------+---------+
    |  Latency (cycles) |  Latency (absolute)  |  Interval  | Pipeline|
    |   min   |   max   |    min   |    max    | min |  max |   Type  |
    +---------+---------+----------+-----------+-----+------+---------+
    |      338|     1026| 3.380 us | 10.260 us |  338|  1026|   none  |
    +---------+---------+----------+-----------+-----+------+---------+

    + Detail: 
        * Instance: 
        N/A

        * Loop: 
        +-----------+---------+---------+----------+-----------+-----------+----------+----------+
        |           |  Latency (cycles) | Iteration|  Initiation Interval  |   Trip   |          |
        | Loop Name |   min   |   max   |  Latency |  achieved |   target  |   Count  | Pipelined|
        +-----------+---------+---------+----------+-----------+-----------+----------+----------+
        |- DENSE_I  |      336|     1024|         4|          -|          -| 84 ~ 256 |    no    |
        +-----------+---------+---------+----------+-----------+-----------+----------+----------+



================================================================
== Utilization Estimates
================================================================
* Summary: 
+-----------------+---------+-------+--------+-------+-----+
|       Name      | BRAM_18K| DSP48E|   FF   |  LUT  | URAM|
+-----------------+---------+-------+--------+-------+-----+
|DSP              |        -|      -|       -|      -|    -|
|Expression       |        -|      1|       0|    424|    -|
|FIFO             |        -|      -|       -|      -|    -|
|Instance         |        -|      -|       -|      -|    -|
|Memory           |        -|      -|       -|      -|    -|
|Multiplexer      |        -|      -|       -|     56|    -|
|Register         |        -|      -|     141|      -|    -|
+-----------------+---------+-------+--------+-------+-----+
|Total            |        0|      1|     141|    480|    0|
+-----------------+---------+-------+--------+-------+-----+
|Available        |      280|    220|  106400|  53200|    0|
+-----------------+---------+-------+--------+-------+-----+
|Utilization (%)  |        0|   ~0  |   ~0   |   ~0  |    0|
+-----------------+---------+-------+--------+-------+-----+

+ Detail: 
    * Instance: 
    N/A

    * DSP48E: 
    N/A

    * Memory: 
    N/A

    * FIFO: 
    N/A

    * Expression: 
    +----------------------------+----------+-------+---+----+------------+------------+
    |        Variable Name       | Operation| DSP48E| FF| LUT| Bitwidth P0| Bitwidth P1|
    +----------------------------+----------+-------+---+----+------------+------------+
    |r_V_fu_320_p2               |     *    |      1|  0|  40|          24|          24|
    |i_fu_184_p2                 |     +    |      0|  0|  15|           9|           1|
    |ret_V_fu_341_p2             |     +    |      0|  0|  58|          51|          51|
    |value_V_1_fu_226_p2         |     +    |      0|  0|  23|          16|          16|
    |and_ln779_fu_480_p2         |    and   |      0|  0|   2|           1|           1|
    |and_ln781_fu_491_p2         |    and   |      0|  0|   2|           1|           1|
    |and_ln786_8_fu_518_p2       |    and   |      0|  0|   2|           1|           1|
    |and_ln786_fu_399_p2         |    and   |      0|  0|   2|           1|           1|
    |carry_4_fu_246_p2           |    and   |      0|  0|   2|           1|           1|
    |overflow_4_fu_512_p2        |    and   |      0|  0|   2|           1|           1|
    |overflow_fu_393_p2          |    and   |      0|  0|   2|           1|           1|
    |underflow_4_fu_535_p2       |    and   |      0|  0|   2|           1|           1|
    |underflow_fu_411_p2         |    and   |      0|  0|   2|           1|           1|
    |Range1_all_ones_fu_286_p2   |   icmp   |      0|  0|  11|           8|           2|
    |Range1_all_zeros_fu_292_p2  |   icmp   |      0|  0|  11|           8|           1|
    |Range2_all_ones_fu_270_p2   |   icmp   |      0|  0|  11|           7|           2|
    |icmp_ln1494_fu_585_p2       |   icmp   |      0|  0|  13|          16|           1|
    |icmp_ln21_fu_179_p2         |   icmp   |      0|  0|  13|           9|           9|
    |or_ln340_10_fu_541_p2       |    or    |      0|  0|   2|           1|           1|
    |or_ln340_11_fu_553_p2       |    or    |      0|  0|   2|           1|           1|
    |or_ln340_12_fu_547_p2       |    or    |      0|  0|   2|           1|           1|
    |or_ln340_8_fu_423_p2        |    or    |      0|  0|   2|           1|           1|
    |or_ln340_fu_417_p2          |    or    |      0|  0|   2|           1|           1|
    |or_ln785_4_fu_501_p2        |    or    |      0|  0|   2|           1|           1|
    |or_ln785_fu_381_p2          |    or    |      0|  0|   2|           1|           1|
    |or_ln786_fu_523_p2          |    or    |      0|  0|   2|           1|           1|
    |ap_return                   |  select  |      0|  0|  16|           1|          16|
    |deleted_ones_fu_485_p3      |  select  |      0|  0|   2|           1|           1|
    |deleted_zeros_fu_461_p3     |  select  |      0|  0|   2|           1|           1|
    |select_ln340_2_fu_559_p3    |  select  |      0|  0|  16|           1|          15|
    |select_ln340_8_fu_445_p3    |  select  |      0|  0|  32|           1|          32|
    |select_ln340_9_fu_573_p3    |  select  |      0|  0|  16|           1|          16|
    |select_ln340_fu_429_p3      |  select  |      0|  0|  32|           1|          31|
    |select_ln388_2_fu_566_p3    |  select  |      0|  0|  17|           1|          17|
    |select_ln388_fu_437_p3      |  select  |      0|  0|  33|           1|          33|
    |select_ln6_fu_591_p3        |  select  |      0|  0|  15|           1|          15|
    |xor_ln416_fu_240_p2         |    xor   |      0|  0|   2|           1|           2|
    |xor_ln779_fu_474_p2         |    xor   |      0|  0|   2|           1|           2|
    |xor_ln785_6_fu_495_p2       |    xor   |      0|  0|   2|           1|           2|
    |xor_ln785_7_fu_506_p2       |    xor   |      0|  0|   2|           1|           2|
    |xor_ln785_fu_387_p2         |    xor   |      0|  0|   2|           1|           2|
    |xor_ln786_4_fu_529_p2       |    xor   |      0|  0|   2|           1|           2|
    |xor_ln786_fu_405_p2         |    xor   |      0|  0|   2|           2|           1|
    +----------------------------+----------+-------+---+----+------------+------------+
    |Total                       |          |      1|  0| 424|         183|         314|
    +----------------------------+----------+-------+---+----+------------+------------+

    * Multiplexer: 
    +-------------------+----+-----------+-----+-----------+
    |        Name       | LUT| Input Size| Bits| Total Bits|
    +-------------------+----+-----------+-----+-----------+
    |ap_NS_fsm          |  38|          7|    1|          7|
    |i_0_reg_156        |   9|          2|    9|         18|
    |p_Val2_17_reg_146  |   9|          2|   32|         64|
    +-------------------+----+-----------+-----+-----------+
    |Total              |  56|         11|   42|         89|
    +-------------------+----+-----------+-----+-----------+

    * Register: 
    +--------------------------+----+----+-----+-----------+
    |           Name           | FF | LUT| Bits| Const Bits|
    +--------------------------+----+----+-----+-----------+
    |Range1_all_ones_reg_667   |   1|   0|    1|          0|
    |Range1_all_zeros_reg_674  |   1|   0|    1|          0|
    |Range2_all_ones_reg_662   |   1|   0|    1|          0|
    |ap_CS_fsm                 |   6|   0|    6|          0|
    |carry_4_reg_649           |   1|   0|    1|          0|
    |i_0_reg_156               |   9|   0|    9|          0|
    |i_reg_628                 |   9|   0|    9|          0|
    |p_Result_16_reg_656       |   1|   0|    1|          0|
    |p_Val2_17_reg_146         |  32|   0|   32|          0|
    |p_Val2_20_reg_684         |   8|   0|    8|          0|
    |p_Val2_s_reg_679          |  16|   0|   16|          0|
    |r_V_reg_689               |  40|   0|   48|          8|
    |value_V_1_reg_643         |  16|   0|   16|          0|
    +--------------------------+----+----+-----+-----------+
    |Total                     | 141|   0|  149|          8|
    +--------------------------+----+----+-----+-----------+



================================================================
== Interface
================================================================
* Summary: 
+--------------------+-----+-----+------------+--------------+--------------+
|      RTL Ports     | Dir | Bits|  Protocol  | Source Object|    C Type    |
+--------------------+-----+-----+------------+--------------+--------------+
|ap_clk              |  in |    1| ap_ctrl_hs |   dense_row  | return value |
|ap_rst              |  in |    1| ap_ctrl_hs |   dense_row  | return value |
|ap_start            |  in |    1| ap_ctrl_hs |   dense_row  | return value |
|ap_done             | out |    1| ap_ctrl_hs |   dense_row  | return value |
|ap_idle             | out |    1| ap_ctrl_hs |   dense_row  | return value |
|ap_ready            | out |    1| ap_ctrl_hs |   dense_row  | return value |
|ap_return           | out |   16| ap_ctrl_hs |   dense_row  | return value |
|input_V_address0    | out |    8|  ap_memory |    input_V   |     array    |
|input_V_ce0         | out |    1|  ap_memory |    input_V   |     array    |
|input_V_q0          |  in |   16|  ap_memory |    input_V   |     array    |
|weights_V_address0  | out |    8|  ap_memory |   weights_V  |     array    |
|weights_V_ce0       | out |    1|  ap_memory |   weights_V  |     array    |
|weights_V_q0        |  in |    8|  ap_memory |   weights_V  |     array    |
|bias_V              |  in |   16|   ap_none  |    bias_V    |    scalar    |
|inputs              |  in |    9|   ap_none  |    inputs    |    scalar    |
|activate            |  in |    1|   ap_none  |   activate   |    scalar    |
+--------------------+-----+-----+------------+--------------+--------------+

