

================================================================
== Vivado HLS Report for 'lenet_accel'
================================================================
* Date:           Sat Sep  5 23:15:03 2026

* Version:        2019.2 (Build 2704478 on Wed Nov 06 22:10:23 MST 2019)
* Project:        design
* Solution:       solution1
* Product family: zynq
* Target device:  xc7z020-clg400-1


================================================================
== Performance Estimates
================================================================
+ Timing: 
    * Summary: 
    +--------+----------+----------+------------+
    |  Clock |  Target  | Estimated| Uncertainty|
    +--------+----------+----------+------------+
    |ap_clk  | 10.00 ns | 8.750 ns |   1.25 ns  |
    +--------+----------+----------+------------+

+ Latency: 
    * Summary: 
    +---------+---------+-----------+-----------+---------+---------+---------+
    |  Latency (cycles) |   Latency (absolute)  |      Interval     | Pipeline|
    |   min   |   max   |    min    |    max    |   min   |   max   |   Type  |
    +---------+---------+-----------+-----------+---------+---------+---------+
    |  3206196|  4559226| 32.062 ms | 45.592 ms |  3206196|  4559226|   none  |
    +---------+---------+-----------+-----------+---------+---------+---------+

    + Detail: 
        * Instance: 
        +-----------------------+-----------+---------+---------+----------+-----------+-----+------+---------+
        |                       |           |  Latency (cycles) |  Latency (absolute)  |  Interval  | Pipeline|
        |        Instance       |   Module  |   min   |   max   |    min   |    max    | min |  max |   Type  |
        +-----------------------+-----------+---------+---------+----------+-----------+-----+------+---------+
        |grp_dense_row_fu_1222  |dense_row  |      338|     1026| 3.380 us | 10.260 us |  338|  1026|   none  |
        +-----------------------+-----------+---------+---------+----------+-----------+-----+------+---------+

        * Loop: 
        +---------------------+---------+---------+----------------+-----------+-----------+----------+----------+
        |                     |  Latency (cycles) |    Iteration   |  Initiation Interval  |   Trip   |          |
        |      Loop Name      |   min   |   max   |     Latency    |  achieved |   target  |   Count  | Pipelined|
        +---------------------+---------+---------+----------------+-----------+-----------+----------+----------+
        |- CONV1_OC           |  1230636|  1230636|          205106|          -|          -|         6|    no    |
        | + CONV1_Y           |   205104|   205104|            8546|          -|          -|        24|    no    |
        |  ++ CONV1_X         |     8544|     8544|             356|          -|          -|        24|    no    |
        |   +++ CONV1_KY      |      345|      345|              69|          -|          -|         5|    no    |
        |    ++++ CONV1_KX    |       60|       60|              12|          -|          -|         5|    no    |
        |- POOL1_OC           |     6204|     6204|            1034|          -|          -|         6|    no    |
        | + POOL1_Y           |     1032|     1032|              86|          -|          -|        12|    no    |
        |  ++ POOL1_X         |       84|       84|               7|          -|          -|        12|    no    |
        |- CONV2_OC           |  1928480|  1928480|          120530|          -|          -|        16|    no    |
        | + CONV2_Y           |   120528|   120528|           15066|          -|          -|         8|    no    |
        |  ++ CONV2_X         |    15064|    15064|            1883|          -|          -|         8|    no    |
        |   +++ CONV2_IC      |     1872|     1872|             312|          -|          -|         6|    no    |
        |    ++++ CONV2_KY    |      310|      310|              62|          -|          -|         5|    no    |
        |     +++++ CONV2_KX  |       60|       60|              12|          -|          -|         5|    no    |
        |- POOL2_OC           |     1952|     1952|             122|          -|          -|        16|    no    |
        | + POOL2_Y           |      120|      120|              30|          -|          -|         4|    no    |
        |  ++ POOL2_X         |       28|       28|               7|          -|          -|         4|    no    |
        |- Loop 5             |      512|      512|               2|          -|          -|       256|    no    |
        |- FC_STAGE           |    38379|  1391409| 12793 ~ 463803 |          -|          -|         3|    no    |
        | + FC_ROW            |    12760|   462720|   1276 ~ 3856  |          -|          -| 10 ~ 120 |    no    |
        |  ++ LOAD_ROW        |      924|     2816|              11|          -|          -| 84 ~ 256 |    no    |
        | + COPY_OUT          |       30|     1080|      3 ~ 9     |          -|          -| 10 ~ 120 |    no    |
        |- ARGMAX             |       18|       18|               2|          -|          -|         9|    no    |
        +---------------------+---------+---------+----------------+-----------+-----------+----------+----------+



================================================================
== Utilization Estimates
================================================================
* Summary: 
+-----------------+---------+-------+--------+-------+-----+
|       Name      | BRAM_18K| DSP48E|   FF   |  LUT  | URAM|
+-----------------+---------+-------+--------+-------+-----+
|DSP              |        -|      -|       -|      -|    -|
|Expression       |        -|      2|       0|   3086|    -|
|FIFO             |        -|      -|       -|      -|    -|
|Instance         |        4|      1|    1717|   2650|    -|
|Memory           |       10|      -|       0|      0|    0|
|Multiplexer      |        -|      -|       -|   1394|    -|
|Register         |        -|      -|    2438|      -|    -|
+-----------------+---------+-------+--------+-------+-----+
|Total            |       14|      3|    4155|   7130|    0|
+-----------------+---------+-------+--------+-------+-----+
|Available        |      280|    220|  106400|  53200|    0|
+-----------------+---------+-------+--------+-------+-----+
|Utilization (%)  |        5|      1|       3|     13|    0|
+-----------------+---------+-------+--------+-------+-----+

+ Detail: 
    * Instance: 
    +-----------------------------+---------------------------+---------+-------+-----+-----+-----+
    |           Instance          |           Module          | BRAM_18K| DSP48E|  FF | LUT | URAM|
    +-----------------------------+---------------------------+---------+-------+-----+-----+-----+
    |grp_dense_row_fu_1222        |dense_row                  |        0|      1|  141|  480|    0|
    |lenet_accel_control_s_axi_U  |lenet_accel_control_s_axi  |        0|      0|  502|  816|    0|
    |lenet_accel_gmem0_m_axi_U    |lenet_accel_gmem0_m_axi    |        2|      0|  537|  677|    0|
    |lenet_accel_gmem1_m_axi_U    |lenet_accel_gmem1_m_axi    |        2|      0|  537|  677|    0|
    +-----------------------------+---------------------------+---------+-------+-----+-----+-----+
    |Total                        |                           |        4|      1| 1717| 2650|    0|
    +-----------------------------+---------------------------+---------+-------+-----+-----+-----+

    * DSP48E: 
    N/A

    * Memory: 
    +------------------+----------------------+---------+---+----+-----+------+-----+------+-------------+
    |      Memory      |        Module        | BRAM_18K| FF| LUT| URAM| Words| Bits| Banks| W*Bits*Banks|
    +------------------+----------------------+---------+---+----+-----+------+-----+------+-------------+
    |conv1_V_U         |lenet_accel_conv1_V   |        4|  0|   0|    0|  3456|   15|     1|        51840|
    |conv2_V_U         |lenet_accel_conv2_V   |        1|  0|   0|    0|  1024|   15|     1|        15360|
    |dense_input_V_U   |lenet_accel_densebkb  |        1|  0|   0|    0|   256|   16|     1|         4096|
    |dense_output_V_U  |lenet_accel_densedEe  |        1|  0|   0|    0|   120|   16|     1|         1920|
    |pool1_V_U         |lenet_accel_pool1_V   |        1|  0|   0|    0|   864|   15|     1|        12960|
    |pool2_V_U         |lenet_accel_pool2_V   |        1|  0|   0|    0|   256|   15|     1|         3840|
    |row_weights_V_U   |lenet_accel_row_wcud  |        1|  0|   0|    0|   256|    8|     1|         2048|
    +------------------+----------------------+---------+---+----+-----+------+-----+------+-------------+
    |Total             |                      |       10|  0|   0|    0|  6232|  100|     7|        92064|
    +------------------+----------------------+---------+---+----+-----+------+-----+------+-------------+

    * FIFO: 
    N/A

    * Expression: 
    +-------------------------------+----------+-------+---+----+------------+------------+
    |         Variable Name         | Operation| DSP48E| FF| LUT| Bitwidth P0| Bitwidth P1|
    +-------------------------------+----------+-------+---+----+------------+------------+
    |mul_ln170_fu_3705_p2           |     *    |      0|  0|  51|           7|           9|
    |r_V_1_fu_3165_p2               |     *    |      1|  0|  40|          23|          24|
    |r_V_fu_2007_p2                 |     *    |      1|  0|  40|          24|          24|
    |add_ln104_1_fu_2380_p2         |     +    |      0|  0|  14|          10|          10|
    |add_ln104_2_fu_2452_p2         |     +    |      0|  0|  17|          13|          13|
    |add_ln104_3_fu_2462_p2         |     +    |      0|  0|  17|          13|          13|
    |add_ln104_4_fu_2477_p2         |     +    |      0|  0|  17|          13|          13|
    |add_ln104_5_fu_2487_p2         |     +    |      0|  0|  17|          13|          13|
    |add_ln104_6_fu_2516_p2         |     +    |      0|  0|  71|          64|          64|
    |add_ln104_7_fu_2531_p2         |     +    |      0|  0|  71|          64|          64|
    |add_ln104_fu_2331_p2           |     +    |      0|  0|  14|          10|          10|
    |add_ln1265_1_fu_2574_p2        |     +    |      0|  0|  39|          32|          32|
    |add_ln1265_2_fu_1658_p2        |     +    |      0|  0|  40|          33|          33|
    |add_ln1265_3_fu_1950_p2        |     +    |      0|  0|  39|          32|          32|
    |add_ln1265_4_fu_3002_p2        |     +    |      0|  0|  15|           9|           9|
    |add_ln1265_5_fu_3077_p2        |     +    |      0|  0|  13|          11|          11|
    |add_ln1265_6_fu_3104_p2        |     +    |      0|  0|  39|          32|          32|
    |add_ln1265_fu_1478_p2          |     +    |      0|  0|  39|          32|          32|
    |add_ln129_1_fu_2985_p2         |     +    |      0|  0|  13|          11|          11|
    |add_ln129_2_fu_2976_p2         |     +    |      0|  0|  15|           9|           9|
    |add_ln129_3_fu_3059_p2         |     +    |      0|  0|  13|          11|          11|
    |add_ln129_fu_2689_p2           |     +    |      0|  0|  15|           8|           8|
    |add_ln1494_fu_3913_p2          |     +    |      0|  0|  39|          32|           1|
    |add_ln171_1_fu_3785_p2         |     +    |      0|  0|  39|          32|          32|
    |add_ln171_2_fu_3770_p2         |     +    |      0|  0|  39|          32|          32|
    |add_ln171_fu_3800_p2           |     +    |      0|  0|  39|          32|          32|
    |add_ln173_1_fu_3838_p2         |     +    |      0|  0|  39|          32|          32|
    |add_ln173_2_fu_3823_p2         |     +    |      0|  0|  39|          32|          32|
    |add_ln173_fu_3853_p2           |     +    |      0|  0|  39|          32|          32|
    |add_ln203_1_fu_2288_p2         |     +    |      0|  0|  15|           9|           9|
    |add_ln203_2_fu_2637_p2         |     +    |      0|  0|  15|           9|           9|
    |add_ln203_3_fu_2435_p2         |     +    |      0|  0|  13|          11|          11|
    |add_ln203_4_fu_1677_p2         |     +    |      0|  0|  17|          13|          13|
    |add_ln203_5_fu_3400_p2         |     +    |      0|  0|  15|           8|           8|
    |add_ln203_6_fu_3445_p2         |     +    |      0|  0|  14|          10|          10|
    |add_ln203_7_fu_3302_p2         |     +    |      0|  0|  12|          12|          12|
    |add_ln203_8_fu_3898_p2         |     +    |      0|  0|  39|          32|          32|
    |add_ln203_fu_1517_p2           |     +    |      0|  0|  14|          10|          10|
    |add_ln88_1_fu_1645_p2          |     +    |      0|  0|  11|          11|          11|
    |add_ln88_fu_1595_p2            |     +    |      0|  0|  15|           5|           5|
    |add_ln89_1_fu_1631_p2          |     +    |      0|  0|  13|           4|           4|
    |add_ln89_2_fu_1918_p2          |     +    |      0|  0|  15|           6|           6|
    |add_ln89_fu_1640_p2            |     +    |      0|  0|  15|           5|           5|
    |i_1_fu_3954_p2                 |     +    |      0|  0|  13|           4|           1|
    |i_2_fu_3725_p2                 |     +    |      0|  0|  15|           9|           1|
    |i_fu_3593_p2                   |     +    |      0|  0|  15|           9|           1|
    |ic_fu_2683_p2                  |     +    |      0|  0|  12|           3|           1|
    |in_idx_x_fu_3053_p2            |     +    |      0|  0|  13|           4|           4|
    |in_idx_y_fu_2970_p2            |     +    |      0|  0|  13|           4|           4|
    |kx_1_fu_3047_p2                |     +    |      0|  0|  12|           3|           1|
    |kx_fu_1912_p2                  |     +    |      0|  0|  12|           3|           1|
    |ky_1_fu_2964_p2                |     +    |      0|  0|  12|           3|           1|
    |ky_fu_1589_p2                  |     +    |      0|  0|  12|           3|           1|
    |o_1_fu_3699_p2                 |     +    |      0|  0|  15|           7|           1|
    |o_fu_3883_p2                   |     +    |      0|  0|  15|           7|           1|
    |oc_1_fu_2198_p2                |     +    |      0|  0|  12|           3|           1|
    |oc_2_fu_2552_p2                |     +    |      0|  0|  15|           5|           1|
    |oc_3_fu_3366_p2                |     +    |      0|  0|  15|           5|           1|
    |oc_fu_1434_p2                  |     +    |      0|  0|  12|           3|           1|
    |offset_fu_3731_p2              |     +    |      0|  0|  21|          15|          15|
    |p_Val2_12_fu_2782_p2           |     +    |      0|  0|  23|          16|          16|
    |p_Val2_3_fu_1720_p2            |     +    |      0|  0|  23|          16|          16|
    |ret_V_1_fu_3186_p2             |     +    |      0|  0|  58|          51|          51|
    |ret_V_fu_2028_p2               |     +    |      0|  0|  58|          51|          51|
    |stage_fu_3624_p2               |     +    |      0|  0|  10|           2|           1|
    |w_idx_1_fu_3068_p2             |     +    |      0|  0|  17|          13|          13|
    |w_idx_fu_1927_p2               |     +    |      0|  0|  15|           8|           8|
    |x_1_fu_1554_p2                 |     +    |      0|  0|  15|           5|           1|
    |x_2_fu_3435_p2                 |     +    |      0|  0|  12|           3|           1|
    |x_3_fu_2656_p2                 |     +    |      0|  0|  13|           4|           1|
    |x_fu_2425_p2                   |     +    |      0|  0|  13|           4|           1|
    |y_1_fu_2278_p2                 |     +    |      0|  0|  13|           4|           1|
    |y_2_fu_2627_p2                 |     +    |      0|  0|  13|           4|           1|
    |y_3_fu_3390_p2                 |     +    |      0|  0|  12|           3|           1|
    |y_fu_1507_p2                   |     +    |      0|  0|  15|           5|           1|
    |sub_ln104_1_fu_2360_p2         |     -    |      0|  0|  71|          64|          64|
    |sub_ln104_2_fu_2409_p2         |     -    |      0|  0|  71|          64|          64|
    |sub_ln104_fu_2228_p2           |     -    |      0|  0|  15|           9|           9|
    |sub_ln1265_1_fu_3027_p2        |     -    |      0|  0|  13|          11|          11|
    |sub_ln1265_fu_2734_p2          |     -    |      0|  0|  15|           8|           8|
    |sub_ln129_fu_2615_p2           |     -    |      0|  0|  15|           8|           8|
    |sub_ln203_1_fu_2262_p2         |     -    |      0|  0|  15|           8|           8|
    |sub_ln203_2_fu_1542_p2         |     -    |      0|  0|  17|          13|          13|
    |sub_ln203_3_fu_2313_p2         |     -    |      0|  0|  13|          11|          11|
    |sub_ln203_fu_1468_p2           |     -    |      0|  0|  15|           9|           9|
    |sub_ln88_fu_1625_p2            |     -    |      0|  0|  11|          11|          11|
    |and_ln779_1_fu_2876_p2         |    and   |      0|  0|   2|           1|           1|
    |and_ln779_fu_1814_p2           |    and   |      0|  0|   2|           1|           1|
    |and_ln781_1_fu_2890_p2         |    and   |      0|  0|   2|           1|           1|
    |and_ln781_fu_1828_p2           |    and   |      0|  0|   2|           1|           1|
    |and_ln786_2_fu_2086_p2         |    and   |      0|  0|   2|           1|           1|
    |and_ln786_4_fu_2920_p2         |    and   |      0|  0|   2|           1|           1|
    |and_ln786_6_fu_3244_p2         |    and   |      0|  0|   2|           1|           1|
    |and_ln786_fu_1858_p2           |    and   |      0|  0|   2|           1|           1|
    |ap_block_state149              |    and   |      0|  0|   2|           1|           1|
    |ap_block_state158              |    and   |      0|  0|   2|           1|           1|
    |ap_block_state45_io            |    and   |      0|  0|   2|           1|           1|
    |ap_block_state4_io             |    and   |      0|  0|   2|           1|           1|
    |ap_block_state80_io            |    and   |      0|  0|   2|           1|           1|
    |carry_1_fu_1740_p2             |    and   |      0|  0|   2|           1|           1|
    |carry_3_fu_2802_p2             |    and   |      0|  0|   2|           1|           1|
    |overflow_1_fu_1852_p2          |    and   |      0|  0|   2|           1|           1|
    |overflow_2_fu_2914_p2          |    and   |      0|  0|   2|           1|           1|
    |overflow_3_fu_3238_p2          |    and   |      0|  0|   2|           1|           1|
    |overflow_fu_2080_p2            |    and   |      0|  0|   2|           1|           1|
    |underflow_1_fu_1876_p2         |    and   |      0|  0|   2|           1|           1|
    |underflow_2_fu_2938_p2         |    and   |      0|  0|   2|           1|           1|
    |underflow_3_fu_3256_p2         |    and   |      0|  0|   2|           1|           1|
    |underflow_fu_2098_p2           |    and   |      0|  0|   2|           1|           1|
    |Range1_all_ones_2_fu_2842_p2   |   icmp   |      0|  0|  11|           8|           2|
    |Range1_all_ones_fu_1780_p2     |   icmp   |      0|  0|  11|           8|           2|
    |Range1_all_zeros_1_fu_2848_p2  |   icmp   |      0|  0|  11|           8|           1|
    |Range1_all_zeros_fu_1786_p2    |   icmp   |      0|  0|  11|           8|           1|
    |Range2_all_ones_1_fu_2826_p2   |   icmp   |      0|  0|  11|           7|           2|
    |Range2_all_ones_fu_1764_p2     |   icmp   |      0|  0|  11|           7|           2|
    |grp_fu_1234_p2                 |   icmp   |      0|  0|  13|          15|          15|
    |grp_fu_1240_p2                 |   icmp   |      0|  0|  13|          15|          15|
    |icmp_ln101_fu_2272_p2          |   icmp   |      0|  0|   9|           4|           4|
    |icmp_ln103_fu_2419_p2          |   icmp   |      0|  0|   9|           4|           4|
    |icmp_ln114_fu_2546_p2          |   icmp   |      0|  0|  11|           5|           6|
    |icmp_ln116_fu_2621_p2          |   icmp   |      0|  0|  11|           4|           5|
    |icmp_ln118_fu_2650_p2          |   icmp   |      0|  0|  11|           4|           5|
    |icmp_ln121_fu_2677_p2          |   icmp   |      0|  0|   9|           3|           3|
    |icmp_ln123_fu_2958_p2          |   icmp   |      0|  0|   9|           3|           3|
    |icmp_ln125_fu_3041_p2          |   icmp   |      0|  0|   9|           3|           3|
    |icmp_ln141_fu_3360_p2          |   icmp   |      0|  0|  11|           5|           6|
    |icmp_ln143_fu_3384_p2          |   icmp   |      0|  0|   9|           3|           4|
    |icmp_ln145_fu_3429_p2          |   icmp   |      0|  0|   9|           3|           4|
    |icmp_ln1494_1_fu_2500_p2       |   icmp   |      0|  0|  13|          15|          15|
    |icmp_ln1494_4_fu_3528_p2       |   icmp   |      0|  0|  13|          15|          15|
    |icmp_ln1494_7_fu_2177_p2       |   icmp   |      0|  0|  13|          16|           1|
    |icmp_ln1494_8_fu_3345_p2       |   icmp   |      0|  0|  13|          16|           1|
    |icmp_ln1494_fu_3934_p2         |   icmp   |      0|  0|  13|          16|          16|
    |icmp_ln158_fu_3587_p2          |   icmp   |      0|  0|  13|           9|          10|
    |icmp_ln161_fu_3618_p2          |   icmp   |      0|  0|   8|           2|           2|
    |icmp_ln162_1_fu_3636_p2        |   icmp   |      0|  0|   8|           2|           1|
    |icmp_ln162_fu_3630_p2          |   icmp   |      0|  0|   8|           2|           1|
    |icmp_ln165_fu_3694_p2          |   icmp   |      0|  0|  11|           7|           7|
    |icmp_ln168_fu_3720_p2          |   icmp   |      0|  0|  13|           9|           9|
    |icmp_ln174_fu_3684_p2          |   icmp   |      0|  0|   9|           2|           3|
    |icmp_ln177_fu_3878_p2          |   icmp   |      0|  0|  11|           7|           7|
    |icmp_ln179_fu_3710_p2          |   icmp   |      0|  0|   9|           2|           3|
    |icmp_ln187_fu_3928_p2          |   icmp   |      0|  0|   9|           4|           4|
    |icmp_ln78_fu_1428_p2           |   icmp   |      0|  0|   9|           3|           3|
    |icmp_ln80_fu_1501_p2           |   icmp   |      0|  0|  11|           5|           5|
    |icmp_ln82_fu_1548_p2           |   icmp   |      0|  0|  11|           5|           5|
    |icmp_ln85_fu_1583_p2           |   icmp   |      0|  0|   9|           3|           3|
    |icmp_ln87_fu_1906_p2           |   icmp   |      0|  0|   9|           3|           3|
    |icmp_ln99_fu_2192_p2           |   icmp   |      0|  0|   9|           3|           3|
    |lshr_ln1265_1_fu_3134_p2       |   lshr   |      0|  0|  35|          16|          16|
    |lshr_ln1265_fu_1976_p2         |   lshr   |      0|  0|  35|          16|          16|
    |lshr_ln203_fu_3868_p2          |   lshr   |      0|  0|  35|          16|          16|
    |ap_block_state29               |    or    |      0|  0|   2|           1|           1|
    |or_ln104_1_fu_2467_p2          |    or    |      0|  0|   5|           5|           1|
    |or_ln104_fu_2370_p2            |    or    |      0|  0|   5|           5|           1|
    |or_ln146_1_fu_3478_p2          |    or    |      0|  0|   3|           3|           1|
    |or_ln146_fu_3423_p2            |    or    |      0|  0|   3|           3|           1|
    |or_ln162_fu_3650_p2            |    or    |      0|  0|   2|           1|           1|
    |or_ln340_1_fu_2104_p2          |    or    |      0|  0|   2|           1|           1|
    |or_ln340_2_fu_2110_p2          |    or    |      0|  0|   2|           1|           1|
    |or_ln340_3_fu_2148_p2          |    or    |      0|  0|   2|           1|           1|
    |or_ln340_4_fu_2944_p2          |    or    |      0|  0|   2|           1|           1|
    |or_ln340_5_fu_3262_p2          |    or    |      0|  0|   2|           1|           1|
    |or_ln340_6_fu_3268_p2          |    or    |      0|  0|   2|           1|           1|
    |or_ln340_7_fu_2144_p2          |    or    |      0|  0|   2|           1|           1|
    |or_ln340_8_fu_3316_p2          |    or    |      0|  0|   2|           1|           1|
    |or_ln340_9_fu_3312_p2          |    or    |      0|  0|   2|           1|           1|
    |or_ln340_fu_1882_p2            |    or    |      0|  0|   2|           1|           1|
    |or_ln785_1_fu_2068_p2          |    or    |      0|  0|   2|           1|           1|
    |or_ln785_2_fu_2902_p2          |    or    |      0|  0|   2|           1|           1|
    |or_ln785_3_fu_3226_p2          |    or    |      0|  0|   2|           1|           1|
    |or_ln785_fu_1840_p2            |    or    |      0|  0|   2|           1|           1|
    |or_ln786_1_fu_2926_p2          |    or    |      0|  0|   2|           1|           1|
    |or_ln786_fu_1864_p2            |    or    |      0|  0|   2|           1|           1|
    |conv1_V_d0                     |  select  |      0|  0|  15|           1|          15|
    |conv2_V_d0                     |  select  |      0|  0|  15|           1|          15|
    |deleted_ones_2_fu_2882_p3      |  select  |      0|  0|   2|           1|           1|
    |deleted_ones_fu_1820_p3        |  select  |      0|  0|   2|           1|           1|
    |deleted_zeros_1_fu_2854_p3     |  select  |      0|  0|   2|           1|           1|
    |deleted_zeros_fu_1792_p3       |  select  |      0|  0|   2|           1|           1|
    |inputs_fu_3656_p3              |  select  |      0|  0|   9|           1|           9|
    |outputs_fu_3676_p3             |  select  |      0|  0|   7|           1|           7|
    |select_ln10_1_fu_3534_p3       |  select  |      0|  0|   3|           1|           3|
    |select_ln10_fu_2506_p3         |  select  |      0|  0|   5|           1|           5|
    |select_ln11_1_fu_3539_p3       |  select  |      0|  0|   3|           1|           3|
    |select_ln11_fu_2521_p3         |  select  |      0|  0|   5|           1|           5|
    |select_ln12_1_fu_3573_p3       |  select  |      0|  0|  11|           1|          11|
    |select_ln12_fu_2536_p3         |  select  |      0|  0|  64|           1|          64|
    |select_ln162_2_fu_3668_p3      |  select  |      0|  0|   7|           1|           5|
    |select_ln162_fu_3642_p3        |  select  |      0|  0|  10|           1|          10|
    |select_ln188_1_fu_3946_p3      |  select  |      0|  0|   4|           1|           4|
    |select_ln188_fu_3939_p3        |  select  |      0|  0|  16|           1|          16|
    |select_ln340_1_fu_3274_p3      |  select  |      0|  0|  32|           1|          31|
    |select_ln340_2_fu_2153_p3      |  select  |      0|  0|  16|           1|          15|
    |select_ln340_3_fu_3321_p3      |  select  |      0|  0|  16|           1|          15|
    |select_ln340_4_fu_2165_p3      |  select  |      0|  0|  16|           1|          16|
    |select_ln340_5_fu_2132_p3      |  select  |      0|  0|  32|           1|          32|
    |select_ln340_6_fu_3333_p3      |  select  |      0|  0|  16|           1|          16|
    |select_ln340_7_fu_3290_p3      |  select  |      0|  0|  32|           1|          32|
    |select_ln340_fu_2116_p3        |  select  |      0|  0|  32|           1|          31|
    |select_ln388_1_fu_3282_p3      |  select  |      0|  0|  33|           1|          33|
    |select_ln388_2_fu_2159_p3      |  select  |      0|  0|  17|           1|          17|
    |select_ln388_3_fu_3327_p3      |  select  |      0|  0|  17|           1|          17|
    |select_ln388_fu_2124_p3        |  select  |      0|  0|  33|           1|          33|
    |xor_ln416_1_fu_2796_p2         |    xor   |      0|  0|   2|           1|           2|
    |xor_ln416_fu_1734_p2           |    xor   |      0|  0|   2|           1|           2|
    |xor_ln779_1_fu_2870_p2         |    xor   |      0|  0|   2|           1|           2|
    |xor_ln779_fu_1808_p2           |    xor   |      0|  0|   2|           1|           2|
    |xor_ln785_1_fu_1846_p2         |    xor   |      0|  0|   2|           1|           2|
    |xor_ln785_2_fu_2074_p2         |    xor   |      0|  0|   2|           1|           2|
    |xor_ln785_3_fu_2896_p2         |    xor   |      0|  0|   2|           1|           2|
    |xor_ln785_4_fu_2908_p2         |    xor   |      0|  0|   2|           1|           2|
    |xor_ln785_5_fu_3232_p2         |    xor   |      0|  0|   2|           1|           2|
    |xor_ln785_fu_1834_p2           |    xor   |      0|  0|   2|           1|           2|
    |xor_ln786_1_fu_2092_p2         |    xor   |      0|  0|   2|           2|           1|
    |xor_ln786_2_fu_2932_p2         |    xor   |      0|  0|   2|           1|           2|
    |xor_ln786_3_fu_3250_p2         |    xor   |      0|  0|   2|           2|           1|
    |xor_ln786_fu_1870_p2           |    xor   |      0|  0|   2|           1|           2|
    +-------------------------------+----------+-------+---+----+------------+------------+
    |Total                          |          |      2|  0|3086|        1752|        2019|
    +-------------------------------+----------+-------+---+----+------------+------------+

    * Multiplexer: 
    +--------------------------+-----+-----------+-----+-----------+
    |           Name           | LUT | Input Size| Bits| Total Bits|
    +--------------------------+-----+-----------+-----+-----------+
    |ap_NS_fsm                 |  705|        160|    1|        160|
    |best_idx_V_reg_1210       |    9|          2|    4|          8|
    |bias_V_reg_1163           |   15|          3|   16|         48|
    |conv1_V_address0          |   27|          5|   12|         60|
    |conv1_V_address1          |   27|          5|   12|         60|
    |conv2_V_address0          |   27|          5|   10|         50|
    |conv2_V_address1          |   27|          5|   10|         50|
    |dense_input_V_address0    |   21|          4|    8|         32|
    |dense_input_V_ce0         |   15|          3|    1|          3|
    |dense_input_V_d0          |   15|          3|   16|         48|
    |dense_output_V_address0   |   15|          3|    7|         21|
    |gmem0_ARADDR              |   21|          4|   32|        128|
    |gmem0_ARLEN               |   21|          4|   32|        128|
    |gmem0_blk_n_AR            |    9|          2|    1|          2|
    |gmem0_blk_n_AW            |    9|          2|    1|          2|
    |gmem0_blk_n_B             |    9|          2|    1|          2|
    |gmem0_blk_n_R             |    9|          2|    1|          2|
    |gmem0_blk_n_W             |    9|          2|    1|          2|
    |gmem1_ARADDR              |   50|         11|   32|        352|
    |gmem1_blk_n_AR            |    9|          2|    1|          2|
    |gmem1_blk_n_R             |    9|          2|    1|          2|
    |gmem1_load_3_pn_reg_1152  |   15|          3|   16|         48|
    |i14_0_reg_1141            |    9|          2|    9|         18|
    |i_0_reg_1105              |    9|          2|    9|         18|
    |ic_0_reg_1014             |    9|          2|    3|          6|
    |kx9_0_reg_1060            |    9|          2|    3|          6|
    |kx_0_reg_925              |    9|          2|    3|          6|
    |ky8_0_reg_1037            |    9|          2|    3|          6|
    |ky_0_reg_902              |    9|          2|    3|          6|
    |o15_0_reg_1175            |    9|          2|    7|         14|
    |o_0_reg_1129              |    9|          2|    7|         14|
    |oc11_0_reg_1071           |    9|          2|    5|         10|
    |oc1_0_reg_936             |    9|          2|    3|          6|
    |oc4_0_reg_969             |    9|          2|    5|         10|
    |oc_0_reg_857              |    9|          2|    3|          6|
    |p_0408_2_reg_1025         |    9|          2|   32|         64|
    |p_0554_0_reg_1187         |    9|          2|   16|         32|
    |p_0558_0_reg_1197         |    9|          2|    4|          8|
    |p_Val2_10_reg_1004        |    9|          2|   32|         64|
    |p_Val2_13_reg_1048        |    9|          2|   32|         64|
    |p_Val2_1_reg_892          |    9|          2|   32|         64|
    |p_Val2_6_reg_913          |    9|          2|   32|         64|
    |pool1_V_address0          |   15|          3|   10|         30|
    |pool2_V_address0          |   15|          3|    8|         24|
    |row_weights_V_address0    |   15|          3|    8|         24|
    |row_weights_V_ce0         |   15|          3|    1|          3|
    |stage_0_reg_1117          |    9|          2|    2|          4|
    |x13_0_reg_1094            |    9|          2|    3|          6|
    |x3_0_reg_958              |    9|          2|    4|          8|
    |x6_0_reg_992              |    9|          2|    4|          8|
    |x_0_reg_880               |    9|          2|    5|         10|
    |y12_0_reg_1083            |    9|          2|    3|          6|
    |y2_0_reg_947              |    9|          2|    4|          8|
    |y5_0_reg_980              |    9|          2|    4|          8|
    |y_0_reg_868               |    9|          2|    5|         10|
    +--------------------------+-----+-----------+-----+-----------+
    |Total                     | 1394|        304|  520|       1845|
    +--------------------------+-----+-----------+-----+-----------+

    * Register: 
    +------------------------------------+-----+----+-----+-----------+
    |                Name                |  FF | LUT| Bits| Const Bits|
    +------------------------------------+-----+----+-----+-----------+
    |add_ln104_3_reg_4280                |   12|   0|   13|          1|
    |add_ln104_5_reg_4296                |   12|   0|   13|          1|
    |add_ln104_6_reg_4311                |   64|   0|   64|          0|
    |add_ln104_7_reg_4317                |   64|   0|   64|          0|
    |add_ln1265_5_reg_4483               |   11|   0|   11|          0|
    |add_ln129_1_reg_4460                |   11|   0|   11|          0|
    |add_ln203_3_reg_4264                |   11|   0|   11|          0|
    |add_ln203_4_reg_4112                |   13|   0|   13|          0|
    |add_ln203_6_reg_4577                |   10|   0|   10|          0|
    |add_ln89_reg_4100                   |    5|   0|    5|          0|
    |and_ln781_1_reg_4427                |    1|   0|    1|          0|
    |and_ln781_reg_4123                  |    1|   0|    1|          0|
    |and_ln786_4_reg_4437                |    1|   0|    1|          0|
    |and_ln786_reg_4133                  |    1|   0|    1|          0|
    |ap_CS_fsm                           |  159|   0|  159|          0|
    |best_V_1_reg_4870                   |   16|   0|   16|          0|
    |best_V_reg_4862                     |   16|   0|   16|          0|
    |best_idx_V_reg_1210                 |    4|   0|    4|          0|
    |bias_V_reg_1163                     |   16|   0|   16|          0|
    |dense_output_V_load_reg_4845        |   16|   0|   16|          0|
    |empty_12_reg_4166                   |    1|   0|    1|          0|
    |empty_20_reg_4488                   |    1|   0|    1|          0|
    |gmem0_addr_1_reg_4106               |   32|   0|   32|          0|
    |gmem0_addr_2_reg_4856               |   32|   0|   32|          0|
    |gmem0_addr_3_reg_4850               |   32|   0|   32|          0|
    |gmem0_addr_reg_3966                 |   31|   0|   32|          1|
    |gmem1_addr_1_reg_4356               |   32|   0|   32|          0|
    |gmem1_addr_2_read_reg_4182          |   16|   0|   16|          0|
    |gmem1_addr_2_reg_4171               |   32|   0|   32|          0|
    |gmem1_addr_3_read_reg_4504          |   16|   0|   16|          0|
    |gmem1_addr_3_reg_4493               |   32|   0|   32|          0|
    |gmem1_addr_4_read_reg_4817          |   16|   0|   16|          0|
    |gmem1_addr_4_reg_4786               |   32|   0|   32|          0|
    |gmem1_addr_5_read_reg_4802          |   16|   0|   16|          0|
    |gmem1_addr_5_reg_4763               |   32|   0|   32|          0|
    |gmem1_addr_6_read_reg_4812          |   16|   0|   16|          0|
    |gmem1_addr_6_reg_4780               |   32|   0|   32|          0|
    |gmem1_addr_7_read_reg_4807          |   16|   0|   16|          0|
    |gmem1_addr_7_reg_4774               |   32|   0|   32|          0|
    |gmem1_addr_8_read_reg_4797          |   16|   0|   16|          0|
    |gmem1_addr_8_reg_4757               |   32|   0|   32|          0|
    |gmem1_addr_9_read_reg_4792          |   16|   0|   16|          0|
    |gmem1_addr_9_reg_4751               |   32|   0|   32|          0|
    |gmem1_addr_reg_4045                 |   32|   0|   32|          0|
    |gmem1_load_3_pn_reg_1152            |   16|   0|   16|          0|
    |grp_dense_row_fu_1222_ap_start_reg  |    1|   0|    1|          0|
    |i14_0_reg_1141                      |    9|   0|    9|          0|
    |i_0_reg_1105                        |    9|   0|    9|          0|
    |i_2_reg_4736                        |    9|   0|    9|          0|
    |i_reg_4668                          |    9|   0|    9|          0|
    |ic_0_reg_1014                       |    3|   0|    3|          0|
    |ic_reg_4401                         |    3|   0|    3|          0|
    |icmp_ln1494_4_reg_4620              |    1|   0|    1|          0|
    |icmp_ln162_1_reg_4690               |    1|   0|    1|          0|
    |icmp_ln162_reg_4686                 |    1|   0|    1|          0|
    |icmp_ln174_reg_4711                 |    1|   0|    1|          0|
    |icmp_ln179_reg_4729                 |    1|   0|    1|          0|
    |inputs_reg_4694                     |    6|   0|    9|          3|
    |kx9_0_reg_1060                      |    3|   0|    3|          0|
    |kx_0_reg_925                        |    3|   0|    3|          0|
    |kx_1_reg_4478                       |    3|   0|    3|          0|
    |kx_reg_4161                         |    3|   0|    3|          0|
    |ky8_0_reg_1037                      |    3|   0|    3|          0|
    |ky_0_reg_902                        |    3|   0|    3|          0|
    |ky_1_reg_4455                       |    3|   0|    3|          0|
    |ky_reg_4095                         |    3|   0|    3|          0|
    |mul_ln170_reg_4724                  |   13|   0|   15|          2|
    |o15_0_reg_1175                      |    7|   0|    7|          0|
    |o_0_reg_1129                        |    7|   0|    7|          0|
    |o_1_reg_4719                        |    7|   0|    7|          0|
    |o_reg_4830                          |    7|   0|    7|          0|
    |oc11_0_reg_1071                     |    5|   0|    5|          0|
    |oc1_0_reg_936                       |    3|   0|    3|          0|
    |oc4_0_reg_969                       |    5|   0|    5|          0|
    |oc_0_reg_857                        |    3|   0|    3|          0|
    |oc_1_reg_4205                       |    3|   0|    3|          0|
    |oc_2_reg_4346                       |    5|   0|    5|          0|
    |oc_3_reg_4532                       |    5|   0|    5|          0|
    |oc_reg_4035                         |    3|   0|    3|          0|
    |op_V_assign_5_reg_4822              |   16|   0|   16|          0|
    |or_ln104_1_reg_4285                 |    4|   0|    5|          1|
    |or_ln146_1_reg_4598                 |    2|   0|    3|          1|
    |or_ln146_reg_4562                   |    2|   0|    3|          1|
    |or_ln340_4_reg_4447                 |    1|   0|    1|          0|
    |or_ln340_reg_4143                   |    1|   0|    1|          0|
    |outputs_reg_4705                    |    6|   0|    7|          1|
    |p_0408_2_reg_1025                   |   32|   0|   32|          0|
    |p_0554_0_reg_1187                   |   16|   0|   16|          0|
    |p_0558_0_reg_1197                   |    4|   0|    4|          0|
    |p_Val2_10_reg_1004                  |   32|   0|   32|          0|
    |p_Val2_12_reg_4421                  |   16|   0|   16|          0|
    |p_Val2_13_reg_1048                  |   32|   0|   32|          0|
    |p_Val2_1_reg_892                    |   32|   0|   32|          0|
    |p_Val2_3_reg_4117                   |   16|   0|   16|          0|
    |p_Val2_4_reg_4388                   |   16|   0|   16|          0|
    |p_Val2_5_reg_4177                   |   16|   0|   16|          0|
    |p_Val2_6_reg_913                    |   32|   0|   32|          0|
    |p_Val2_s_reg_4077                   |   16|   0|   16|          0|
    |p_cast52_reg_4017                   |   31|   0|   32|          1|
    |p_cast53_reg_4012                   |   31|   0|   32|          1|
    |p_cast54_reg_4007                   |   31|   0|   32|          1|
    |p_cast55_reg_4002                   |   31|   0|   32|          1|
    |p_cast56_reg_3997                   |   31|   0|   32|          1|
    |p_cast57_reg_3992                   |   31|   0|   32|          1|
    |p_cast58_reg_3987                   |   31|   0|   32|          1|
    |p_cast59_reg_3982                   |   31|   0|   32|          1|
    |p_cast60_reg_3977                   |   31|   0|   32|          1|
    |p_cast61_reg_3972                   |   31|   0|   32|          1|
    |p_cast62_reg_3960                   |   31|   0|   32|          1|
    |p_cast_reg_4022                     |   31|   0|   33|          2|
    |pool1_V_load_reg_4509               |   15|   0|   15|          0|
    |r_V_1_reg_4519                      |   32|   0|   48|         16|
    |r_V_reg_4192                        |   32|   0|   48|         16|
    |select_ln10_1_reg_4625              |    3|   0|    3|          0|
    |select_ln11_1_reg_4630              |    3|   0|    3|          0|
    |select_ln12_1_reg_4655              |   11|   0|   11|          0|
    |select_ln12_reg_4333                |   64|   0|   64|          0|
    |sext_ln104_reg_4210                 |    7|   0|   10|          3|
    |sext_ln1265_1_reg_4416              |    7|   0|    9|          2|
    |sext_ln129_1_reg_4411               |    9|   0|   11|          2|
    |sext_ln129_reg_4406                 |    9|   0|    9|          0|
    |sext_ln203_1_reg_4216               |    7|   0|    9|          2|
    |sext_ln203_reg_4040                 |    7|   0|   10|          3|
    |shl_ln104_1_reg_4269                |    4|   0|    5|          1|
    |shl_ln129_3_reg_4465                |   11|   0|   13|          2|
    |shl_ln146_1_reg_4587                |    2|   0|    3|          1|
    |shl_ln_reg_4051                     |    3|   0|    5|          2|
    |stage_0_reg_1117                    |    2|   0|    2|          0|
    |stage_reg_4681                      |    2|   0|    2|          0|
    |sub_ln104_1_reg_4234                |   60|   0|   64|          4|
    |sub_ln104_2_reg_4245                |   60|   0|   64|          4|
    |sub_ln1265_1_reg_4470               |    9|   0|   11|          2|
    |sub_ln129_reg_4362                  |    7|   0|    8|          1|
    |sub_ln203_2_reg_4064                |   10|   0|   13|          3|
    |sub_ln203_3_reg_4229                |    9|   0|   11|          2|
    |tmp_35_cast_reg_4375                |    9|   0|   12|          3|
    |tmp_38_cast_reg_4550                |    8|   0|   10|          2|
    |tmp_46_reg_4635                     |   10|   0|   11|          1|
    |tmp_47_reg_4645                     |   10|   0|   11|          1|
    |tmp_61_reg_4746                     |    1|   0|   16|         15|
    |trunc_ln103_reg_4250                |    9|   0|   13|          4|
    |trunc_ln104_reg_4239                |    9|   0|   13|          4|
    |trunc_ln146_1_reg_4582              |    2|   0|    2|          0|
    |trunc_ln146_reg_4555                |    2|   0|    2|          0|
    |trunc_ln728_1_reg_4514              |    8|   0|    8|          0|
    |trunc_ln728_reg_4187                |    8|   0|    8|          0|
    |underflow_1_reg_4138                |    1|   0|    1|          0|
    |underflow_2_reg_4442                |    1|   0|    1|          0|
    |x13_0_reg_1094                      |    3|   0|    3|          0|
    |x3_0_reg_958                        |    4|   0|    4|          0|
    |x6_0_reg_992                        |    4|   0|    4|          0|
    |x_0_reg_880                         |    5|   0|    5|          0|
    |x_1_reg_4072                        |    5|   0|    5|          0|
    |x_2_reg_4572                        |    3|   0|    3|          0|
    |x_3_reg_4383                        |    4|   0|    4|          0|
    |x_reg_4259                          |    4|   0|    4|          0|
    |xor_ln785_1_reg_4128                |    1|   0|    1|          0|
    |xor_ln785_4_reg_4432                |    1|   0|    1|          0|
    |y12_0_reg_1083                      |    3|   0|    3|          0|
    |y2_0_reg_947                        |    4|   0|    4|          0|
    |y5_0_reg_980                        |    4|   0|    4|          0|
    |y_0_reg_868                         |    5|   0|    5|          0|
    |y_1_reg_4224                        |    4|   0|    4|          0|
    |y_2_reg_4370                        |    4|   0|    4|          0|
    |y_3_reg_4545                        |    3|   0|    3|          0|
    |y_reg_4059                          |    5|   0|    5|          0|
    |zext_ln1265_1_reg_4351              |    5|   0|    9|          4|
    |zext_ln143_reg_4537                 |    5|   0|    8|          3|
    |zext_ln170_reg_4700                 |    6|   0|   15|          9|
    |zext_ln171_reg_4741                 |    9|   0|   64|         55|
    |zext_ln173_reg_4769                 |    7|   0|   64|         57|
    |zext_ln179_reg_4835                 |    7|   0|   64|         57|
    |zext_ln78_reg_4027                  |    3|   0|    4|          1|
    |zext_ln88_reg_4087                  |    5|   0|   11|          6|
    |zext_ln89_1_reg_4148                |    5|   0|    6|          1|
    |zext_ln89_2_reg_4153                |    5|   0|    8|          3|
    +------------------------------------+-----+----+-----+-----------+
    |Total                               | 2438|   0| 2755|        317|
    +------------------------------------+-----+----+-----+-----------+



================================================================
== Interface
================================================================
* Summary: 
+-----------------------+-----+-----+------------+--------------+--------------+
|       RTL Ports       | Dir | Bits|  Protocol  | Source Object|    C Type    |
+-----------------------+-----+-----+------------+--------------+--------------+
|s_axi_control_AWVALID  |  in |    1|    s_axi   |    control   |    pointer   |
|s_axi_control_AWREADY  | out |    1|    s_axi   |    control   |    pointer   |
|s_axi_control_AWADDR   |  in |    7|    s_axi   |    control   |    pointer   |
|s_axi_control_WVALID   |  in |    1|    s_axi   |    control   |    pointer   |
|s_axi_control_WREADY   | out |    1|    s_axi   |    control   |    pointer   |
|s_axi_control_WDATA    |  in |   32|    s_axi   |    control   |    pointer   |
|s_axi_control_WSTRB    |  in |    4|    s_axi   |    control   |    pointer   |
|s_axi_control_ARVALID  |  in |    1|    s_axi   |    control   |    pointer   |
|s_axi_control_ARREADY  | out |    1|    s_axi   |    control   |    pointer   |
|s_axi_control_ARADDR   |  in |    7|    s_axi   |    control   |    pointer   |
|s_axi_control_RVALID   | out |    1|    s_axi   |    control   |    pointer   |
|s_axi_control_RREADY   |  in |    1|    s_axi   |    control   |    pointer   |
|s_axi_control_RDATA    | out |   32|    s_axi   |    control   |    pointer   |
|s_axi_control_RRESP    | out |    2|    s_axi   |    control   |    pointer   |
|s_axi_control_BVALID   | out |    1|    s_axi   |    control   |    pointer   |
|s_axi_control_BREADY   |  in |    1|    s_axi   |    control   |    pointer   |
|s_axi_control_BRESP    | out |    2|    s_axi   |    control   |    pointer   |
|ap_clk                 |  in |    1| ap_ctrl_hs |  lenet_accel | return value |
|ap_rst_n               |  in |    1| ap_ctrl_hs |  lenet_accel | return value |
|interrupt              | out |    1| ap_ctrl_hs |  lenet_accel | return value |
|m_axi_gmem0_AWVALID    | out |    1|    m_axi   |     gmem0    |    pointer   |
|m_axi_gmem0_AWREADY    |  in |    1|    m_axi   |     gmem0    |    pointer   |
|m_axi_gmem0_AWADDR     | out |   32|    m_axi   |     gmem0    |    pointer   |
|m_axi_gmem0_AWID       | out |    1|    m_axi   |     gmem0    |    pointer   |
|m_axi_gmem0_AWLEN      | out |    8|    m_axi   |     gmem0    |    pointer   |
|m_axi_gmem0_AWSIZE     | out |    3|    m_axi   |     gmem0    |    pointer   |
|m_axi_gmem0_AWBURST    | out |    2|    m_axi   |     gmem0    |    pointer   |
|m_axi_gmem0_AWLOCK     | out |    2|    m_axi   |     gmem0    |    pointer   |
|m_axi_gmem0_AWCACHE    | out |    4|    m_axi   |     gmem0    |    pointer   |
|m_axi_gmem0_AWPROT     | out |    3|    m_axi   |     gmem0    |    pointer   |
|m_axi_gmem0_AWQOS      | out |    4|    m_axi   |     gmem0    |    pointer   |
|m_axi_gmem0_AWREGION   | out |    4|    m_axi   |     gmem0    |    pointer   |
|m_axi_gmem0_AWUSER     | out |    1|    m_axi   |     gmem0    |    pointer   |
|m_axi_gmem0_WVALID     | out |    1|    m_axi   |     gmem0    |    pointer   |
|m_axi_gmem0_WREADY     |  in |    1|    m_axi   |     gmem0    |    pointer   |
|m_axi_gmem0_WDATA      | out |   32|    m_axi   |     gmem0    |    pointer   |
|m_axi_gmem0_WSTRB      | out |    4|    m_axi   |     gmem0    |    pointer   |
|m_axi_gmem0_WLAST      | out |    1|    m_axi   |     gmem0    |    pointer   |
|m_axi_gmem0_WID        | out |    1|    m_axi   |     gmem0    |    pointer   |
|m_axi_gmem0_WUSER      | out |    1|    m_axi   |     gmem0    |    pointer   |
|m_axi_gmem0_ARVALID    | out |    1|    m_axi   |     gmem0    |    pointer   |
|m_axi_gmem0_ARREADY    |  in |    1|    m_axi   |     gmem0    |    pointer   |
|m_axi_gmem0_ARADDR     | out |   32|    m_axi   |     gmem0    |    pointer   |
|m_axi_gmem0_ARID       | out |    1|    m_axi   |     gmem0    |    pointer   |
|m_axi_gmem0_ARLEN      | out |    8|    m_axi   |     gmem0    |    pointer   |
|m_axi_gmem0_ARSIZE     | out |    3|    m_axi   |     gmem0    |    pointer   |
|m_axi_gmem0_ARBURST    | out |    2|    m_axi   |     gmem0    |    pointer   |
|m_axi_gmem0_ARLOCK     | out |    2|    m_axi   |     gmem0    |    pointer   |
|m_axi_gmem0_ARCACHE    | out |    4|    m_axi   |     gmem0    |    pointer   |
|m_axi_gmem0_ARPROT     | out |    3|    m_axi   |     gmem0    |    pointer   |
|m_axi_gmem0_ARQOS      | out |    4|    m_axi   |     gmem0    |    pointer   |
|m_axi_gmem0_ARREGION   | out |    4|    m_axi   |     gmem0    |    pointer   |
|m_axi_gmem0_ARUSER     | out |    1|    m_axi   |     gmem0    |    pointer   |
|m_axi_gmem0_RVALID     |  in |    1|    m_axi   |     gmem0    |    pointer   |
|m_axi_gmem0_RREADY     | out |    1|    m_axi   |     gmem0    |    pointer   |
|m_axi_gmem0_RDATA      |  in |   32|    m_axi   |     gmem0    |    pointer   |
|m_axi_gmem0_RLAST      |  in |    1|    m_axi   |     gmem0    |    pointer   |
|m_axi_gmem0_RID        |  in |    1|    m_axi   |     gmem0    |    pointer   |
|m_axi_gmem0_RUSER      |  in |    1|    m_axi   |     gmem0    |    pointer   |
|m_axi_gmem0_RRESP      |  in |    2|    m_axi   |     gmem0    |    pointer   |
|m_axi_gmem0_BVALID     |  in |    1|    m_axi   |     gmem0    |    pointer   |
|m_axi_gmem0_BREADY     | out |    1|    m_axi   |     gmem0    |    pointer   |
|m_axi_gmem0_BRESP      |  in |    2|    m_axi   |     gmem0    |    pointer   |
|m_axi_gmem0_BID        |  in |    1|    m_axi   |     gmem0    |    pointer   |
|m_axi_gmem0_BUSER      |  in |    1|    m_axi   |     gmem0    |    pointer   |
|m_axi_gmem1_AWVALID    | out |    1|    m_axi   |     gmem1    |    pointer   |
|m_axi_gmem1_AWREADY    |  in |    1|    m_axi   |     gmem1    |    pointer   |
|m_axi_gmem1_AWADDR     | out |   32|    m_axi   |     gmem1    |    pointer   |
|m_axi_gmem1_AWID       | out |    1|    m_axi   |     gmem1    |    pointer   |
|m_axi_gmem1_AWLEN      | out |    8|    m_axi   |     gmem1    |    pointer   |
|m_axi_gmem1_AWSIZE     | out |    3|    m_axi   |     gmem1    |    pointer   |
|m_axi_gmem1_AWBURST    | out |    2|    m_axi   |     gmem1    |    pointer   |
|m_axi_gmem1_AWLOCK     | out |    2|    m_axi   |     gmem1    |    pointer   |
|m_axi_gmem1_AWCACHE    | out |    4|    m_axi   |     gmem1    |    pointer   |
|m_axi_gmem1_AWPROT     | out |    3|    m_axi   |     gmem1    |    pointer   |
|m_axi_gmem1_AWQOS      | out |    4|    m_axi   |     gmem1    |    pointer   |
|m_axi_gmem1_AWREGION   | out |    4|    m_axi   |     gmem1    |    pointer   |
|m_axi_gmem1_AWUSER     | out |    1|    m_axi   |     gmem1    |    pointer   |
|m_axi_gmem1_WVALID     | out |    1|    m_axi   |     gmem1    |    pointer   |
|m_axi_gmem1_WREADY     |  in |    1|    m_axi   |     gmem1    |    pointer   |
|m_axi_gmem1_WDATA      | out |   32|    m_axi   |     gmem1    |    pointer   |
|m_axi_gmem1_WSTRB      | out |    4|    m_axi   |     gmem1    |    pointer   |
|m_axi_gmem1_WLAST      | out |    1|    m_axi   |     gmem1    |    pointer   |
|m_axi_gmem1_WID        | out |    1|    m_axi   |     gmem1    |    pointer   |
|m_axi_gmem1_WUSER      | out |    1|    m_axi   |     gmem1    |    pointer   |
|m_axi_gmem1_ARVALID    | out |    1|    m_axi   |     gmem1    |    pointer   |
|m_axi_gmem1_ARREADY    |  in |    1|    m_axi   |     gmem1    |    pointer   |
|m_axi_gmem1_ARADDR     | out |   32|    m_axi   |     gmem1    |    pointer   |
|m_axi_gmem1_ARID       | out |    1|    m_axi   |     gmem1    |    pointer   |
|m_axi_gmem1_ARLEN      | out |    8|    m_axi   |     gmem1    |    pointer   |
|m_axi_gmem1_ARSIZE     | out |    3|    m_axi   |     gmem1    |    pointer   |
|m_axi_gmem1_ARBURST    | out |    2|    m_axi   |     gmem1    |    pointer   |
|m_axi_gmem1_ARLOCK     | out |    2|    m_axi   |     gmem1    |    pointer   |
|m_axi_gmem1_ARCACHE    | out |    4|    m_axi   |     gmem1    |    pointer   |
|m_axi_gmem1_ARPROT     | out |    3|    m_axi   |     gmem1    |    pointer   |
|m_axi_gmem1_ARQOS      | out |    4|    m_axi   |     gmem1    |    pointer   |
|m_axi_gmem1_ARREGION   | out |    4|    m_axi   |     gmem1    |    pointer   |
|m_axi_gmem1_ARUSER     | out |    1|    m_axi   |     gmem1    |    pointer   |
|m_axi_gmem1_RVALID     |  in |    1|    m_axi   |     gmem1    |    pointer   |
|m_axi_gmem1_RREADY     | out |    1|    m_axi   |     gmem1    |    pointer   |
|m_axi_gmem1_RDATA      |  in |   32|    m_axi   |     gmem1    |    pointer   |
|m_axi_gmem1_RLAST      |  in |    1|    m_axi   |     gmem1    |    pointer   |
|m_axi_gmem1_RID        |  in |    1|    m_axi   |     gmem1    |    pointer   |
|m_axi_gmem1_RUSER      |  in |    1|    m_axi   |     gmem1    |    pointer   |
|m_axi_gmem1_RRESP      |  in |    2|    m_axi   |     gmem1    |    pointer   |
|m_axi_gmem1_BVALID     |  in |    1|    m_axi   |     gmem1    |    pointer   |
|m_axi_gmem1_BREADY     | out |    1|    m_axi   |     gmem1    |    pointer   |
|m_axi_gmem1_BRESP      |  in |    2|    m_axi   |     gmem1    |    pointer   |
|m_axi_gmem1_BID        |  in |    1|    m_axi   |     gmem1    |    pointer   |
|m_axi_gmem1_BUSER      |  in |    1|    m_axi   |     gmem1    |    pointer   |
+-----------------------+-----+-----+------------+--------------+--------------+

